MPLINK 4.38, Linker
Linker Map File - Created Tue Feb  1 10:49:51 2011

                                 Section Info
                  Section       Type    Address   Location Size(Bytes)
                ---------  ---------  ---------  ---------  ---------
               _entry_scn       code   0x000000    program   0x000006
    HIGH_INTERRUPT_VECTOR       code   0x000008    program   0x000006
     LOW_INTERRUPT_VECTOR       code   0x000018    program   0x000006
    REMAPPED_RESET_VECTOR       code   0x001000    program   0x000006
REMAPPED_HIGH_INTERRUPT_VECTOR       code   0x001008    program   0x000006
REMAPPED_LOW_INTERRUPT_VECTOR       code   0x001018    program   0x000006
                   .cinit    romdata   0x00102a    program   0x00000e
       .code_usb_device.o       code   0x001038    program   0x0012a2
            .code_mouse.o       code   0x0022da    program   0x000354
 .code_usb_function_hid.o       code   0x00262e    program   0x0000de
.romdata_usb_descriptors.o    romdata   0x00270c    program   0x0000d4
               _cinit_scn       code   0x0027e0    program   0x00009e
                   STRING       code   0x00287e    program   0x000034
                    .code       code   0x0028b2    program   0x000020
             _startup_scn       code   0x0028d2    program   0x00001c
         .romdata_mouse.o    romdata   0x0028ee    program   0x000008
           .code___init.o       code   0x0028f6    program   0x000002
    .idata_usb_device.o_i    romdata   0x0028f8    program   0x000000
    .romdata_usb_device.o    romdata   0x0028f8    program   0x000000
.idata_usb_function_hid.o_i    romdata   0x0028f8    program   0x000000
.romdata_usb_function_hid.o    romdata   0x0028f8    program   0x000000
        .romdata___init.o    romdata   0x0028f8    program   0x000000
         .romdata_c018i.o    romdata   0x0028f8    program   0x000000
         .idata_mouse.o_i    romdata   0x0028f8    program   0x000004
.idata_usb_descriptors.o_i    romdata   0x0028f8    program   0x000000
        .idata___init.o_i    romdata   0x0028fc    program   0x000000
  .code_usb_descriptors.o       code   0x0028fc    program   0x000000
            .code_c018i.o       code   0x0028fc    program   0x000000
         .idata_c018i.o_i    romdata   0x0028fc    program   0x000000
   .config_300000_mouse.o    romdata   0x300000    program   0x000001
   .config_300001_mouse.o    romdata   0x300001    program   0x000001
   .config_300002_mouse.o    romdata   0x300002    program   0x000001
   .config_300003_mouse.o    romdata   0x300003    program   0x000001
   .config_300005_mouse.o    romdata   0x300005    program   0x000001
   .config_300006_mouse.o    romdata   0x300006    program   0x000001
   .config_300008_mouse.o    romdata   0x300008    program   0x000001
   .config_300009_mouse.o    romdata   0x300009    program   0x000001
   .config_30000a_mouse.o    romdata   0x30000a    program   0x000001
   .config_30000b_mouse.o    romdata   0x30000b    program   0x000001
   .config_30000c_mouse.o    romdata   0x30000c    program   0x000001
   .config_30000d_mouse.o    romdata   0x30000d    program   0x000001
                MATH_DATA      udata   0x000000       data   0x00000b
                 .tmpdata      udata   0x00000b       data   0x000003
      .udata_usb_device.o      udata   0x000060       data   0x00002e
           .udata_mouse.o      udata   0x00008e       data   0x00000b
           .udata_c018i.o      udata   0x000099       data   0x00000a
           .idata_mouse.o      idata   0x0000a3       data   0x000004
.udata_usb_function_hid.o      udata   0x0000a7       data   0x000002
           .idata_c018i.o      idata   0x0000a9       data   0x000000
 .udata_usb_descriptors.o      udata   0x0000a9       data   0x000000
 .idata_usb_descriptors.o      idata   0x0000a9       data   0x000000
      .idata_usb_device.o      idata   0x0000a9       data   0x000000
.idata_usb_function_hid.o      idata   0x0000a9       data   0x000000
          .udata___init.o      udata   0x0000a9       data   0x000000
          .idata___init.o      idata   0x0000a9       data   0x000000
                   .stack      udata   0x000300       data   0x000100
                  USB_BDT      udata   0x000400       data   0x000036
            SFR_UNBANKED0      udata   0x000f62       data   0x00009e



                              Program Memory Usage 
                               Start         End      
                           ---------   ---------      
                            0x000000    0x000005      
                            0x000008    0x00000d      
                            0x000018    0x00001d      
                            0x001000    0x001005      
                            0x001008    0x00100d      
                            0x001018    0x00101d      
                            0x00102a    0x0028fb      
                            0x300000    0x300003      
                            0x300005    0x300006      
                            0x300008    0x30000d      
            6402 out of 33048 program addresses used, program memory utilization is 19%



                              Symbols - Sorted by Name
                     Name    Address   Location    Storage File                     
                ---------  ---------  ---------  --------- ---------                
           BlinkUSBStatus   0x0024a0    program     extern C:\Microchip Solutions v2010-10-19\USB Device - HID - Mouse\HID - Mouse - Firmware\mouse.c
            Emulate_Mouse   0x002394    program     extern C:\Microchip Solutions v2010-10-19\USB Device - HID - Mouse\HID - Mouse - Firmware\mouse.c
                 High_ISR   0x000008    program     extern C:\Microchip Solutions v2010-10-19\USB Device - HID - Mouse\HID - Mouse - Firmware\mouse.c
         InitializeSystem   0x00231e    program     static C:\Microchip Solutions v2010-10-19\USB Device - HID - Mouse\HID - Mouse - Firmware\mouse.c
                  Low_ISR   0x000018    program     extern C:\Microchip Solutions v2010-10-19\USB Device - HID - Mouse\HID - Mouse - Firmware\mouse.c
                ProcessIO   0x00235c    program     extern C:\Microchip Solutions v2010-10-19\USB Device - HID - Mouse\HID - Mouse - Firmware\mouse.c
        Remapped_High_ISR   0x001008    program     extern C:\Microchip Solutions v2010-10-19\USB Device - HID - Mouse\HID - Mouse - Firmware\mouse.c
         Remapped_Low_ISR   0x001018    program     extern C:\Microchip Solutions v2010-10-19\USB Device - HID - Mouse\HID - Mouse - Firmware\mouse.c
         Switch2IsPressed   0x002454    program     extern C:\Microchip Solutions v2010-10-19\USB Device - HID - Mouse\HID - Mouse - Firmware\mouse.c
         Switch3IsPressed   0x00247a    program     extern C:\Microchip Solutions v2010-10-19\USB Device - HID - Mouse\HID - Mouse - Firmware\mouse.c
       USBCBCheckOtherReq   0x002534    program     extern C:\Microchip Solutions v2010-10-19\USB Device - HID - Mouse\HID - Mouse - Firmware\mouse.c
        USBCBErrorHandler   0x002532    program     extern C:\Microchip Solutions v2010-10-19\USB Device - HID - Mouse\HID - Mouse - Firmware\mouse.c
              USBCBInitEP   0x00253a    program     extern C:\Microchip Solutions v2010-10-19\USB Device - HID - Mouse\HID - Mouse - Firmware\mouse.c
          USBCBSendResume   0x00254c    program     extern C:\Microchip Solutions v2010-10-19\USB Device - HID - Mouse\HID - Mouse - Firmware\mouse.c
    USBCBStdSetDscHandler   0x002538    program     extern C:\Microchip Solutions v2010-10-19\USB Device - HID - Mouse\HID - Mouse - Firmware\mouse.c
             USBCBSuspend   0x00252c    program     extern C:\Microchip Solutions v2010-10-19\USB Device - HID - Mouse\HID - Mouse - Firmware\mouse.c
     USBCBWakeFromSuspend   0x00252e    program     extern C:\Microchip Solutions v2010-10-19\USB Device - HID - Mouse\HID - Mouse - Firmware\mouse.c
        USBCB_SOF_Handler   0x002530    program     extern C:\Microchip Solutions v2010-10-19\USB Device - HID - Mouse\HID - Mouse - Firmware\mouse.c
              USBCancelIO   0x00222a    program     extern C:\Microchip Solutions v2010-10-19\Microchip\USB\usb_device.c
       USBCheckHIDRequest   0x00262e    program     extern C:\Microchip Solutions v2010-10-19\Microchip\USB\HID Device Driver\usb_function_hid.c
       USBCheckStdRequest   0x0015a2    program     static C:\Microchip Solutions v2010-10-19\Microchip\USB\usb_device.c
     USBConfigureEndpoint   0x001f1c    program     static C:\Microchip Solutions v2010-10-19\Microchip\USB\usb_device.c
  USBCtrlEPAllowDataStage   0x001980    program     extern C:\Microchip Solutions v2010-10-19\Microchip\USB\usb_device.c
USBCtrlEPAllowStatusStage   0x0018de    program     extern C:\Microchip Solutions v2010-10-19\Microchip\USB\usb_device.c
         USBCtrlEPService   0x001374    program     static C:\Microchip Solutions v2010-10-19\Microchip\USB\usb_device.c
 USBCtrlEPServiceComplete   0x001b82    program     static C:\Microchip Solutions v2010-10-19\Microchip\USB\usb_device.c
      USBCtrlTrfInHandler   0x0014ee    program     static C:\Microchip Solutions v2010-10-19\Microchip\USB\usb_device.c
     USBCtrlTrfOutHandler   0x0014a2    program     static C:\Microchip Solutions v2010-10-19\Microchip\USB\usb_device.c
      USBCtrlTrfRxService   0x001d08    program     static C:\Microchip Solutions v2010-10-19\Microchip\USB\usb_device.c
   USBCtrlTrfSetupHandler   0x001444    program     static C:\Microchip Solutions v2010-10-19\Microchip\USB\usb_device.c
      USBCtrlTrfTxService   0x001c44    program     static C:\Microchip Solutions v2010-10-19\Microchip\USB\usb_device.c
            USBDeviceInit   0x001038    program     extern C:\Microchip Solutions v2010-10-19\Microchip\USB\usb_device.c
           USBDeviceTasks   0x001150    program     extern C:\Microchip Solutions v2010-10-19\Microchip\USB\usb_device.c
        USBEnableEndpoint   0x001fd6    program     extern C:\Microchip Solutions v2010-10-19\Microchip\USB\usb_device.c
         USBStallEndpoint   0x002044    program     extern C:\Microchip Solutions v2010-10-19\Microchip\USB\usb_device.c
          USBStallHandler   0x0012ea    program     static C:\Microchip Solutions v2010-10-19\Microchip\USB\usb_device.c
  USBStdFeatureReqHandler   0x00166c    program     static C:\Microchip Solutions v2010-10-19\Microchip\USB\usb_device.c
      USBStdGetDscHandler   0x001a00    program     static C:\Microchip Solutions v2010-10-19\Microchip\USB\usb_device.c
   USBStdGetStatusHandler   0x001ac0    program     static C:\Microchip Solutions v2010-10-19\Microchip\USB\usb_device.c
      USBStdSetCfgHandler   0x001e48    program     static C:\Microchip Solutions v2010-10-19\Microchip\USB\usb_device.c
               USBSuspend   0x00131c    program     static C:\Microchip Solutions v2010-10-19\Microchip\USB\usb_device.c
     USBTransferOnePacket   0x002124    program     extern C:\Microchip Solutions v2010-10-19\Microchip\USB\usb_device.c
       USBWakeFromSuspend   0x001346    program     static C:\Microchip Solutions v2010-10-19\Microchip\USB\usb_device.c
               USB_CD_Ptr   0x0027d8    program     extern C:\Microchip Solutions v2010-10-19\USB Device - HID - Mouse\HID - Mouse - Firmware\usb_descriptors.c
               USB_SD_Ptr   0x0027da    program     extern C:\Microchip Solutions v2010-10-19\USB Device - HID - Mouse\HID - Mouse - Firmware\usb_descriptors.c
USER_USB_CALLBACK_EVENT_HANDLER   0x002590    program     extern C:\Microchip Solutions v2010-10-19\USB Device - HID - Mouse\HID - Mouse - Firmware\mouse.c
                 UserInit   0x002328    program     extern C:\Microchip Solutions v2010-10-19\USB Device - HID - Mouse\HID - Mouse - Firmware\mouse.c
  YourHighPriorityISRCode   0x0022da    program     extern C:\Microchip Solutions v2010-10-19\USB Device - HID - Mouse\HID - Mouse - Firmware\mouse.c
   YourLowPriorityISRCode   0x0022ec    program     extern C:\Microchip Solutions v2010-10-19\USB Device - HID - Mouse\HID - Mouse - Firmware\mouse.c
              _2jContinue   0x00289e    program     static C:\Program Files\Microchip\mplabc18\v3.37\src\traditional\stdclib\memset.asm
                   _3jEnd   0x0028a8    program     static C:\Program Files\Microchip\mplabc18\v3.37\src\traditional\stdclib\memset.asm
       ___return_lbl00000   0x000004    program     static                          
       ___return_lbl00000   0x001004    program     static                          
       ___return_lbl00001   0x0028ec    program     static                          
       ___return_lbl00001   0x00100c    program     static                          
       ___return_lbl00002   0x00287c    program     static                          
       ___return_lbl00002   0x00101c    program     static                          
       ___return_lbl00003   0x00000c    program     static                          
       ___return_lbl00004   0x00001c    program     static                          
               __config_0   0x300000    program     static C:\Microchip Solutions v2010-10-19\USB Device - HID - Mouse\HID - Mouse - Firmware\mouse.c
               __config_1   0x300001    program     static C:\Microchip Solutions v2010-10-19\USB Device - HID - Mouse\HID - Mouse - Firmware\mouse.c
              __config_10   0x30000c    program     static C:\Microchip Solutions v2010-10-19\USB Device - HID - Mouse\HID - Mouse - Firmware\mouse.c
              __config_11   0x30000d    program     static C:\Microchip Solutions v2010-10-19\USB Device - HID - Mouse\HID - Mouse - Firmware\mouse.c
               __config_2   0x300002    program     static C:\Microchip Solutions v2010-10-19\USB Device - HID - Mouse\HID - Mouse - Firmware\mouse.c
               __config_3   0x300003    program     static C:\Microchip Solutions v2010-10-19\USB Device - HID - Mouse\HID - Mouse - Firmware\mouse.c
               __config_4   0x300005    program     static C:\Microchip Solutions v2010-10-19\USB Device - HID - Mouse\HID - Mouse - Firmware\mouse.c
               __config_5   0x300006    program     static C:\Microchip Solutions v2010-10-19\USB Device - HID - Mouse\HID - Mouse - Firmware\mouse.c
               __config_6   0x300008    program     static C:\Microchip Solutions v2010-10-19\USB Device - HID - Mouse\HID - Mouse - Firmware\mouse.c
               __config_7   0x300009    program     static C:\Microchip Solutions v2010-10-19\USB Device - HID - Mouse\HID - Mouse - Firmware\mouse.c
               __config_8   0x30000a    program     static C:\Microchip Solutions v2010-10-19\USB Device - HID - Mouse\HID - Mouse - Firmware\mouse.c
               __config_9   0x30000b    program     static C:\Microchip Solutions v2010-10-19\USB Device - HID - Mouse\HID - Mouse - Firmware\mouse.c
                   __init   0x0028f6    program     extern C:\Program Files\Microchip\mplabc18\v3.37\src\traditional\stdclib\__init.c
            __zero_memory   0x0028b2    program     extern C:\Program Files\Microchip\mplabc18\v3.37\src\traditional\proc\p18F4550.asm
                _do_cinit   0x0027e0    program     extern C:\Program Files\Microchip\mplabc18\v3.37\src\traditional\startup\c018i.c
                   _entry   0x000000    program     extern C:\Program Files\Microchip\mplabc18\v3.37\src\traditional\startup\c018i.c
                   _reset   0x001000    program     extern C:\Microchip Solutions v2010-10-19\USB Device - HID - Mouse\HID - Mouse - Firmware\mouse.c
                 _startup   0x0028d2    program     extern C:\Program Files\Microchip\mplabc18\v3.37\src\traditional\startup\c018i.c
                compare_l   0x0028c8    program     static C:\Program Files\Microchip\mplabc18\v3.37\src\traditional\proc\p18F4550.asm
        configDescriptor1   0x00271e    program     extern C:\Microchip Solutions v2010-10-19\USB Device - HID - Mouse\HID - Mouse - Firmware\usb_descriptors.c
                copy_loop   0x002852    program     static                          
            copy_one_byte   0x002858    program     static                          
               device_dsc   0x00270c    program     extern C:\Microchip Solutions v2010-10-19\USB Device - HID - Mouse\HID - Mouse - Firmware\usb_descriptors.c
                dir_table   0x0028ee    program     extern C:\Microchip Solutions v2010-10-19\USB Device - HID - Mouse\HID - Mouse - Firmware\mouse.c
                     done   0x00287c    program     static                          
             done_copying   0x002866    program     static                          
                hid_rpt01   0x0027a6    program     extern C:\Microchip Solutions v2010-10-19\USB Device - HID - Mouse\HID - Mouse - Firmware\usb_descriptors.c
                     jEnd   0x0028b0    program     static C:\Program Files\Microchip\mplabc18\v3.37\src\traditional\stdclib\memset.asm
                    jLoop   0x002892    program     static C:\Program Files\Microchip\mplabc18\v3.37\src\traditional\stdclib\memset.asm
                     loop   0x0028e2    program     static                          
                   loop_h   0x0028c0    program     static C:\Program Files\Microchip\mplabc18\v3.37\src\traditional\proc\p18F4550.asm
                   loop_l   0x0028ca    program     static C:\Program Files\Microchip\mplabc18\v3.37\src\traditional\proc\p18F4550.asm
                     main   0x002312    program     extern C:\Microchip Solutions v2010-10-19\USB Device - HID - Mouse\HID - Mouse - Firmware\mouse.c
                   memset   0x00287e    program     extern C:\Program Files\Microchip\mplabc18\v3.37\src\traditional\stdclib\memset.asm
                    sd000   0x002740    program     extern C:\Microchip Solutions v2010-10-19\USB Device - HID - Mouse\HID - Mouse - Firmware\usb_descriptors.c
                    sd001   0x002744    program     extern C:\Microchip Solutions v2010-10-19\USB Device - HID - Mouse\HID - Mouse - Firmware\usb_descriptors.c
                    sd002   0x002778    program     extern C:\Microchip Solutions v2010-10-19\USB Device - HID - Mouse\HID - Mouse - Firmware\usb_descriptors.c
                     test   0x0027fa    program     static                          
               zero_block   0x0028c0    program     static C:\Program Files\Microchip\mplabc18\v3.37\src\traditional\proc\p18F4550.asm
                   ADCON0   0x000fc2       data     extern C:\Program Files\Microchip\mplabc18\v3.37\src\traditional\proc\p18F4550.asm
               ADCON0bits   0x000fc2       data     extern C:\Program Files\Microchip\mplabc18\v3.37\src\traditional\proc\p18F4550.asm
                   ADCON1   0x000fc1       data     extern C:\Program Files\Microchip\mplabc18\v3.37\src\traditional\proc\p18F4550.asm
               ADCON1bits   0x000fc1       data     extern C:\Program Files\Microchip\mplabc18\v3.37\src\traditional\proc\p18F4550.asm
                   ADCON2   0x000fc0       data     extern C:\Program Files\Microchip\mplabc18\v3.37\src\traditional\proc\p18F4550.asm
               ADCON2bits   0x000fc0       data     extern C:\Program Files\Microchip\mplabc18\v3.37\src\traditional\proc\p18F4550.asm
                    ADRES   0x000fc3       data     extern C:\Program Files\Microchip\mplabc18\v3.37\src\traditional\proc\p18F4550.asm
                   ADRESH   0x000fc4       data     extern C:\Program Files\Microchip\mplabc18\v3.37\src\traditional\proc\p18F4550.asm
                   ADRESL   0x000fc3       data     extern C:\Program Files\Microchip\mplabc18\v3.37\src\traditional\proc\p18F4550.asm
                  BAUDCON   0x000fb8       data     extern C:\Program Files\Microchip\mplabc18\v3.37\src\traditional\proc\p18F4550.asm
              BAUDCONbits   0x000fb8       data     extern C:\Program Files\Microchip\mplabc18\v3.37\src\traditional\proc\p18F4550.asm
                  BAUDCTL   0x000fb8       data     extern C:\Program Files\Microchip\mplabc18\v3.37\src\traditional\proc\p18F4550.asm
              BAUDCTLbits   0x000fb8       data     extern C:\Program Files\Microchip\mplabc18\v3.37\src\traditional\proc\p18F4550.asm
                      BDT   0x000400       data     extern C:\Microchip Solutions v2010-10-19\Microchip\USB\usb_device.c
                      BSR   0x000fe0       data     extern C:\Program Files\Microchip\mplabc18\v3.37\src\traditional\proc\p18F4550.asm
       BothEP0OutUOWNsSet   0x000083       data     extern C:\Microchip Solutions v2010-10-19\Microchip\USB\usb_device.c
                   CCP1AS   0x000fb6       data     extern C:\Program Files\Microchip\mplabc18\v3.37\src\traditional\proc\p18F4550.asm
               CCP1ASbits   0x000fb6       data     extern C:\Program Files\Microchip\mplabc18\v3.37\src\traditional\proc\p18F4550.asm
                  CCP1CON   0x000fbd       data     extern C:\Program Files\Microchip\mplabc18\v3.37\src\traditional\proc\p18F4550.asm
              CCP1CONbits   0x000fbd       data     extern C:\Program Files\Microchip\mplabc18\v3.37\src\traditional\proc\p18F4550.asm
                  CCP1DEL   0x000fb7       data     extern C:\Program Files\Microchip\mplabc18\v3.37\src\traditional\proc\p18F4550.asm
              CCP1DELbits   0x000fb7       data     extern C:\Program Files\Microchip\mplabc18\v3.37\src\traditional\proc\p18F4550.asm
                  CCP2CON   0x000fba       data     extern C:\Program Files\Microchip\mplabc18\v3.37\src\traditional\proc\p18F4550.asm
              CCP2CONbits   0x000fba       data     extern C:\Program Files\Microchip\mplabc18\v3.37\src\traditional\proc\p18F4550.asm
                    CCPR1   0x000fbe       data     extern C:\Program Files\Microchip\mplabc18\v3.37\src\traditional\proc\p18F4550.asm
                   CCPR1H   0x000fbf       data     extern C:\Program Files\Microchip\mplabc18\v3.37\src\traditional\proc\p18F4550.asm
                   CCPR1L   0x000fbe       data     extern C:\Program Files\Microchip\mplabc18\v3.37\src\traditional\proc\p18F4550.asm
                    CCPR2   0x000fbb       data     extern C:\Program Files\Microchip\mplabc18\v3.37\src\traditional\proc\p18F4550.asm
                   CCPR2H   0x000fbc       data     extern C:\Program Files\Microchip\mplabc18\v3.37\src\traditional\proc\p18F4550.asm
                   CCPR2L   0x000fbb       data     extern C:\Program Files\Microchip\mplabc18\v3.37\src\traditional\proc\p18F4550.asm
                    CMCON   0x000fb4       data     extern C:\Program Files\Microchip\mplabc18\v3.37\src\traditional\proc\p18F4550.asm
                CMCONbits   0x000fb4       data     extern C:\Program Files\Microchip\mplabc18\v3.37\src\traditional\proc\p18F4550.asm
                   CVRCON   0x000fb5       data     extern C:\Program Files\Microchip\mplabc18\v3.37\src\traditional\proc\p18F4550.asm
               CVRCONbits   0x000fb5       data     extern C:\Program Files\Microchip\mplabc18\v3.37\src\traditional\proc\p18F4550.asm
              CtrlTrfData   0x000428       data     extern C:\Microchip Solutions v2010-10-19\Microchip\USB\usb_device.c
                     DDRA   0x000f92       data     extern C:\Program Files\Microchip\mplabc18\v3.37\src\traditional\proc\p18F4550.asm
                 DDRAbits   0x000f92       data     extern C:\Program Files\Microchip\mplabc18\v3.37\src\traditional\proc\p18F4550.asm
                     DDRB   0x000f93       data     extern C:\Program Files\Microchip\mplabc18\v3.37\src\traditional\proc\p18F4550.asm
                 DDRBbits   0x000f93       data     extern C:\Program Files\Microchip\mplabc18\v3.37\src\traditional\proc\p18F4550.asm
                     DDRC   0x000f94       data     extern C:\Program Files\Microchip\mplabc18\v3.37\src\traditional\proc\p18F4550.asm
                 DDRCbits   0x000f94       data     extern C:\Program Files\Microchip\mplabc18\v3.37\src\traditional\proc\p18F4550.asm
                     DDRD   0x000f95       data     extern C:\Program Files\Microchip\mplabc18\v3.37\src\traditional\proc\p18F4550.asm
                 DDRDbits   0x000f95       data     extern C:\Program Files\Microchip\mplabc18\v3.37\src\traditional\proc\p18F4550.asm
                     DDRE   0x000f96       data     extern C:\Program Files\Microchip\mplabc18\v3.37\src\traditional\proc\p18F4550.asm
                 DDREbits   0x000f96       data     extern C:\Program Files\Microchip\mplabc18\v3.37\src\traditional\proc\p18F4550.asm
                  ECCP1AS   0x000fb6       data     extern C:\Program Files\Microchip\mplabc18\v3.37\src\traditional\proc\p18F4550.asm
              ECCP1ASbits   0x000fb6       data     extern C:\Program Files\Microchip\mplabc18\v3.37\src\traditional\proc\p18F4550.asm
                 ECCP1CON   0x000fbd       data     extern C:\Program Files\Microchip\mplabc18\v3.37\src\traditional\proc\p18F4550.asm
             ECCP1CONbits   0x000fbd       data     extern C:\Program Files\Microchip\mplabc18\v3.37\src\traditional\proc\p18F4550.asm
                 ECCP1DEL   0x000fb7       data     extern C:\Program Files\Microchip\mplabc18\v3.37\src\traditional\proc\p18F4550.asm
             ECCP1DELbits   0x000fb7       data     extern C:\Program Files\Microchip\mplabc18\v3.37\src\traditional\proc\p18F4550.asm
                    EEADR   0x000fa9       data     extern C:\Program Files\Microchip\mplabc18\v3.37\src\traditional\proc\p18F4550.asm
                   EECON1   0x000fa6       data     extern C:\Program Files\Microchip\mplabc18\v3.37\src\traditional\proc\p18F4550.asm
               EECON1bits   0x000fa6       data     extern C:\Program Files\Microchip\mplabc18\v3.37\src\traditional\proc\p18F4550.asm
                   EECON2   0x000fa7       data     extern C:\Program Files\Microchip\mplabc18\v3.37\src\traditional\proc\p18F4550.asm
                   EEDATA   0x000fa8       data     extern C:\Program Files\Microchip\mplabc18\v3.37\src\traditional\proc\p18F4550.asm
                     FSR0   0x000fe9       data     extern C:\Program Files\Microchip\mplabc18\v3.37\src\traditional\proc\p18F4550.asm
                    FSR0H   0x000fea       data     extern C:\Program Files\Microchip\mplabc18\v3.37\src\traditional\proc\p18F4550.asm
                    FSR0L   0x000fe9       data     extern C:\Program Files\Microchip\mplabc18\v3.37\src\traditional\proc\p18F4550.asm
                     FSR1   0x000fe1       data     extern C:\Program Files\Microchip\mplabc18\v3.37\src\traditional\proc\p18F4550.asm
                    FSR1H   0x000fe2       data     extern C:\Program Files\Microchip\mplabc18\v3.37\src\traditional\proc\p18F4550.asm
                    FSR1L   0x000fe1       data     extern C:\Program Files\Microchip\mplabc18\v3.37\src\traditional\proc\p18F4550.asm
                     FSR2   0x000fd9       data     extern C:\Program Files\Microchip\mplabc18\v3.37\src\traditional\proc\p18F4550.asm
                    FSR2H   0x000fda       data     extern C:\Program Files\Microchip\mplabc18\v3.37\src\traditional\proc\p18F4550.asm
                    FSR2L   0x000fd9       data     extern C:\Program Files\Microchip\mplabc18\v3.37\src\traditional\proc\p18F4550.asm
                  HLVDCON   0x000fd2       data     extern C:\Program Files\Microchip\mplabc18\v3.37\src\traditional\proc\p18F4550.asm
              HLVDCONbits   0x000fd2       data     extern C:\Program Files\Microchip\mplabc18\v3.37\src\traditional\proc\p18F4550.asm
                    INDF0   0x000fef       data     extern C:\Program Files\Microchip\mplabc18\v3.37\src\traditional\proc\p18F4550.asm
                    INDF1   0x000fe7       data     extern C:\Program Files\Microchip\mplabc18\v3.37\src\traditional\proc\p18F4550.asm
                    INDF2   0x000fdf       data     extern C:\Program Files\Microchip\mplabc18\v3.37\src\traditional\proc\p18F4550.asm
                   INTCON   0x000ff2       data     extern C:\Program Files\Microchip\mplabc18\v3.37\src\traditional\proc\p18F4550.asm
                  INTCON2   0x000ff1       data     extern C:\Program Files\Microchip\mplabc18\v3.37\src\traditional\proc\p18F4550.asm
              INTCON2bits   0x000ff1       data     extern C:\Program Files\Microchip\mplabc18\v3.37\src\traditional\proc\p18F4550.asm
                  INTCON3   0x000ff0       data     extern C:\Program Files\Microchip\mplabc18\v3.37\src\traditional\proc\p18F4550.asm
              INTCON3bits   0x000ff0       data     extern C:\Program Files\Microchip\mplabc18\v3.37\src\traditional\proc\p18F4550.asm
               INTCONbits   0x000ff2       data     extern C:\Program Files\Microchip\mplabc18\v3.37\src\traditional\proc\p18F4550.asm
                     IPR1   0x000f9f       data     extern C:\Program Files\Microchip\mplabc18\v3.37\src\traditional\proc\p18F4550.asm
                 IPR1bits   0x000f9f       data     extern C:\Program Files\Microchip\mplabc18\v3.37\src\traditional\proc\p18F4550.asm
                     IPR2   0x000fa2       data     extern C:\Program Files\Microchip\mplabc18\v3.37\src\traditional\proc\p18F4550.asm
                 IPR2bits   0x000fa2       data     extern C:\Program Files\Microchip\mplabc18\v3.37\src\traditional\proc\p18F4550.asm
                     LATA   0x000f89       data     extern C:\Program Files\Microchip\mplabc18\v3.37\src\traditional\proc\p18F4550.asm
                 LATAbits   0x000f89       data     extern C:\Program Files\Microchip\mplabc18\v3.37\src\traditional\proc\p18F4550.asm
                     LATB   0x000f8a       data     extern C:\Program Files\Microchip\mplabc18\v3.37\src\traditional\proc\p18F4550.asm
                 LATBbits   0x000f8a       data     extern C:\Program Files\Microchip\mplabc18\v3.37\src\traditional\proc\p18F4550.asm
                     LATC   0x000f8b       data     extern C:\Program Files\Microchip\mplabc18\v3.37\src\traditional\proc\p18F4550.asm
                 LATCbits   0x000f8b       data     extern C:\Program Files\Microchip\mplabc18\v3.37\src\traditional\proc\p18F4550.asm
                     LATD   0x000f8c       data     extern C:\Program Files\Microchip\mplabc18\v3.37\src\traditional\proc\p18F4550.asm
                 LATDbits   0x000f8c       data     extern C:\Program Files\Microchip\mplabc18\v3.37\src\traditional\proc\p18F4550.asm
                     LATE   0x000f8d       data     extern C:\Program Files\Microchip\mplabc18\v3.37\src\traditional\proc\p18F4550.asm
                 LATEbits   0x000f8d       data     extern C:\Program Files\Microchip\mplabc18\v3.37\src\traditional\proc\p18F4550.asm
                   LVDCON   0x000fd2       data     extern C:\Program Files\Microchip\mplabc18\v3.37\src\traditional\proc\p18F4550.asm
               LVDCONbits   0x000fd2       data     extern C:\Program Files\Microchip\mplabc18\v3.37\src\traditional\proc\p18F4550.asm
                   OSCCON   0x000fd3       data     extern C:\Program Files\Microchip\mplabc18\v3.37\src\traditional\proc\p18F4550.asm
               OSCCONbits   0x000fd3       data     extern C:\Program Files\Microchip\mplabc18\v3.37\src\traditional\proc\p18F4550.asm
                  OSCTUNE   0x000f9b       data     extern C:\Program Files\Microchip\mplabc18\v3.37\src\traditional\proc\p18F4550.asm
              OSCTUNEbits   0x000f9b       data     extern C:\Program Files\Microchip\mplabc18\v3.37\src\traditional\proc\p18F4550.asm
                       PC   0x000ff9       data     extern C:\Program Files\Microchip\mplabc18\v3.37\src\traditional\proc\p18F4550.asm
                      PCL   0x000ff9       data     extern C:\Program Files\Microchip\mplabc18\v3.37\src\traditional\proc\p18F4550.asm
                   PCLATH   0x000ffa       data     extern C:\Program Files\Microchip\mplabc18\v3.37\src\traditional\proc\p18F4550.asm
                   PCLATU   0x000ffb       data     extern C:\Program Files\Microchip\mplabc18\v3.37\src\traditional\proc\p18F4550.asm
                     PIE1   0x000f9d       data     extern C:\Program Files\Microchip\mplabc18\v3.37\src\traditional\proc\p18F4550.asm
                 PIE1bits   0x000f9d       data     extern C:\Program Files\Microchip\mplabc18\v3.37\src\traditional\proc\p18F4550.asm
                     PIE2   0x000fa0       data     extern C:\Program Files\Microchip\mplabc18\v3.37\src\traditional\proc\p18F4550.asm
                 PIE2bits   0x000fa0       data     extern C:\Program Files\Microchip\mplabc18\v3.37\src\traditional\proc\p18F4550.asm
                     PIR1   0x000f9e       data     extern C:\Program Files\Microchip\mplabc18\v3.37\src\traditional\proc\p18F4550.asm
                 PIR1bits   0x000f9e       data     extern C:\Program Files\Microchip\mplabc18\v3.37\src\traditional\proc\p18F4550.asm
                     PIR2   0x000fa1       data     extern C:\Program Files\Microchip\mplabc18\v3.37\src\traditional\proc\p18F4550.asm
                 PIR2bits   0x000fa1       data     extern C:\Program Files\Microchip\mplabc18\v3.37\src\traditional\proc\p18F4550.asm
                   PLUSW0   0x000feb       data     extern C:\Program Files\Microchip\mplabc18\v3.37\src\traditional\proc\p18F4550.asm
                   PLUSW1   0x000fe3       data     extern C:\Program Files\Microchip\mplabc18\v3.37\src\traditional\proc\p18F4550.asm
                   PLUSW2   0x000fdb       data     extern C:\Program Files\Microchip\mplabc18\v3.37\src\traditional\proc\p18F4550.asm
                    PORTA   0x000f80       data     extern C:\Program Files\Microchip\mplabc18\v3.37\src\traditional\proc\p18F4550.asm
                PORTAbits   0x000f80       data     extern C:\Program Files\Microchip\mplabc18\v3.37\src\traditional\proc\p18F4550.asm
                    PORTB   0x000f81       data     extern C:\Program Files\Microchip\mplabc18\v3.37\src\traditional\proc\p18F4550.asm
                PORTBbits   0x000f81       data     extern C:\Program Files\Microchip\mplabc18\v3.37\src\traditional\proc\p18F4550.asm
                    PORTC   0x000f82       data     extern C:\Program Files\Microchip\mplabc18\v3.37\src\traditional\proc\p18F4550.asm
                PORTCbits   0x000f82       data     extern C:\Program Files\Microchip\mplabc18\v3.37\src\traditional\proc\p18F4550.asm
                    PORTD   0x000f83       data     extern C:\Program Files\Microchip\mplabc18\v3.37\src\traditional\proc\p18F4550.asm
                PORTDbits   0x000f83       data     extern C:\Program Files\Microchip\mplabc18\v3.37\src\traditional\proc\p18F4550.asm
                    PORTE   0x000f84       data     extern C:\Program Files\Microchip\mplabc18\v3.37\src\traditional\proc\p18F4550.asm
                PORTEbits   0x000f84       data     extern C:\Program Files\Microchip\mplabc18\v3.37\src\traditional\proc\p18F4550.asm
                 POSTDEC0   0x000fed       data     extern C:\Program Files\Microchip\mplabc18\v3.37\src\traditional\proc\p18F4550.asm
                 POSTDEC1   0x000fe5       data     extern C:\Program Files\Microchip\mplabc18\v3.37\src\traditional\proc\p18F4550.asm
                 POSTDEC2   0x000fdd       data     extern C:\Program Files\Microchip\mplabc18\v3.37\src\traditional\proc\p18F4550.asm
                 POSTINC0   0x000fee       data     extern C:\Program Files\Microchip\mplabc18\v3.37\src\traditional\proc\p18F4550.asm
                 POSTINC1   0x000fe6       data     extern C:\Program Files\Microchip\mplabc18\v3.37\src\traditional\proc\p18F4550.asm
                 POSTINC2   0x000fde       data     extern C:\Program Files\Microchip\mplabc18\v3.37\src\traditional\proc\p18F4550.asm
                      PR2   0x000fcb       data     extern C:\Program Files\Microchip\mplabc18\v3.37\src\traditional\proc\p18F4550.asm
                  PREINC0   0x000fec       data     extern C:\Program Files\Microchip\mplabc18\v3.37\src\traditional\proc\p18F4550.asm
                  PREINC1   0x000fe4       data     extern C:\Program Files\Microchip\mplabc18\v3.37\src\traditional\proc\p18F4550.asm
                  PREINC2   0x000fdc       data     extern C:\Program Files\Microchip\mplabc18\v3.37\src\traditional\proc\p18F4550.asm
                     PROD   0x000ff3       data     extern C:\Program Files\Microchip\mplabc18\v3.37\src\traditional\proc\p18F4550.asm
                    PRODH   0x000ff4       data     extern C:\Program Files\Microchip\mplabc18\v3.37\src\traditional\proc\p18F4550.asm
                    PRODL   0x000ff3       data     extern C:\Program Files\Microchip\mplabc18\v3.37\src\traditional\proc\p18F4550.asm
                     RCON   0x000fd0       data     extern C:\Program Files\Microchip\mplabc18\v3.37\src\traditional\proc\p18F4550.asm
                 RCONbits   0x000fd0       data     extern C:\Program Files\Microchip\mplabc18\v3.37\src\traditional\proc\p18F4550.asm
                    RCREG   0x000fae       data     extern C:\Program Files\Microchip\mplabc18\v3.37\src\traditional\proc\p18F4550.asm
                    RCSTA   0x000fab       data     extern C:\Program Files\Microchip\mplabc18\v3.37\src\traditional\proc\p18F4550.asm
                RCSTAbits   0x000fab       data     extern C:\Program Files\Microchip\mplabc18\v3.37\src\traditional\proc\p18F4550.asm
             RemoteWakeup   0x00007f       data     extern C:\Microchip Solutions v2010-10-19\Microchip\USB\usb_device.c
                     SIGN   0x000009       data     extern C:\Program Files\Microchip\mplabc18\v3.37\src\traditional\math\cmath18.asm
                    SPBRG   0x000faf       data     extern C:\Program Files\Microchip\mplabc18\v3.37\src\traditional\proc\p18F4550.asm
                   SPBRGH   0x000fb0       data     extern C:\Program Files\Microchip\mplabc18\v3.37\src\traditional\proc\p18F4550.asm
                   SPPCFG   0x000f63       data     extern C:\Program Files\Microchip\mplabc18\v3.37\src\traditional\proc\p18F4550.asm
               SPPCFGbits   0x000f63       data     extern C:\Program Files\Microchip\mplabc18\v3.37\src\traditional\proc\p18F4550.asm
                   SPPCON   0x000f65       data     extern C:\Program Files\Microchip\mplabc18\v3.37\src\traditional\proc\p18F4550.asm
               SPPCONbits   0x000f65       data     extern C:\Program Files\Microchip\mplabc18\v3.37\src\traditional\proc\p18F4550.asm
                  SPPDATA   0x000f62       data     extern C:\Program Files\Microchip\mplabc18\v3.37\src\traditional\proc\p18F4550.asm
                   SPPEPS   0x000f64       data     extern C:\Program Files\Microchip\mplabc18\v3.37\src\traditional\proc\p18F4550.asm
               SPPEPSbits   0x000f64       data     extern C:\Program Files\Microchip\mplabc18\v3.37\src\traditional\proc\p18F4550.asm
                   SSPADD   0x000fc8       data     extern C:\Program Files\Microchip\mplabc18\v3.37\src\traditional\proc\p18F4550.asm
                   SSPBUF   0x000fc9       data     extern C:\Program Files\Microchip\mplabc18\v3.37\src\traditional\proc\p18F4550.asm
                  SSPCON1   0x000fc6       data     extern C:\Program Files\Microchip\mplabc18\v3.37\src\traditional\proc\p18F4550.asm
              SSPCON1bits   0x000fc6       data     extern C:\Program Files\Microchip\mplabc18\v3.37\src\traditional\proc\p18F4550.asm
                  SSPCON2   0x000fc5       data     extern C:\Program Files\Microchip\mplabc18\v3.37\src\traditional\proc\p18F4550.asm
              SSPCON2bits   0x000fc5       data     extern C:\Program Files\Microchip\mplabc18\v3.37\src\traditional\proc\p18F4550.asm
                  SSPSTAT   0x000fc7       data     extern C:\Program Files\Microchip\mplabc18\v3.37\src\traditional\proc\p18F4550.asm
              SSPSTATbits   0x000fc7       data     extern C:\Program Files\Microchip\mplabc18\v3.37\src\traditional\proc\p18F4550.asm
                   STATUS   0x000fd8       data     extern C:\Program Files\Microchip\mplabc18\v3.37\src\traditional\proc\p18F4550.asm
               STATUSbits   0x000fd8       data     extern C:\Program Files\Microchip\mplabc18\v3.37\src\traditional\proc\p18F4550.asm
                   STKPTR   0x000ffc       data     extern C:\Program Files\Microchip\mplabc18\v3.37\src\traditional\proc\p18F4550.asm
               STKPTRbits   0x000ffc       data     extern C:\Program Files\Microchip\mplabc18\v3.37\src\traditional\proc\p18F4550.asm
                 SetupPkt   0x000420       data     extern C:\Microchip Solutions v2010-10-19\Microchip\USB\usb_device.c
                    T0CON   0x000fd5       data     extern C:\Program Files\Microchip\mplabc18\v3.37\src\traditional\proc\p18F4550.asm
                T0CONbits   0x000fd5       data     extern C:\Program Files\Microchip\mplabc18\v3.37\src\traditional\proc\p18F4550.asm
                    T1CON   0x000fcd       data     extern C:\Program Files\Microchip\mplabc18\v3.37\src\traditional\proc\p18F4550.asm
                T1CONbits   0x000fcd       data     extern C:\Program Files\Microchip\mplabc18\v3.37\src\traditional\proc\p18F4550.asm
                    T2CON   0x000fca       data     extern C:\Program Files\Microchip\mplabc18\v3.37\src\traditional\proc\p18F4550.asm
                T2CONbits   0x000fca       data     extern C:\Program Files\Microchip\mplabc18\v3.37\src\traditional\proc\p18F4550.asm
                    T3CON   0x000fb1       data     extern C:\Program Files\Microchip\mplabc18\v3.37\src\traditional\proc\p18F4550.asm
                T3CONbits   0x000fb1       data     extern C:\Program Files\Microchip\mplabc18\v3.37\src\traditional\proc\p18F4550.asm
                   TABLAT   0x000ff5       data     extern C:\Program Files\Microchip\mplabc18\v3.37\src\traditional\proc\p18F4550.asm
                   TBLPTR   0x000ff6       data     extern C:\Program Files\Microchip\mplabc18\v3.37\src\traditional\proc\p18F4550.asm
                  TBLPTRH   0x000ff7       data     extern C:\Program Files\Microchip\mplabc18\v3.37\src\traditional\proc\p18F4550.asm
                  TBLPTRL   0x000ff6       data     extern C:\Program Files\Microchip\mplabc18\v3.37\src\traditional\proc\p18F4550.asm
                  TBLPTRU   0x000ff8       data     extern C:\Program Files\Microchip\mplabc18\v3.37\src\traditional\proc\p18F4550.asm
                    TMR0H   0x000fd7       data     extern C:\Program Files\Microchip\mplabc18\v3.37\src\traditional\proc\p18F4550.asm
                    TMR0L   0x000fd6       data     extern C:\Program Files\Microchip\mplabc18\v3.37\src\traditional\proc\p18F4550.asm
                    TMR1H   0x000fcf       data     extern C:\Program Files\Microchip\mplabc18\v3.37\src\traditional\proc\p18F4550.asm
                    TMR1L   0x000fce       data     extern C:\Program Files\Microchip\mplabc18\v3.37\src\traditional\proc\p18F4550.asm
                     TMR2   0x000fcc       data     extern C:\Program Files\Microchip\mplabc18\v3.37\src\traditional\proc\p18F4550.asm
                    TMR3H   0x000fb3       data     extern C:\Program Files\Microchip\mplabc18\v3.37\src\traditional\proc\p18F4550.asm
                    TMR3L   0x000fb2       data     extern C:\Program Files\Microchip\mplabc18\v3.37\src\traditional\proc\p18F4550.asm
                      TOS   0x000ffd       data     extern C:\Program Files\Microchip\mplabc18\v3.37\src\traditional\proc\p18F4550.asm
                     TOSH   0x000ffe       data     extern C:\Program Files\Microchip\mplabc18\v3.37\src\traditional\proc\p18F4550.asm
                     TOSL   0x000ffd       data     extern C:\Program Files\Microchip\mplabc18\v3.37\src\traditional\proc\p18F4550.asm
                     TOSU   0x000fff       data     extern C:\Program Files\Microchip\mplabc18\v3.37\src\traditional\proc\p18F4550.asm
                    TRISA   0x000f92       data     extern C:\Program Files\Microchip\mplabc18\v3.37\src\traditional\proc\p18F4550.asm
                TRISAbits   0x000f92       data     extern C:\Program Files\Microchip\mplabc18\v3.37\src\traditional\proc\p18F4550.asm
                    TRISB   0x000f93       data     extern C:\Program Files\Microchip\mplabc18\v3.37\src\traditional\proc\p18F4550.asm
                TRISBbits   0x000f93       data     extern C:\Program Files\Microchip\mplabc18\v3.37\src\traditional\proc\p18F4550.asm
                    TRISC   0x000f94       data     extern C:\Program Files\Microchip\mplabc18\v3.37\src\traditional\proc\p18F4550.asm
                TRISCbits   0x000f94       data     extern C:\Program Files\Microchip\mplabc18\v3.37\src\traditional\proc\p18F4550.asm
                    TRISD   0x000f95       data     extern C:\Program Files\Microchip\mplabc18\v3.37\src\traditional\proc\p18F4550.asm
                TRISDbits   0x000f95       data     extern C:\Program Files\Microchip\mplabc18\v3.37\src\traditional\proc\p18F4550.asm
                    TRISE   0x000f96       data     extern C:\Program Files\Microchip\mplabc18\v3.37\src\traditional\proc\p18F4550.asm
                TRISEbits   0x000f96       data     extern C:\Program Files\Microchip\mplabc18\v3.37\src\traditional\proc\p18F4550.asm
                    TXREG   0x000fad       data     extern C:\Program Files\Microchip\mplabc18\v3.37\src\traditional\proc\p18F4550.asm
                    TXSTA   0x000fac       data     extern C:\Program Files\Microchip\mplabc18\v3.37\src\traditional\proc\p18F4550.asm
                TXSTAbits   0x000fac       data     extern C:\Program Files\Microchip\mplabc18\v3.37\src\traditional\proc\p18F4550.asm
                    UADDR   0x000f6e       data     extern C:\Program Files\Microchip\mplabc18\v3.37\src\traditional\proc\p18F4550.asm
                UADDRbits   0x000f6e       data     extern C:\Program Files\Microchip\mplabc18\v3.37\src\traditional\proc\p18F4550.asm
                     UCFG   0x000f6f       data     extern C:\Program Files\Microchip\mplabc18\v3.37\src\traditional\proc\p18F4550.asm
                 UCFGbits   0x000f6f       data     extern C:\Program Files\Microchip\mplabc18\v3.37\src\traditional\proc\p18F4550.asm
                     UCON   0x000f6d       data     extern C:\Program Files\Microchip\mplabc18\v3.37\src\traditional\proc\p18F4550.asm
                 UCONbits   0x000f6d       data     extern C:\Program Files\Microchip\mplabc18\v3.37\src\traditional\proc\p18F4550.asm
                     UEIE   0x000f6b       data     extern C:\Program Files\Microchip\mplabc18\v3.37\src\traditional\proc\p18F4550.asm
                 UEIEbits   0x000f6b       data     extern C:\Program Files\Microchip\mplabc18\v3.37\src\traditional\proc\p18F4550.asm
                     UEIR   0x000f6a       data     extern C:\Program Files\Microchip\mplabc18\v3.37\src\traditional\proc\p18F4550.asm
                 UEIRbits   0x000f6a       data     extern C:\Program Files\Microchip\mplabc18\v3.37\src\traditional\proc\p18F4550.asm
                     UEP0   0x000f70       data     extern C:\Program Files\Microchip\mplabc18\v3.37\src\traditional\proc\p18F4550.asm
                 UEP0bits   0x000f70       data     extern C:\Program Files\Microchip\mplabc18\v3.37\src\traditional\proc\p18F4550.asm
                     UEP1   0x000f71       data     extern C:\Program Files\Microchip\mplabc18\v3.37\src\traditional\proc\p18F4550.asm
                    UEP10   0x000f7a       data     extern C:\Program Files\Microchip\mplabc18\v3.37\src\traditional\proc\p18F4550.asm
                UEP10bits   0x000f7a       data     extern C:\Program Files\Microchip\mplabc18\v3.37\src\traditional\proc\p18F4550.asm
                    UEP11   0x000f7b       data     extern C:\Program Files\Microchip\mplabc18\v3.37\src\traditional\proc\p18F4550.asm
                UEP11bits   0x000f7b       data     extern C:\Program Files\Microchip\mplabc18\v3.37\src\traditional\proc\p18F4550.asm
                    UEP12   0x000f7c       data     extern C:\Program Files\Microchip\mplabc18\v3.37\src\traditional\proc\p18F4550.asm
                UEP12bits   0x000f7c       data     extern C:\Program Files\Microchip\mplabc18\v3.37\src\traditional\proc\p18F4550.asm
                    UEP13   0x000f7d       data     extern C:\Program Files\Microchip\mplabc18\v3.37\src\traditional\proc\p18F4550.asm
                UEP13bits   0x000f7d       data     extern C:\Program Files\Microchip\mplabc18\v3.37\src\traditional\proc\p18F4550.asm
                    UEP14   0x000f7e       data     extern C:\Program Files\Microchip\mplabc18\v3.37\src\traditional\proc\p18F4550.asm
                UEP14bits   0x000f7e       data     extern C:\Program Files\Microchip\mplabc18\v3.37\src\traditional\proc\p18F4550.asm
                    UEP15   0x000f7f       data     extern C:\Program Files\Microchip\mplabc18\v3.37\src\traditional\proc\p18F4550.asm
                UEP15bits   0x000f7f       data     extern C:\Program Files\Microchip\mplabc18\v3.37\src\traditional\proc\p18F4550.asm
                 UEP1bits   0x000f71       data     extern C:\Program Files\Microchip\mplabc18\v3.37\src\traditional\proc\p18F4550.asm
                     UEP2   0x000f72       data     extern C:\Program Files\Microchip\mplabc18\v3.37\src\traditional\proc\p18F4550.asm
                 UEP2bits   0x000f72       data     extern C:\Program Files\Microchip\mplabc18\v3.37\src\traditional\proc\p18F4550.asm
                     UEP3   0x000f73       data     extern C:\Program Files\Microchip\mplabc18\v3.37\src\traditional\proc\p18F4550.asm
                 UEP3bits   0x000f73       data     extern C:\Program Files\Microchip\mplabc18\v3.37\src\traditional\proc\p18F4550.asm
                     UEP4   0x000f74       data     extern C:\Program Files\Microchip\mplabc18\v3.37\src\traditional\proc\p18F4550.asm
                 UEP4bits   0x000f74       data     extern C:\Program Files\Microchip\mplabc18\v3.37\src\traditional\proc\p18F4550.asm
                     UEP5   0x000f75       data     extern C:\Program Files\Microchip\mplabc18\v3.37\src\traditional\proc\p18F4550.asm
                 UEP5bits   0x000f75       data     extern C:\Program Files\Microchip\mplabc18\v3.37\src\traditional\proc\p18F4550.asm
                     UEP6   0x000f76       data     extern C:\Program Files\Microchip\mplabc18\v3.37\src\traditional\proc\p18F4550.asm
                 UEP6bits   0x000f76       data     extern C:\Program Files\Microchip\mplabc18\v3.37\src\traditional\proc\p18F4550.asm
                     UEP7   0x000f77       data     extern C:\Program Files\Microchip\mplabc18\v3.37\src\traditional\proc\p18F4550.asm
                 UEP7bits   0x000f77       data     extern C:\Program Files\Microchip\mplabc18\v3.37\src\traditional\proc\p18F4550.asm
                     UEP8   0x000f78       data     extern C:\Program Files\Microchip\mplabc18\v3.37\src\traditional\proc\p18F4550.asm
                 UEP8bits   0x000f78       data     extern C:\Program Files\Microchip\mplabc18\v3.37\src\traditional\proc\p18F4550.asm
                     UEP9   0x000f79       data     extern C:\Program Files\Microchip\mplabc18\v3.37\src\traditional\proc\p18F4550.asm
                 UEP9bits   0x000f79       data     extern C:\Program Files\Microchip\mplabc18\v3.37\src\traditional\proc\p18F4550.asm
                     UFRM   0x000f66       data     extern C:\Program Files\Microchip\mplabc18\v3.37\src\traditional\proc\p18F4550.asm
                    UFRMH   0x000f67       data     extern C:\Program Files\Microchip\mplabc18\v3.37\src\traditional\proc\p18F4550.asm
                UFRMHbits   0x000f67       data     extern C:\Program Files\Microchip\mplabc18\v3.37\src\traditional\proc\p18F4550.asm
                    UFRML   0x000f66       data     extern C:\Program Files\Microchip\mplabc18\v3.37\src\traditional\proc\p18F4550.asm
                UFRMLbits   0x000f66       data     extern C:\Program Files\Microchip\mplabc18\v3.37\src\traditional\proc\p18F4550.asm
                      UIE   0x000f69       data     extern C:\Program Files\Microchip\mplabc18\v3.37\src\traditional\proc\p18F4550.asm
                  UIEbits   0x000f69       data     extern C:\Program Files\Microchip\mplabc18\v3.37\src\traditional\proc\p18F4550.asm
                      UIR   0x000f68       data     extern C:\Program Files\Microchip\mplabc18\v3.37\src\traditional\proc\p18F4550.asm
                  UIRbits   0x000f68       data     extern C:\Program Files\Microchip\mplabc18\v3.37\src\traditional\proc\p18F4550.asm
   USBActiveConfiguration   0x000061       data     extern C:\Microchip Solutions v2010-10-19\Microchip\USB\usb_device.c
    USBAlternateInterface   0x000062       data     extern C:\Microchip Solutions v2010-10-19\Microchip\USB\usb_device.c
        USBBusIsSuspended   0x000080       data     extern C:\Microchip Solutions v2010-10-19\Microchip\USB\usb_device.c
USBDeferINDataStagePackets   0x00008c       data     extern C:\Microchip Solutions v2010-10-19\Microchip\USB\usb_device.c
USBDeferOUTDataStagePackets   0x00008d       data     extern C:\Microchip Solutions v2010-10-19\Microchip\USB\usb_device.c
USBDeferStatusStagePacket   0x000089       data     extern C:\Microchip Solutions v2010-10-19\Microchip\USB\usb_device.c
           USBDeviceState   0x000060       data     extern C:\Microchip Solutions v2010-10-19\Microchip\USB\usb_device.c
USBStatusStageEnabledFlag1   0x00008a       data     extern C:\Microchip Solutions v2010-10-19\Microchip\USB\usb_device.c
USBStatusStageEnabledFlag2   0x00008b       data     extern C:\Microchip Solutions v2010-10-19\Microchip\USB\usb_device.c
USBStatusStageTimeoutCounter   0x000088       data     extern C:\Microchip Solutions v2010-10-19\Microchip\USB\usb_device.c
                    USTAT   0x000f6c       data     extern C:\Program Files\Microchip\mplabc18\v3.37\src\traditional\proc\p18F4550.asm
                USTATbits   0x000f6c       data     extern C:\Program Files\Microchip\mplabc18\v3.37\src\traditional\proc\p18F4550.asm
                USTATcopy   0x000081       data     extern C:\Microchip Solutions v2010-10-19\Microchip\USB\usb_device.c
                   WDTCON   0x000fd1       data     extern C:\Program Files\Microchip\mplabc18\v3.37\src\traditional\proc\p18F4550.asm
               WDTCONbits   0x000fd1       data     extern C:\Program Files\Microchip\mplabc18\v3.37\src\traditional\proc\p18F4550.asm
                     WREG   0x000fe8       data     extern C:\Program Files\Microchip\mplabc18\v3.37\src\traditional\proc\p18F4550.asm
                 __AARGB0   0x000007       data     extern C:\Program Files\Microchip\mplabc18\v3.37\src\traditional\math\aarg.asm
                 __AARGB1   0x000006       data     extern C:\Program Files\Microchip\mplabc18\v3.37\src\traditional\math\aarg.asm
                 __AARGB2   0x000005       data     extern C:\Program Files\Microchip\mplabc18\v3.37\src\traditional\math\aarg.asm
                 __AARGB3   0x000004       data     extern C:\Program Files\Microchip\mplabc18\v3.37\src\traditional\math\aarg.asm
                 __AARGB4   0x000003       data     extern C:\Program Files\Microchip\mplabc18\v3.37\src\traditional\math\aarg.asm
                 __AARGB5   0x000002       data     extern C:\Program Files\Microchip\mplabc18\v3.37\src\traditional\math\aarg.asm
                 __AARGB6   0x000001       data     extern C:\Program Files\Microchip\mplabc18\v3.37\src\traditional\math\aarg.asm
                 __AARGB7   0x000000       data     extern C:\Program Files\Microchip\mplabc18\v3.37\src\traditional\math\aarg.asm
                   __AEXP   0x000008       data     extern C:\Program Files\Microchip\mplabc18\v3.37\src\traditional\math\aarg.asm
                __FPFLAGS   0x00000a       data     extern C:\Program Files\Microchip\mplabc18\v3.37\src\traditional\math\cmath18.asm
            __FPFLAGSbits   0x00000a       data     extern C:\Program Files\Microchip\mplabc18\v3.37\src\traditional\math\cmath18.asm
                  __REMB0   0x000003       data     extern C:\Program Files\Microchip\mplabc18\v3.37\src\traditional\math\aarg.asm
                  __REMB1   0x000002       data     extern C:\Program Files\Microchip\mplabc18\v3.37\src\traditional\math\aarg.asm
                  __REMB2   0x000001       data     extern C:\Program Files\Microchip\mplabc18\v3.37\src\traditional\math\aarg.asm
                  __REMB3   0x000000       data     extern C:\Program Files\Microchip\mplabc18\v3.37\src\traditional\math\aarg.asm
                  __tmp_0   0x00000b       data     static C:\Microchip Solutions v2010-10-19\Microchip\USB\usb_device.c
                  __tmp_0   0x00000b       data     static C:\Microchip Solutions v2010-10-19\USB Device - HID - Mouse\HID - Mouse - Firmware\mouse.c
          active_protocol   0x0000a8       data     extern C:\Microchip Solutions v2010-10-19\Microchip\USB\HID Device Driver\usb_function_hid.c
                   buffer   0x000092       data     extern C:\Microchip Solutions v2010-10-19\USB Device - HID - Mouse\HID - Mouse - Firmware\mouse.c
     controlTransferState   0x000070       data     extern C:\Microchip Solutions v2010-10-19\Microchip\USB\usb_device.c
                curr_byte   0x00009c       data     static C:\Program Files\Microchip\mplabc18\v3.37\src\traditional\startup\c018i.c
               curr_entry   0x00009e       data     static C:\Program Files\Microchip\mplabc18\v3.37\src\traditional\startup\c018i.c
                 data_ptr   0x0000a0       data     static C:\Program Files\Microchip\mplabc18\v3.37\src\traditional\startup\c018i.c
              delay_count   0x000097       data     static C:\Microchip Solutions v2010-10-19\USB Device - HID - Mouse\HID - Mouse - Firmware\mouse.c
             emulate_mode   0x000090       data     extern C:\Microchip Solutions v2010-10-19\USB Device - HID - Mouse\HID - Mouse - Firmware\mouse.c
          endpoint_number   0x000082       data     extern C:\Microchip Solutions v2010-10-19\Microchip\USB\usb_device.c
               ep_data_in   0x000084       data     extern C:\Microchip Solutions v2010-10-19\Microchip\USB\usb_device.c
              ep_data_out   0x000086       data     extern C:\Microchip Solutions v2010-10-19\Microchip\USB\usb_device.c
            hid_report_in   0x000433       data     extern C:\Microchip Solutions v2010-10-19\Microchip\USB\usb_device.c
           hid_report_out   0x000430       data     extern C:\Microchip Solutions v2010-10-19\Microchip\USB\usb_device.c
                idle_rate   0x0000a7       data     extern C:\Microchip Solutions v2010-10-19\Microchip\USB\HID Device Driver\usb_function_hid.c
                  inPipes   0x000071       data     extern C:\Microchip Solutions v2010-10-19\Microchip\USB\usb_device.c
         lastTransmission   0x000095       data     extern C:\Microchip Solutions v2010-10-19\USB Device - HID - Mouse\HID - Mouse - Firmware\mouse.c
                led_count   0x0000a5       data     static C:\Microchip Solutions v2010-10-19\USB Device - HID - Mouse\HID - Mouse - Firmware\mouse.c
          movement_length   0x000091       data     extern C:\Microchip Solutions v2010-10-19\USB Device - HID - Mouse\HID - Mouse - Firmware\mouse.c
                  old_sw2   0x00008e       data     extern C:\Microchip Solutions v2010-10-19\USB Device - HID - Mouse\HID - Mouse - Firmware\mouse.c
                  old_sw3   0x00008f       data     extern C:\Microchip Solutions v2010-10-19\USB Device - HID - Mouse\HID - Mouse - Firmware\mouse.c
                 outPipes   0x000076       data     extern C:\Microchip Solutions v2010-10-19\Microchip\USB\usb_device.c
   pBDTEntryEP0OutCurrent   0x000063       data     extern C:\Microchip Solutions v2010-10-19\Microchip\USB\usb_device.c
      pBDTEntryEP0OutNext   0x000065       data     extern C:\Microchip Solutions v2010-10-19\Microchip\USB\usb_device.c
              pBDTEntryIn   0x00006b       data     extern C:\Microchip Solutions v2010-10-19\Microchip\USB\usb_device.c
             pBDTEntryOut   0x000067       data     extern C:\Microchip Solutions v2010-10-19\Microchip\USB\usb_device.c
                     pDst   0x00007d       data     extern C:\Microchip Solutions v2010-10-19\Microchip\USB\usb_device.c
                     prom   0x000099       data     static C:\Program Files\Microchip\mplabc18\v3.37\src\traditional\startup\c018i.c
           sent_dont_move   0x0000a4       data     static C:\Microchip Solutions v2010-10-19\USB Device - HID - Mouse\HID - Mouse - Firmware\mouse.c
        shortPacketStatus   0x00006f       data     extern C:\Microchip Solutions v2010-10-19\Microchip\USB\usb_device.c
                   vector   0x0000a3       data     extern C:\Microchip Solutions v2010-10-19\USB Device - HID - Mouse\HID - Mouse - Firmware\mouse.c



                              Symbols - Sorted by Address
                     Name    Address   Location    Storage File                     
                ---------  ---------  ---------  --------- ---------                
                   _entry   0x000000    program     extern C:\Program Files\Microchip\mplabc18\v3.37\src\traditional\startup\c018i.c
       ___return_lbl00000   0x000004    program     static                          
                 High_ISR   0x000008    program     extern C:\Microchip Solutions v2010-10-19\USB Device - HID - Mouse\HID - Mouse - Firmware\mouse.c
       ___return_lbl00003   0x00000c    program     static                          
                  Low_ISR   0x000018    program     extern C:\Microchip Solutions v2010-10-19\USB Device - HID - Mouse\HID - Mouse - Firmware\mouse.c
       ___return_lbl00004   0x00001c    program     static                          
                   _reset   0x001000    program     extern C:\Microchip Solutions v2010-10-19\USB Device - HID - Mouse\HID - Mouse - Firmware\mouse.c
       ___return_lbl00000   0x001004    program     static                          
        Remapped_High_ISR   0x001008    program     extern C:\Microchip Solutions v2010-10-19\USB Device - HID - Mouse\HID - Mouse - Firmware\mouse.c
       ___return_lbl00001   0x00100c    program     static                          
         Remapped_Low_ISR   0x001018    program     extern C:\Microchip Solutions v2010-10-19\USB Device - HID - Mouse\HID - Mouse - Firmware\mouse.c
       ___return_lbl00002   0x00101c    program     static                          
            USBDeviceInit   0x001038    program     extern C:\Microchip Solutions v2010-10-19\Microchip\USB\usb_device.c
           USBDeviceTasks   0x001150    program     extern C:\Microchip Solutions v2010-10-19\Microchip\USB\usb_device.c
          USBStallHandler   0x0012ea    program     static C:\Microchip Solutions v2010-10-19\Microchip\USB\usb_device.c
               USBSuspend   0x00131c    program     static C:\Microchip Solutions v2010-10-19\Microchip\USB\usb_device.c
       USBWakeFromSuspend   0x001346    program     static C:\Microchip Solutions v2010-10-19\Microchip\USB\usb_device.c
         USBCtrlEPService   0x001374    program     static C:\Microchip Solutions v2010-10-19\Microchip\USB\usb_device.c
   USBCtrlTrfSetupHandler   0x001444    program     static C:\Microchip Solutions v2010-10-19\Microchip\USB\usb_device.c
     USBCtrlTrfOutHandler   0x0014a2    program     static C:\Microchip Solutions v2010-10-19\Microchip\USB\usb_device.c
      USBCtrlTrfInHandler   0x0014ee    program     static C:\Microchip Solutions v2010-10-19\Microchip\USB\usb_device.c
       USBCheckStdRequest   0x0015a2    program     static C:\Microchip Solutions v2010-10-19\Microchip\USB\usb_device.c
  USBStdFeatureReqHandler   0x00166c    program     static C:\Microchip Solutions v2010-10-19\Microchip\USB\usb_device.c
USBCtrlEPAllowStatusStage   0x0018de    program     extern C:\Microchip Solutions v2010-10-19\Microchip\USB\usb_device.c
  USBCtrlEPAllowDataStage   0x001980    program     extern C:\Microchip Solutions v2010-10-19\Microchip\USB\usb_device.c
      USBStdGetDscHandler   0x001a00    program     static C:\Microchip Solutions v2010-10-19\Microchip\USB\usb_device.c
   USBStdGetStatusHandler   0x001ac0    program     static C:\Microchip Solutions v2010-10-19\Microchip\USB\usb_device.c
 USBCtrlEPServiceComplete   0x001b82    program     static C:\Microchip Solutions v2010-10-19\Microchip\USB\usb_device.c
      USBCtrlTrfTxService   0x001c44    program     static C:\Microchip Solutions v2010-10-19\Microchip\USB\usb_device.c
      USBCtrlTrfRxService   0x001d08    program     static C:\Microchip Solutions v2010-10-19\Microchip\USB\usb_device.c
      USBStdSetCfgHandler   0x001e48    program     static C:\Microchip Solutions v2010-10-19\Microchip\USB\usb_device.c
     USBConfigureEndpoint   0x001f1c    program     static C:\Microchip Solutions v2010-10-19\Microchip\USB\usb_device.c
        USBEnableEndpoint   0x001fd6    program     extern C:\Microchip Solutions v2010-10-19\Microchip\USB\usb_device.c
         USBStallEndpoint   0x002044    program     extern C:\Microchip Solutions v2010-10-19\Microchip\USB\usb_device.c
     USBTransferOnePacket   0x002124    program     extern C:\Microchip Solutions v2010-10-19\Microchip\USB\usb_device.c
              USBCancelIO   0x00222a    program     extern C:\Microchip Solutions v2010-10-19\Microchip\USB\usb_device.c
  YourHighPriorityISRCode   0x0022da    program     extern C:\Microchip Solutions v2010-10-19\USB Device - HID - Mouse\HID - Mouse - Firmware\mouse.c
   YourLowPriorityISRCode   0x0022ec    program     extern C:\Microchip Solutions v2010-10-19\USB Device - HID - Mouse\HID - Mouse - Firmware\mouse.c
                     main   0x002312    program     extern C:\Microchip Solutions v2010-10-19\USB Device - HID - Mouse\HID - Mouse - Firmware\mouse.c
         InitializeSystem   0x00231e    program     static C:\Microchip Solutions v2010-10-19\USB Device - HID - Mouse\HID - Mouse - Firmware\mouse.c
                 UserInit   0x002328    program     extern C:\Microchip Solutions v2010-10-19\USB Device - HID - Mouse\HID - Mouse - Firmware\mouse.c
                ProcessIO   0x00235c    program     extern C:\Microchip Solutions v2010-10-19\USB Device - HID - Mouse\HID - Mouse - Firmware\mouse.c
            Emulate_Mouse   0x002394    program     extern C:\Microchip Solutions v2010-10-19\USB Device - HID - Mouse\HID - Mouse - Firmware\mouse.c
         Switch2IsPressed   0x002454    program     extern C:\Microchip Solutions v2010-10-19\USB Device - HID - Mouse\HID - Mouse - Firmware\mouse.c
         Switch3IsPressed   0x00247a    program     extern C:\Microchip Solutions v2010-10-19\USB Device - HID - Mouse\HID - Mouse - Firmware\mouse.c
           BlinkUSBStatus   0x0024a0    program     extern C:\Microchip Solutions v2010-10-19\USB Device - HID - Mouse\HID - Mouse - Firmware\mouse.c
             USBCBSuspend   0x00252c    program     extern C:\Microchip Solutions v2010-10-19\USB Device - HID - Mouse\HID - Mouse - Firmware\mouse.c
     USBCBWakeFromSuspend   0x00252e    program     extern C:\Microchip Solutions v2010-10-19\USB Device - HID - Mouse\HID - Mouse - Firmware\mouse.c
        USBCB_SOF_Handler   0x002530    program     extern C:\Microchip Solutions v2010-10-19\USB Device - HID - Mouse\HID - Mouse - Firmware\mouse.c
        USBCBErrorHandler   0x002532    program     extern C:\Microchip Solutions v2010-10-19\USB Device - HID - Mouse\HID - Mouse - Firmware\mouse.c
       USBCBCheckOtherReq   0x002534    program     extern C:\Microchip Solutions v2010-10-19\USB Device - HID - Mouse\HID - Mouse - Firmware\mouse.c
    USBCBStdSetDscHandler   0x002538    program     extern C:\Microchip Solutions v2010-10-19\USB Device - HID - Mouse\HID - Mouse - Firmware\mouse.c
              USBCBInitEP   0x00253a    program     extern C:\Microchip Solutions v2010-10-19\USB Device - HID - Mouse\HID - Mouse - Firmware\mouse.c
          USBCBSendResume   0x00254c    program     extern C:\Microchip Solutions v2010-10-19\USB Device - HID - Mouse\HID - Mouse - Firmware\mouse.c
USER_USB_CALLBACK_EVENT_HANDLER   0x002590    program     extern C:\Microchip Solutions v2010-10-19\USB Device - HID - Mouse\HID - Mouse - Firmware\mouse.c
       USBCheckHIDRequest   0x00262e    program     extern C:\Microchip Solutions v2010-10-19\Microchip\USB\HID Device Driver\usb_function_hid.c
               device_dsc   0x00270c    program     extern C:\Microchip Solutions v2010-10-19\USB Device - HID - Mouse\HID - Mouse - Firmware\usb_descriptors.c
        configDescriptor1   0x00271e    program     extern C:\Microchip Solutions v2010-10-19\USB Device - HID - Mouse\HID - Mouse - Firmware\usb_descriptors.c
                    sd000   0x002740    program     extern C:\Microchip Solutions v2010-10-19\USB Device - HID - Mouse\HID - Mouse - Firmware\usb_descriptors.c
                    sd001   0x002744    program     extern C:\Microchip Solutions v2010-10-19\USB Device - HID - Mouse\HID - Mouse - Firmware\usb_descriptors.c
                    sd002   0x002778    program     extern C:\Microchip Solutions v2010-10-19\USB Device - HID - Mouse\HID - Mouse - Firmware\usb_descriptors.c
                hid_rpt01   0x0027a6    program     extern C:\Microchip Solutions v2010-10-19\USB Device - HID - Mouse\HID - Mouse - Firmware\usb_descriptors.c
               USB_CD_Ptr   0x0027d8    program     extern C:\Microchip Solutions v2010-10-19\USB Device - HID - Mouse\HID - Mouse - Firmware\usb_descriptors.c
               USB_SD_Ptr   0x0027da    program     extern C:\Microchip Solutions v2010-10-19\USB Device - HID - Mouse\HID - Mouse - Firmware\usb_descriptors.c
                _do_cinit   0x0027e0    program     extern C:\Program Files\Microchip\mplabc18\v3.37\src\traditional\startup\c018i.c
                     test   0x0027fa    program     static                          
                copy_loop   0x002852    program     static                          
            copy_one_byte   0x002858    program     static                          
             done_copying   0x002866    program     static                          
       ___return_lbl00002   0x00287c    program     static                          
                     done   0x00287c    program     static                          
                   memset   0x00287e    program     extern C:\Program Files\Microchip\mplabc18\v3.37\src\traditional\stdclib\memset.asm
                    jLoop   0x002892    program     static C:\Program Files\Microchip\mplabc18\v3.37\src\traditional\stdclib\memset.asm
              _2jContinue   0x00289e    program     static C:\Program Files\Microchip\mplabc18\v3.37\src\traditional\stdclib\memset.asm
                   _3jEnd   0x0028a8    program     static C:\Program Files\Microchip\mplabc18\v3.37\src\traditional\stdclib\memset.asm
                     jEnd   0x0028b0    program     static C:\Program Files\Microchip\mplabc18\v3.37\src\traditional\stdclib\memset.asm
            __zero_memory   0x0028b2    program     extern C:\Program Files\Microchip\mplabc18\v3.37\src\traditional\proc\p18F4550.asm
               zero_block   0x0028c0    program     static C:\Program Files\Microchip\mplabc18\v3.37\src\traditional\proc\p18F4550.asm
                   loop_h   0x0028c0    program     static C:\Program Files\Microchip\mplabc18\v3.37\src\traditional\proc\p18F4550.asm
                compare_l   0x0028c8    program     static C:\Program Files\Microchip\mplabc18\v3.37\src\traditional\proc\p18F4550.asm
                   loop_l   0x0028ca    program     static C:\Program Files\Microchip\mplabc18\v3.37\src\traditional\proc\p18F4550.asm
                 _startup   0x0028d2    program     extern C:\Program Files\Microchip\mplabc18\v3.37\src\traditional\startup\c018i.c
                     loop   0x0028e2    program     static                          
       ___return_lbl00001   0x0028ec    program     static                          
                dir_table   0x0028ee    program     extern C:\Microchip Solutions v2010-10-19\USB Device - HID - Mouse\HID - Mouse - Firmware\mouse.c
                   __init   0x0028f6    program     extern C:\Program Files\Microchip\mplabc18\v3.37\src\traditional\stdclib\__init.c
               __config_0   0x300000    program     static C:\Microchip Solutions v2010-10-19\USB Device - HID - Mouse\HID - Mouse - Firmware\mouse.c
               __config_1   0x300001    program     static C:\Microchip Solutions v2010-10-19\USB Device - HID - Mouse\HID - Mouse - Firmware\mouse.c
               __config_2   0x300002    program     static C:\Microchip Solutions v2010-10-19\USB Device - HID - Mouse\HID - Mouse - Firmware\mouse.c
               __config_3   0x300003    program     static C:\Microchip Solutions v2010-10-19\USB Device - HID - Mouse\HID - Mouse - Firmware\mouse.c
               __config_4   0x300005    program     static C:\Microchip Solutions v2010-10-19\USB Device - HID - Mouse\HID - Mouse - Firmware\mouse.c
               __config_5   0x300006    program     static C:\Microchip Solutions v2010-10-19\USB Device - HID - Mouse\HID - Mouse - Firmware\mouse.c
               __config_6   0x300008    program     static C:\Microchip Solutions v2010-10-19\USB Device - HID - Mouse\HID - Mouse - Firmware\mouse.c
               __config_7   0x300009    program     static C:\Microchip Solutions v2010-10-19\USB Device - HID - Mouse\HID - Mouse - Firmware\mouse.c
               __config_8   0x30000a    program     static C:\Microchip Solutions v2010-10-19\USB Device - HID - Mouse\HID - Mouse - Firmware\mouse.c
               __config_9   0x30000b    program     static C:\Microchip Solutions v2010-10-19\USB Device - HID - Mouse\HID - Mouse - Firmware\mouse.c
              __config_10   0x30000c    program     static C:\Microchip Solutions v2010-10-19\USB Device - HID - Mouse\HID - Mouse - Firmware\mouse.c
              __config_11   0x30000d    program     static C:\Microchip Solutions v2010-10-19\USB Device - HID - Mouse\HID - Mouse - Firmware\mouse.c
                  __REMB3   0x000000       data     extern C:\Program Files\Microchip\mplabc18\v3.37\src\traditional\math\aarg.asm
                 __AARGB7   0x000000       data     extern C:\Program Files\Microchip\mplabc18\v3.37\src\traditional\math\aarg.asm
                  __REMB2   0x000001       data     extern C:\Program Files\Microchip\mplabc18\v3.37\src\traditional\math\aarg.asm
                 __AARGB6   0x000001       data     extern C:\Program Files\Microchip\mplabc18\v3.37\src\traditional\math\aarg.asm
                 __AARGB5   0x000002       data     extern C:\Program Files\Microchip\mplabc18\v3.37\src\traditional\math\aarg.asm
                  __REMB1   0x000002       data     extern C:\Program Files\Microchip\mplabc18\v3.37\src\traditional\math\aarg.asm
                 __AARGB4   0x000003       data     extern C:\Program Files\Microchip\mplabc18\v3.37\src\traditional\math\aarg.asm
                  __REMB0   0x000003       data     extern C:\Program Files\Microchip\mplabc18\v3.37\src\traditional\math\aarg.asm
                 __AARGB3   0x000004       data     extern C:\Program Files\Microchip\mplabc18\v3.37\src\traditional\math\aarg.asm
                 __AARGB2   0x000005       data     extern C:\Program Files\Microchip\mplabc18\v3.37\src\traditional\math\aarg.asm
                 __AARGB1   0x000006       data     extern C:\Program Files\Microchip\mplabc18\v3.37\src\traditional\math\aarg.asm
                 __AARGB0   0x000007       data     extern C:\Program Files\Microchip\mplabc18\v3.37\src\traditional\math\aarg.asm
                   __AEXP   0x000008       data     extern C:\Program Files\Microchip\mplabc18\v3.37\src\traditional\math\aarg.asm
                     SIGN   0x000009       data     extern C:\Program Files\Microchip\mplabc18\v3.37\src\traditional\math\cmath18.asm
            __FPFLAGSbits   0x00000a       data     extern C:\Program Files\Microchip\mplabc18\v3.37\src\traditional\math\cmath18.asm
                __FPFLAGS   0x00000a       data     extern C:\Program Files\Microchip\mplabc18\v3.37\src\traditional\math\cmath18.asm
                  __tmp_0   0x00000b       data     static C:\Microchip Solutions v2010-10-19\USB Device - HID - Mouse\HID - Mouse - Firmware\mouse.c
                  __tmp_0   0x00000b       data     static C:\Microchip Solutions v2010-10-19\Microchip\USB\usb_device.c
           USBDeviceState   0x000060       data     extern C:\Microchip Solutions v2010-10-19\Microchip\USB\usb_device.c
   USBActiveConfiguration   0x000061       data     extern C:\Microchip Solutions v2010-10-19\Microchip\USB\usb_device.c
    USBAlternateInterface   0x000062       data     extern C:\Microchip Solutions v2010-10-19\Microchip\USB\usb_device.c
   pBDTEntryEP0OutCurrent   0x000063       data     extern C:\Microchip Solutions v2010-10-19\Microchip\USB\usb_device.c
      pBDTEntryEP0OutNext   0x000065       data     extern C:\Microchip Solutions v2010-10-19\Microchip\USB\usb_device.c
             pBDTEntryOut   0x000067       data     extern C:\Microchip Solutions v2010-10-19\Microchip\USB\usb_device.c
              pBDTEntryIn   0x00006b       data     extern C:\Microchip Solutions v2010-10-19\Microchip\USB\usb_device.c
        shortPacketStatus   0x00006f       data     extern C:\Microchip Solutions v2010-10-19\Microchip\USB\usb_device.c
     controlTransferState   0x000070       data     extern C:\Microchip Solutions v2010-10-19\Microchip\USB\usb_device.c
                  inPipes   0x000071       data     extern C:\Microchip Solutions v2010-10-19\Microchip\USB\usb_device.c
                 outPipes   0x000076       data     extern C:\Microchip Solutions v2010-10-19\Microchip\USB\usb_device.c
                     pDst   0x00007d       data     extern C:\Microchip Solutions v2010-10-19\Microchip\USB\usb_device.c
             RemoteWakeup   0x00007f       data     extern C:\Microchip Solutions v2010-10-19\Microchip\USB\usb_device.c
        USBBusIsSuspended   0x000080       data     extern C:\Microchip Solutions v2010-10-19\Microchip\USB\usb_device.c
                USTATcopy   0x000081       data     extern C:\Microchip Solutions v2010-10-19\Microchip\USB\usb_device.c
          endpoint_number   0x000082       data     extern C:\Microchip Solutions v2010-10-19\Microchip\USB\usb_device.c
       BothEP0OutUOWNsSet   0x000083       data     extern C:\Microchip Solutions v2010-10-19\Microchip\USB\usb_device.c
               ep_data_in   0x000084       data     extern C:\Microchip Solutions v2010-10-19\Microchip\USB\usb_device.c
              ep_data_out   0x000086       data     extern C:\Microchip Solutions v2010-10-19\Microchip\USB\usb_device.c
USBStatusStageTimeoutCounter   0x000088       data     extern C:\Microchip Solutions v2010-10-19\Microchip\USB\usb_device.c
USBDeferStatusStagePacket   0x000089       data     extern C:\Microchip Solutions v2010-10-19\Microchip\USB\usb_device.c
USBStatusStageEnabledFlag1   0x00008a       data     extern C:\Microchip Solutions v2010-10-19\Microchip\USB\usb_device.c
USBStatusStageEnabledFlag2   0x00008b       data     extern C:\Microchip Solutions v2010-10-19\Microchip\USB\usb_device.c
USBDeferINDataStagePackets   0x00008c       data     extern C:\Microchip Solutions v2010-10-19\Microchip\USB\usb_device.c
USBDeferOUTDataStagePackets   0x00008d       data     extern C:\Microchip Solutions v2010-10-19\Microchip\USB\usb_device.c
                  old_sw2   0x00008e       data     extern C:\Microchip Solutions v2010-10-19\USB Device - HID - Mouse\HID - Mouse - Firmware\mouse.c
                  old_sw3   0x00008f       data     extern C:\Microchip Solutions v2010-10-19\USB Device - HID - Mouse\HID - Mouse - Firmware\mouse.c
[...]
                 PIE1bits   0x000f9d       data     extern C:\Program Files\Microchip\mplabc18\v3.37\src\traditional\proc\p18F4550.asm
                     PIR1   0x000f9e       data     extern C:\Program Files\Microchip\mplabc18\v3.37\src\traditional\proc\p18F4550.asm
                 PIR1bits   0x000f9e       data     extern C:\Program Files\Microchip\mplabc18\v3.37\src\traditional\proc\p18F4550.asm
                     IPR1   0x000f9f       data     extern C:\Program Files\Microchip\mplabc18\v3.37\src\traditional\proc\p18F4550.asm
                 IPR1bits   0x000f9f       data     extern C:\Program Files\Microchip\mplabc18\v3.37\src\traditional\proc\p18F4550.asm
                 PIE2bits   0x000fa0       data     extern C:\Program Files\Microchip\mplabc18\v3.37\src\traditional\proc\p18F4550.asm
                     PIE2   0x000fa0       data     extern C:\Program Files\Microchip\mplabc18\v3.37\src\traditional\proc\p18F4550.asm
                     PIR2   0x000fa1       data     extern C:\Program Files\Microchip\mplabc18\v3.37\src\traditional\proc\p18F4550.asm
                 PIR2bits   0x000fa1       data     extern C:\Program Files\Microchip\mplabc18\v3.37\src\traditional\proc\p18F4550.asm
                     IPR2   0x000fa2       data     extern C:\Program Files\Microchip\mplabc18\v3.37\src\traditional\proc\p18F4550.asm
                 IPR2bits   0x000fa2       data     extern C:\Program Files\Microchip\mplabc18\v3.37\src\traditional\proc\p18F4550.asm
                   EECON1   0x000fa6       data     extern C:\Program Files\Microchip\mplabc18\v3.37\src\traditional\proc\p18F4550.asm
               EECON1bits   0x000fa6       data     extern C:\Program Files\Microchip\mplabc18\v3.37\src\traditional\proc\p18F4550.asm
                   EECON2   0x000fa7       data     extern C:\Program Files\Microchip\mplabc18\v3.37\src\traditional\proc\p18F4550.asm
                   EEDATA   0x000fa8       data     extern C:\Program Files\Microchip\mplabc18\v3.37\src\traditional\proc\p18F4550.asm
                    EEADR   0x000fa9       data     extern C:\Program Files\Microchip\mplabc18\v3.37\src\traditional\proc\p18F4550.asm
                    RCSTA   0x000fab       data     extern C:\Program Files\Microchip\mplabc18\v3.37\src\traditional\proc\p18F4550.asm
                RCSTAbits   0x000fab       data     extern C:\Program Files\Microchip\mplabc18\v3.37\src\traditional\proc\p18F4550.asm
                TXSTAbits   0x000fac       data     extern C:\Program Files\Microchip\mplabc18\v3.37\src\traditional\proc\p18F4550.asm
                    TXSTA   0x000fac       data     extern C:\Program Files\Microchip\mplabc18\v3.37\src\traditional\proc\p18F4550.asm
                    TXREG   0x000fad       data     extern C:\Program Files\Microchip\mplabc18\v3.37\src\traditional\proc\p18F4550.asm
                    RCREG   0x000fae       data     extern C:\Program Files\Microchip\mplabc18\v3.37\src\traditional\proc\p18F4550.asm
                    SPBRG   0x000faf       data     extern C:\Program Files\Microchip\mplabc18\v3.37\src\traditional\proc\p18F4550.asm
                   SPBRGH   0x000fb0       data     extern C:\Program Files\Microchip\mplabc18\v3.37\src\traditional\proc\p18F4550.asm
                T3CONbits   0x000fb1       data     extern C:\Program Files\Microchip\mplabc18\v3.37\src\traditional\proc\p18F4550.asm
                    T3CON   0x000fb1       data     extern C:\Program Files\Microchip\mplabc18\v3.37\src\traditional\proc\p18F4550.asm
                    TMR3L   0x000fb2       data     extern C:\Program Files\Microchip\mplabc18\v3.37\src\traditional\proc\p18F4550.asm
                    TMR3H   0x000fb3       data     extern C:\Program Files\Microchip\mplabc18\v3.37\src\traditional\proc\p18F4550.asm
                    CMCON   0x000fb4       data     extern C:\Program Files\Microchip\mplabc18\v3.37\src\traditional\proc\p18F4550.asm
                CMCONbits   0x000fb4       data     extern C:\Program Files\Microchip\mplabc18\v3.37\src\traditional\proc\p18F4550.asm
               CVRCONbits   0x000fb5       data     extern C:\Program Files\Microchip\mplabc18\v3.37\src\traditional\proc\p18F4550.asm
                   CVRCON   0x000fb5       data     extern C:\Program Files\Microchip\mplabc18\v3.37\src\traditional\proc\p18F4550.asm
              ECCP1ASbits   0x000fb6       data     extern C:\Program Files\Microchip\mplabc18\v3.37\src\traditional\proc\p18F4550.asm
                  ECCP1AS   0x000fb6       data     extern C:\Program Files\Microchip\mplabc18\v3.37\src\traditional\proc\p18F4550.asm
                   CCP1AS   0x000fb6       data     extern C:\Program Files\Microchip\mplabc18\v3.37\src\traditional\proc\p18F4550.asm
               CCP1ASbits   0x000fb6       data     extern C:\Program Files\Microchip\mplabc18\v3.37\src\traditional\proc\p18F4550.asm
             ECCP1DELbits   0x000fb7       data     extern C:\Program Files\Microchip\mplabc18\v3.37\src\traditional\proc\p18F4550.asm
                  CCP1DEL   0x000fb7       data     extern C:\Program Files\Microchip\mplabc18\v3.37\src\traditional\proc\p18F4550.asm
              CCP1DELbits   0x000fb7       data     extern C:\Program Files\Microchip\mplabc18\v3.37\src\traditional\proc\p18F4550.asm
                 ECCP1DEL   0x000fb7       data     extern C:\Program Files\Microchip\mplabc18\v3.37\src\traditional\proc\p18F4550.asm
              BAUDCTLbits   0x000fb8       data     extern C:\Program Files\Microchip\mplabc18\v3.37\src\traditional\proc\p18F4550.asm
                  BAUDCTL   0x000fb8       data     extern C:\Program Files\Microchip\mplabc18\v3.37\src\traditional\proc\p18F4550.asm
              BAUDCONbits   0x000fb8       data     extern C:\Program Files\Microchip\mplabc18\v3.37\src\traditional\proc\p18F4550.asm
                  BAUDCON   0x000fb8       data     extern C:\Program Files\Microchip\mplabc18\v3.37\src\traditional\proc\p18F4550.asm
                  CCP2CON   0x000fba       data     extern C:\Program Files\Microchip\mplabc18\v3.37\src\traditional\proc\p18F4550.asm
              CCP2CONbits   0x000fba       data     extern C:\Program Files\Microchip\mplabc18\v3.37\src\traditional\proc\p18F4550.asm
                    CCPR2   0x000fbb       data     extern C:\Program Files\Microchip\mplabc18\v3.37\src\traditional\proc\p18F4550.asm
                   CCPR2L   0x000fbb       data     extern C:\Program Files\Microchip\mplabc18\v3.37\src\traditional\proc\p18F4550.asm
                   CCPR2H   0x000fbc       data     extern C:\Program Files\Microchip\mplabc18\v3.37\src\traditional\proc\p18F4550.asm
                  CCP1CON   0x000fbd       data     extern C:\Program Files\Microchip\mplabc18\v3.37\src\traditional\proc\p18F4550.asm
              CCP1CONbits   0x000fbd       data     extern C:\Program Files\Microchip\mplabc18\v3.37\src\traditional\proc\p18F4550.asm
                 ECCP1CON   0x000fbd       data     extern C:\Program Files\Microchip\mplabc18\v3.37\src\traditional\proc\p18F4550.asm
             ECCP1CONbits   0x000fbd       data     extern C:\Program Files\Microchip\mplabc18\v3.37\src\traditional\proc\p18F4550.asm
                    CCPR1   0x000fbe       data     extern C:\Program Files\Microchip\mplabc18\v3.37\src\traditional\proc\p18F4550.asm
                   CCPR1L   0x000fbe       data     extern C:\Program Files\Microchip\mplabc18\v3.37\src\traditional\proc\p18F4550.asm
                   CCPR1H   0x000fbf       data     extern C:\Program Files\Microchip\mplabc18\v3.37\src\traditional\proc\p18F4550.asm
                   ADCON2   0x000fc0       data     extern C:\Program Files\Microchip\mplabc18\v3.37\src\traditional\proc\p18F4550.asm
               ADCON2bits   0x000fc0       data     extern C:\Program Files\Microchip\mplabc18\v3.37\src\traditional\proc\p18F4550.asm
               ADCON1bits   0x000fc1       data     extern C:\Program Files\Microchip\mplabc18\v3.37\src\traditional\proc\p18F4550.asm
                   ADCON1   0x000fc1       data     extern C:\Program Files\Microchip\mplabc18\v3.37\src\traditional\proc\p18F4550.asm
                   ADCON0   0x000fc2       data     extern C:\Program Files\Microchip\mplabc18\v3.37\src\traditional\proc\p18F4550.asm
               ADCON0bits   0x000fc2       data     extern C:\Program Files\Microchip\mplabc18\v3.37\src\traditional\proc\p18F4550.asm
                    ADRES   0x000fc3       data     extern C:\Program Files\Microchip\mplabc18\v3.37\src\traditional\proc\p18F4550.asm
                   ADRESL   0x000fc3       data     extern C:\Program Files\Microchip\mplabc18\v3.37\src\traditional\proc\p18F4550.asm
                   ADRESH   0x000fc4       data     extern C:\Program Files\Microchip\mplabc18\v3.37\src\traditional\proc\p18F4550.asm
                  SSPCON2   0x000fc5       data     extern C:\Program Files\Microchip\mplabc18\v3.37\src\traditional\proc\p18F4550.asm
              SSPCON2bits   0x000fc5       data     extern C:\Program Files\Microchip\mplabc18\v3.37\src\traditional\proc\p18F4550.asm
                  SSPCON1   0x000fc6       data     extern C:\Program Files\Microchip\mplabc18\v3.37\src\traditional\proc\p18F4550.asm
              SSPCON1bits   0x000fc6       data     extern C:\Program Files\Microchip\mplabc18\v3.37\src\traditional\proc\p18F4550.asm
                  SSPSTAT   0x000fc7       data     extern C:\Program Files\Microchip\mplabc18\v3.37\src\traditional\proc\p18F4550.asm
              SSPSTATbits   0x000fc7       data     extern C:\Program Files\Microchip\mplabc18\v3.37\src\traditional\proc\p18F4550.asm
                   SSPADD   0x000fc8       data     extern C:\Program Files\Microchip\mplabc18\v3.37\src\traditional\proc\p18F4550.asm
                   SSPBUF   0x000fc9       data     extern C:\Program Files\Microchip\mplabc18\v3.37\src\traditional\proc\p18F4550.asm
                T2CONbits   0x000fca       data     extern C:\Program Files\Microchip\mplabc18\v3.37\src\traditional\proc\p18F4550.asm
                    T2CON   0x000fca       data     extern C:\Program Files\Microchip\mplabc18\v3.37\src\traditional\proc\p18F4550.asm
                      PR2   0x000fcb       data     extern C:\Program Files\Microchip\mplabc18\v3.37\src\traditional\proc\p18F4550.asm
                     TMR2   0x000fcc       data     extern C:\Program Files\Microchip\mplabc18\v3.37\src\traditional\proc\p18F4550.asm
                T1CONbits   0x000fcd       data     extern C:\Program Files\Microchip\mplabc18\v3.37\src\traditional\proc\p18F4550.asm
                    T1CON   0x000fcd       data     extern C:\Program Files\Microchip\mplabc18\v3.37\src\traditional\proc\p18F4550.asm
                    TMR1L   0x000fce       data     extern C:\Program Files\Microchip\mplabc18\v3.37\src\traditional\proc\p18F4550.asm
                    TMR1H   0x000fcf       data     extern C:\Program Files\Microchip\mplabc18\v3.37\src\traditional\proc\p18F4550.asm
                     RCON   0x000fd0       data     extern C:\Program Files\Microchip\mplabc18\v3.37\src\traditional\proc\p18F4550.asm
                 RCONbits   0x000fd0       data     extern C:\Program Files\Microchip\mplabc18\v3.37\src\traditional\proc\p18F4550.asm
               WDTCONbits   0x000fd1       data     extern C:\Program Files\Microchip\mplabc18\v3.37\src\traditional\proc\p18F4550.asm
                   WDTCON   0x000fd1       data     extern C:\Program Files\Microchip\mplabc18\v3.37\src\traditional\proc\p18F4550.asm
               LVDCONbits   0x000fd2       data     extern C:\Program Files\Microchip\mplabc18\v3.37\src\traditional\proc\p18F4550.asm
                   LVDCON   0x000fd2       data     extern C:\Program Files\Microchip\mplabc18\v3.37\src\traditional\proc\p18F4550.asm
              HLVDCONbits   0x000fd2       data     extern C:\Program Files\Microchip\mplabc18\v3.37\src\traditional\proc\p18F4550.asm
                  HLVDCON   0x000fd2       data     extern C:\Program Files\Microchip\mplabc18\v3.37\src\traditional\proc\p18F4550.asm
               OSCCONbits   0x000fd3       data     extern C:\Program Files\Microchip\mplabc18\v3.37\src\traditional\proc\p18F4550.asm
                   OSCCON   0x000fd3       data     extern C:\Program Files\Microchip\mplabc18\v3.37\src\traditional\proc\p18F4550.asm
                T0CONbits   0x000fd5       data     extern C:\Program Files\Microchip\mplabc18\v3.37\src\traditional\proc\p18F4550.asm
                    T0CON   0x000fd5       data     extern C:\Program Files\Microchip\mplabc18\v3.37\src\traditional\proc\p18F4550.asm
                    TMR0L   0x000fd6       data     extern C:\Program Files\Microchip\mplabc18\v3.37\src\traditional\proc\p18F4550.asm
                    TMR0H   0x000fd7       data     extern C:\Program Files\Microchip\mplabc18\v3.37\src\traditional\proc\p18F4550.asm
               STATUSbits   0x000fd8       data     extern C:\Program Files\Microchip\mplabc18\v3.37\src\traditional\proc\p18F4550.asm
                   STATUS   0x000fd8       data     extern C:\Program Files\Microchip\mplabc18\v3.37\src\traditional\proc\p18F4550.asm
                    FSR2L   0x000fd9       data     extern C:\Program Files\Microchip\mplabc18\v3.37\src\traditional\proc\p18F4550.asm
                     FSR2   0x000fd9       data     extern C:\Program Files\Microchip\mplabc18\v3.37\src\traditional\proc\p18F4550.asm
                    FSR2H   0x000fda       data     extern C:\Program Files\Microchip\mplabc18\v3.37\src\traditional\proc\p18F4550.asm
                   PLUSW2   0x000fdb       data     extern C:\Program Files\Microchip\mplabc18\v3.37\src\traditional\proc\p18F4550.asm
                  PREINC2   0x000fdc       data     extern C:\Program Files\Microchip\mplabc18\v3.37\src\traditional\proc\p18F4550.asm
                 POSTDEC2   0x000fdd       data     extern C:\Program Files\Microchip\mplabc18\v3.37\src\traditional\proc\p18F4550.asm
                 POSTINC2   0x000fde       data     extern C:\Program Files\Microchip\mplabc18\v3.37\src\traditional\proc\p18F4550.asm
                    INDF2   0x000fdf       data     extern C:\Program Files\Microchip\mplabc18\v3.37\src\traditional\proc\p18F4550.asm
                      BSR   0x000fe0       data     extern C:\Program Files\Microchip\mplabc18\v3.37\src\traditional\proc\p18F4550.asm
                    FSR1L   0x000fe1       data     extern C:\Program Files\Microchip\mplabc18\v3.37\src\traditional\proc\p18F4550.asm
                     FSR1   0x000fe1       data     extern C:\Program Files\Microchip\mplabc18\v3.37\src\traditional\proc\p18F4550.asm
                    FSR1H   0x000fe2       data     extern C:\Program Files\Microchip\mplabc18\v3.37\src\traditional\proc\p18F4550.asm
                   PLUSW1   0x000fe3       data     extern C:\Program Files\Microchip\mplabc18\v3.37\src\traditional\proc\p18F4550.asm
                  PREINC1   0x000fe4       data     extern C:\Program Files\Microchip\mplabc18\v3.37\src\traditional\proc\p18F4550.asm
                 POSTDEC1   0x000fe5       data     extern C:\Program Files\Microchip\mplabc18\v3.37\src\traditional\proc\p18F4550.asm
                 POSTINC1   0x000fe6       data     extern C:\Program Files\Microchip\mplabc18\v3.37\src\traditional\proc\p18F4550.asm
                    INDF1   0x000fe7       data     extern C:\Program Files\Microchip\mplabc18\v3.37\src\traditional\proc\p18F4550.asm
                     WREG   0x000fe8       data     extern C:\Program Files\Microchip\mplabc18\v3.37\src\traditional\proc\p18F4550.asm
                     FSR0   0x000fe9       data     extern C:\Program Files\Microchip\mplabc18\v3.37\src\traditional\proc\p18F4550.asm
                    FSR0L   0x000fe9       data     extern C:\Program Files\Microchip\mplabc18\v3.37\src\traditional\proc\p18F4550.asm
                    FSR0H   0x000fea       data     extern C:\Program Files\Microchip\mplabc18\v3.37\src\traditional\proc\p18F4550.asm
                   PLUSW0   0x000feb       data     extern C:\Program Files\Microchip\mplabc18\v3.37\src\traditional\proc\p18F4550.asm
                  PREINC0   0x000fec       data     extern C:\Program Files\Microchip\mplabc18\v3.37\src\traditional\proc\p18F4550.asm
                 POSTDEC0   0x000fed       data     extern C:\Program Files\Microchip\mplabc18\v3.37\src\traditional\proc\p18F4550.asm
                 POSTINC0   0x000fee       data     extern C:\Program Files\Microchip\mplabc18\v3.37\src\traditional\proc\p18F4550.asm
                    INDF0   0x000fef       data     extern C:\Program Files\Microchip\mplabc18\v3.37\src\traditional\proc\p18F4550.asm
              INTCON3bits   0x000ff0       data     extern C:\Program Files\Microchip\mplabc18\v3.37\src\traditional\proc\p18F4550.asm
                  INTCON3   0x000ff0       data     extern C:\Program Files\Microchip\mplabc18\v3.37\src\traditional\proc\p18F4550.asm
              INTCON2bits   0x000ff1       data     extern C:\Program Files\Microchip\mplabc18\v3.37\src\traditional\proc\p18F4550.asm
                  INTCON2   0x000ff1       data     extern C:\Program Files\Microchip\mplabc18\v3.37\src\traditional\proc\p18F4550.asm
               INTCONbits   0x000ff2       data     extern C:\Program Files\Microchip\mplabc18\v3.37\src\traditional\proc\p18F4550.asm
                   INTCON   0x000ff2       data     extern C:\Program Files\Microchip\mplabc18\v3.37\src\traditional\proc\p18F4550.asm
                     PROD   0x000ff3       data     extern C:\Program Files\Microchip\mplabc18\v3.37\src\traditional\proc\p18F4550.asm
                    PRODL   0x000ff3       data     extern C:\Program Files\Microchip\mplabc18\v3.37\src\traditional\proc\p18F4550.asm
                    PRODH   0x000ff4       data     extern C:\Program Files\Microchip\mplabc18\v3.37\src\traditional\proc\p18F4550.asm
                   TABLAT   0x000ff5       data     extern C:\Program Files\Microchip\mplabc18\v3.37\src\traditional\proc\p18F4550.asm
                   TBLPTR   0x000ff6       data     extern C:\Program Files\Microchip\mplabc18\v3.37\src\traditional\proc\p18F4550.asm
                  TBLPTRL   0x000ff6       data     extern C:\Program Files\Microchip\mplabc18\v3.37\src\traditional\proc\p18F4550.asm
                  TBLPTRH   0x000ff7       data     extern C:\Program Files\Microchip\mplabc18\v3.37\src\traditional\proc\p18F4550.asm
                  TBLPTRU   0x000ff8       data     extern C:\Program Files\Microchip\mplabc18\v3.37\src\traditional\proc\p18F4550.asm
                      PCL   0x000ff9       data     extern C:\Program Files\Microchip\mplabc18\v3.37\src\traditional\proc\p18F4550.asm
                       PC   0x000ff9       data     extern C:\Program Files\Microchip\mplabc18\v3.37\src\traditional\proc\p18F4550.asm
                   PCLATH   0x000ffa       data     extern C:\Program Files\Microchip\mplabc18\v3.37\src\traditional\proc\p18F4550.asm
                   PCLATU   0x000ffb       data     extern C:\Program Files\Microchip\mplabc18\v3.37\src\traditional\proc\p18F4550.asm
                   STKPTR   0x000ffc       data     extern C:\Program Files\Microchip\mplabc18\v3.37\src\traditional\proc\p18F4550.asm
               STKPTRbits   0x000ffc       data     extern C:\Program Files\Microchip\mplabc18\v3.37\src\traditional\proc\p18F4550.asm
                      TOS   0x000ffd       data     extern C:\Program Files\Microchip\mplabc18\v3.37\src\traditional\proc\p18F4550.asm
                     TOSL   0x000ffd       data     extern C:\Program Files\Microchip\mplabc18\v3.37\src\traditional\proc\p18F4550.asm
                     TOSH   0x000ffe       data     extern C:\Program Files\Microchip\mplabc18\v3.37\src\traditional\proc\p18F4550.asm
                     TOSU   0x000fff       data     extern C:\Program Files\Microchip\mplabc18\v3.37\src\traditional\proc\p18F4550.asm


