MPLINK 4.43, Linker
Linker Map File - Created Tue Jul 10 18:18:15 2012

                                 Section Info
                  Section       Type    Address   Location Size(Bytes)
                ---------  ---------  ---------  ---------  ---------
               _entry_scn       code   0x000000    program   0x000006
    HIGH_INTERRUPT_VECTOR       code   0x000008    program   0x000006
     LOW_INTERRUPT_VECTOR       code   0x000018    program   0x000006
    REMAPPED_RESET_VECTOR       code   0x001000    program   0x000006
           .code___init.o       code   0x001006    program   0x000002
REMAPPED_HIGH_INTERRUPT_VECTOR       code   0x001008    program   0x000006
          .idata_main.o_i    romdata   0x00100e    program   0x000006
REMAPPED_LOW_INTERRUPT_VECTOR       code   0x001018    program   0x000006
                   .cinit    romdata   0x00101e    program   0x00000e
       .code_usb_device.o       code   0x00102c    program   0x000d26
             .code_main.o       code   0x001d52    program   0x000362
 .code_usb_function_hid.o       code   0x0020b4    program   0x0000c8
.romdata_usb_descriptors.o    romdata   0x00217c    program   0x0000c5
    .idata_usb_device.o_i    romdata   0x002241    program   0x000000
    .romdata_usb_device.o    romdata   0x002241    program   0x000000
        .idata___init.o_i    romdata   0x002241    program   0x000000
        .romdata___init.o    romdata   0x002241    program   0x000000
.romdata_usb_function_hid.o    romdata   0x002241    program   0x000000
.idata_usb_function_hid.o_i    romdata   0x002241    program   0x000000
         .idata_c018i.o_i    romdata   0x002241    program   0x000000
         .romdata_c018i.o    romdata   0x002241    program   0x000000
.idata_usb_descriptors.o_i    romdata   0x002241    program   0x000000
          .romdata_main.o    romdata   0x002241    program   0x000000
            .code_c018i.o       code   0x002242    program   0x000000
               _cinit_scn       code   0x002242    program   0x00009e
  .code_usb_descriptors.o       code   0x002242    program   0x000000
                   STRING       code   0x0022e0    program   0x000034
                    .code       code   0x002314    program   0x000020
             _startup_scn       code   0x002334    program   0x00001c
    .config_300000_main.o    romdata   0x300000    program   0x000001
    .config_300001_main.o    romdata   0x300001    program   0x000001
    .config_300002_main.o    romdata   0x300002    program   0x000001
    .config_300003_main.o    romdata   0x300003    program   0x000001
    .config_300005_main.o    romdata   0x300005    program   0x000001
    .config_300006_main.o    romdata   0x300006    program   0x000001
    .config_300008_main.o    romdata   0x300008    program   0x000001
    .config_300009_main.o    romdata   0x300009    program   0x000001
    .config_30000a_main.o    romdata   0x30000a    program   0x000001
    .config_30000b_main.o    romdata   0x30000b    program   0x000001
    .config_30000c_main.o    romdata   0x30000c    program   0x000001
    .config_30000d_main.o    romdata   0x30000d    program   0x000001
                MATH_DATA      udata   0x000000       data   0x00000b
                 .tmpdata      udata   0x00000b       data   0x000003
YourHighPriorityISRCode_tmp      udata   0x00000e       data   0x000001
      .udata_usb_device.o      udata   0x000060       data   0x00002e
           .udata_c018i.o      udata   0x00008e       data   0x00000a
            .idata_main.o      idata   0x000098       data   0x000006
.udata_usb_function_hid.o      udata   0x00009e       data   0x000002
            .udata_main.o      udata   0x0000a0       data   0x000002
 .idata_usb_descriptors.o      idata   0x0000a2       data   0x000000
 .udata_usb_descriptors.o      udata   0x0000a2       data   0x000000
.idata_usb_function_hid.o      idata   0x0000a2       data   0x000000
           .idata_c018i.o      idata   0x0000a2       data   0x000000
      .idata_usb_device.o      idata   0x0000a2       data   0x000000
          .udata___init.o      udata   0x0000a2       data   0x000000
          .idata___init.o      idata   0x0000a2       data   0x000000
                   .stack      udata   0x000100       data   0x000040
                  USB_BDT      udata   0x000200       data   0x000036
                  usbram2      udata   0x000236       data   0x000044
              SFR_BANKED0      udata   0x000f53       data   0x00000d
            SFR_UNBANKED0      udata   0x000f60       data   0x0000a0



                              Program Memory Usage 
                               Start         End      
                           ---------   ---------      
                            0x000000    0x000005      
                            0x000008    0x00000d      
                            0x000018    0x00001d      
                            0x001000    0x001013      
                            0x001018    0x002240      
                            0x002242    0x00234f      
                            0x300000    0x300003      
                            0x300005    0x300006      
                            0x300008    0x30000d      
            4969 out of 16408 program addresses used, program memory utilization is 30%



                              Symbols - Sorted by Name
                     Name    Address   Location    Storage File                     
                ---------  ---------  ---------  --------- ---------                
           BlinkUSBStatus   0x001f14    program     extern C:\Users\Domingos\Desktop\PIC_code\BP USB code\Firmware\main.c
                 High_ISR   0x000008    program     extern C:\Users\Domingos\Desktop\PIC_code\BP USB code\Firmware\main.c
         InitializeSystem   0x001e96    program     static C:\Users\Domingos\Desktop\PIC_code\BP USB code\Firmware\main.c
                  Low_ISR   0x000018    program     extern C:\Users\Domingos\Desktop\PIC_code\BP USB code\Firmware\main.c
                ProcessIO   0x001ecc    program     extern C:\Users\Domingos\Desktop\PIC_code\BP USB code\Firmware\main.c
                  ReadPOT   0x001ee6    program     extern C:\Users\Domingos\Desktop\PIC_code\BP USB code\Firmware\main.c
        Remapped_High_ISR   0x001008    program     extern C:\Users\Domingos\Desktop\PIC_code\BP USB code\Firmware\main.c
         Remapped_Low_ISR   0x001018    program     extern C:\Users\Domingos\Desktop\PIC_code\BP USB code\Firmware\main.c
       USBCBCheckOtherReq   0x001f9a    program     extern C:\Users\Domingos\Desktop\PIC_code\BP USB code\Firmware\main.c
        USBCBErrorHandler   0x001f98    program     extern C:\Users\Domingos\Desktop\PIC_code\BP USB code\Firmware\main.c
              USBCBInitEP   0x001fa0    program     extern C:\Users\Domingos\Desktop\PIC_code\BP USB code\Firmware\main.c
          USBCBSendResume   0x001fd8    program     extern C:\Users\Domingos\Desktop\PIC_code\BP USB code\Firmware\main.c
    USBCBStdSetDscHandler   0x001f9e    program     extern C:\Users\Domingos\Desktop\PIC_code\BP USB code\Firmware\main.c
             USBCBSuspend   0x001f92    program     extern C:\Users\Domingos\Desktop\PIC_code\BP USB code\Firmware\main.c
     USBCBWakeFromSuspend   0x001f94    program     extern C:\Users\Domingos\Desktop\PIC_code\BP USB code\Firmware\main.c
        USBCB_SOF_Handler   0x001f96    program     extern C:\Users\Domingos\Desktop\PIC_code\BP USB code\Firmware\main.c
              USBCancelIO   0x0012f6    program     extern C:\Users\Domingos\Desktop\PIC_code\BP USB code\Firmware\USB\usb_device.c
       USBCheckHIDRequest   0x0020b4    program     extern C:\Users\Domingos\Desktop\PIC_code\BP USB code\Firmware\USB\usb_function_hid.c
       USBCheckStdRequest   0x0018f0    program     static C:\Users\Domingos\Desktop\PIC_code\BP USB code\Firmware\USB\usb_device.c
     USBConfigureEndpoint   0x0013e6    program     static C:\Users\Domingos\Desktop\PIC_code\BP USB code\Firmware\USB\usb_device.c
  USBCtrlEPAllowDataStage   0x0013a8    program     extern C:\Users\Domingos\Desktop\PIC_code\BP USB code\Firmware\USB\usb_device.c
USBCtrlEPAllowStatusStage   0x00135c    program     extern C:\Users\Domingos\Desktop\PIC_code\BP USB code\Firmware\USB\usb_device.c
         USBCtrlEPService   0x001794    program     static C:\Users\Domingos\Desktop\PIC_code\BP USB code\Firmware\USB\usb_device.c
 USBCtrlEPServiceComplete   0x001442    program     static C:\Users\Domingos\Desktop\PIC_code\BP USB code\Firmware\USB\usb_device.c
      USBCtrlTrfInHandler   0x001876    program     static C:\Users\Domingos\Desktop\PIC_code\BP USB code\Firmware\USB\usb_device.c
     USBCtrlTrfOutHandler   0x001858    program     static C:\Users\Domingos\Desktop\PIC_code\BP USB code\Firmware\USB\usb_device.c
      USBCtrlTrfRxService   0x00151c    program     static C:\Users\Domingos\Desktop\PIC_code\BP USB code\Firmware\USB\usb_device.c
   USBCtrlTrfSetupHandler   0x001822    program     static C:\Users\Domingos\Desktop\PIC_code\BP USB code\Firmware\USB\usb_device.c
      USBCtrlTrfTxService   0x00149c    program     static C:\Users\Domingos\Desktop\PIC_code\BP USB code\Firmware\USB\usb_device.c
          USBDeviceAttach   0x001336    program     extern C:\Users\Domingos\Desktop\PIC_code\BP USB code\Firmware\USB\usb_device.c
          USBDeviceDetach   0x00132c    program     extern C:\Users\Domingos\Desktop\PIC_code\BP USB code\Firmware\USB\usb_device.c
            USBDeviceInit   0x00102c    program     extern C:\Users\Domingos\Desktop\PIC_code\BP USB code\Firmware\USB\usb_device.c
           USBDeviceTasks   0x0010d2    program     extern C:\Users\Domingos\Desktop\PIC_code\BP USB code\Firmware\USB\usb_device.c
        USBEnableEndpoint   0x0011f0    program     extern C:\Users\Domingos\Desktop\PIC_code\BP USB code\Firmware\USB\usb_device.c
         USBStallEndpoint   0x0012c4    program     extern C:\Users\Domingos\Desktop\PIC_code\BP USB code\Firmware\USB\usb_device.c
          USBStallHandler   0x001746    program     static C:\Users\Domingos\Desktop\PIC_code\BP USB code\Firmware\USB\usb_device.c
  USBStdFeatureReqHandler   0x001998    program     static C:\Users\Domingos\Desktop\PIC_code\BP USB code\Firmware\USB\usb_device.c
      USBStdGetDscHandler   0x001656    program     static C:\Users\Domingos\Desktop\PIC_code\BP USB code\Firmware\USB\usb_device.c
   USBStdGetStatusHandler   0x0016d0    program     static C:\Users\Domingos\Desktop\PIC_code\BP USB code\Firmware\USB\usb_device.c
      USBStdSetCfgHandler   0x0015e4    program     static C:\Users\Domingos\Desktop\PIC_code\BP USB code\Firmware\USB\usb_device.c
               USBSuspend   0x001768    program     static C:\Users\Domingos\Desktop\PIC_code\BP USB code\Firmware\USB\usb_device.c
     USBTransferOnePacket   0x001238    program     extern C:\Users\Domingos\Desktop\PIC_code\BP USB code\Firmware\USB\usb_device.c
       USBWakeFromSuspend   0x00177c    program     static C:\Users\Domingos\Desktop\PIC_code\BP USB code\Firmware\USB\usb_device.c
               USB_CD_Ptr   0x002239    program     extern C:\Users\Domingos\Desktop\PIC_code\BP USB code\Firmware\usb_descriptors.c
               USB_SD_Ptr   0x00223b    program     extern C:\Users\Domingos\Desktop\PIC_code\BP USB code\Firmware\usb_descriptors.c
USER_USB_CALLBACK_EVENT_HANDLER   0x002020    program     extern C:\Users\Domingos\Desktop\PIC_code\BP USB code\Firmware\main.c
                 UserInit   0x001ec0    program     extern C:\Users\Domingos\Desktop\PIC_code\BP USB code\Firmware\main.c
  YourHighPriorityISRCode   0x001d52    program     extern C:\Users\Domingos\Desktop\PIC_code\BP USB code\Firmware\main.c
   YourLowPriorityISRCode   0x001e6a    program     extern C:\Users\Domingos\Desktop\PIC_code\BP USB code\Firmware\main.c
              _2jContinue   0x002300    program     static E:\MPASM_MPLINK_PIC18_LT_Branch_3_42\pic18-lt\cxx-framework\src\traditional\stdclib\memset.asm
                   _3jEnd   0x00230a    program     static E:\MPASM_MPLINK_PIC18_LT_Branch_3_42\pic18-lt\cxx-framework\src\traditional\stdclib\memset.asm
       ___return_lbl00000   0x000004    program     static                          
       ___return_lbl00000   0x001004    program     static                          
       ___return_lbl00001   0x00234e    program     static                          
       ___return_lbl00001   0x00100c    program     static                          
       ___return_lbl00002   0x0022de    program     static                          
       ___return_lbl00002   0x00101c    program     static                          
       ___return_lbl00003   0x00000c    program     static                          
       ___return_lbl00004   0x00001c    program     static                          
               __config_0   0x300000    program     static C:\Users\Domingos\Desktop\PIC_code\BP USB code\Firmware\main.c
               __config_1   0x300001    program     static C:\Users\Domingos\Desktop\PIC_code\BP USB code\Firmware\main.c
              __config_10   0x30000c    program     static C:\Users\Domingos\Desktop\PIC_code\BP USB code\Firmware\main.c
              __config_11   0x30000d    program     static C:\Users\Domingos\Desktop\PIC_code\BP USB code\Firmware\main.c
               __config_2   0x300002    program     static C:\Users\Domingos\Desktop\PIC_code\BP USB code\Firmware\main.c
               __config_3   0x300003    program     static C:\Users\Domingos\Desktop\PIC_code\BP USB code\Firmware\main.c
               __config_4   0x300005    program     static C:\Users\Domingos\Desktop\PIC_code\BP USB code\Firmware\main.c
               __config_5   0x300006    program     static C:\Users\Domingos\Desktop\PIC_code\BP USB code\Firmware\main.c
               __config_6   0x300008    program     static C:\Users\Domingos\Desktop\PIC_code\BP USB code\Firmware\main.c
               __config_7   0x300009    program     static C:\Users\Domingos\Desktop\PIC_code\BP USB code\Firmware\main.c
               __config_8   0x30000a    program     static C:\Users\Domingos\Desktop\PIC_code\BP USB code\Firmware\main.c
               __config_9   0x30000b    program     static C:\Users\Domingos\Desktop\PIC_code\BP USB code\Firmware\main.c
                   __init   0x001006    program     extern E:\MPASM_MPLINK_PIC18_LT_Branch_3_42\pic18-lt\cxx-framework\src\traditional\stdclib\__init.c
                   __pa_0   0x001ac2    program     static C:\Users\Domingos\Desktop\PIC_code\BP USB code\Firmware\USB\usb_device.c
                   __pa_1   0x001aca    program     static C:\Users\Domingos\Desktop\PIC_code\BP USB code\Firmware\USB\usb_device.c
                  __pa_10   0x001b28    program     static C:\Users\Domingos\Desktop\PIC_code\BP USB code\Firmware\USB\usb_device.c
                  __pa_11   0x001b32    program     static C:\Users\Domingos\Desktop\PIC_code\BP USB code\Firmware\USB\usb_device.c
                  __pa_12   0x001b46    program     static C:\Users\Domingos\Desktop\PIC_code\BP USB code\Firmware\USB\usb_device.c
                  __pa_13   0x001b66    program     static C:\Users\Domingos\Desktop\PIC_code\BP USB code\Firmware\USB\usb_device.c
                  __pa_14   0x001b7a    program     static C:\Users\Domingos\Desktop\PIC_code\BP USB code\Firmware\USB\usb_device.c
                  __pa_15   0x001b8c    program     static C:\Users\Domingos\Desktop\PIC_code\BP USB code\Firmware\USB\usb_device.c
                  __pa_16   0x001b98    program     static C:\Users\Domingos\Desktop\PIC_code\BP USB code\Firmware\USB\usb_device.c
                  __pa_17   0x001bb2    program     static C:\Users\Domingos\Desktop\PIC_code\BP USB code\Firmware\USB\usb_device.c
                  __pa_18   0x001bbe    program     static C:\Users\Domingos\Desktop\PIC_code\BP USB code\Firmware\USB\usb_device.c
                  __pa_19   0x001bca    program     static C:\Users\Domingos\Desktop\PIC_code\BP USB code\Firmware\USB\usb_device.c
                   __pa_2   0x001ad4    program     static C:\Users\Domingos\Desktop\PIC_code\BP USB code\Firmware\USB\usb_device.c
                  __pa_20   0x001bd2    program     static C:\Users\Domingos\Desktop\PIC_code\BP USB code\Firmware\USB\usb_device.c
                  __pa_21   0x001bda    program     static C:\Users\Domingos\Desktop\PIC_code\BP USB code\Firmware\USB\usb_device.c
                  __pa_22   0x001be6    program     static C:\Users\Domingos\Desktop\PIC_code\BP USB code\Firmware\USB\usb_device.c
                  __pa_23   0x001bf6    program     static C:\Users\Domingos\Desktop\PIC_code\BP USB code\Firmware\USB\usb_device.c
                  __pa_24   0x001c06    program     static C:\Users\Domingos\Desktop\PIC_code\BP USB code\Firmware\USB\usb_device.c
                  __pa_25   0x001c16    program     static C:\Users\Domingos\Desktop\PIC_code\BP USB code\Firmware\USB\usb_device.c
                  __pa_26   0x001c26    program     static C:\Users\Domingos\Desktop\PIC_code\BP USB code\Firmware\USB\usb_device.c
                  __pa_27   0x001c34    program     static C:\Users\Domingos\Desktop\PIC_code\BP USB code\Firmware\USB\usb_device.c
                  __pa_28   0x001c42    program     static C:\Users\Domingos\Desktop\PIC_code\BP USB code\Firmware\USB\usb_device.c
                  __pa_29   0x001c50    program     static C:\Users\Domingos\Desktop\PIC_code\BP USB code\Firmware\USB\usb_device.c
                   __pa_3   0x001adc    program     static C:\Users\Domingos\Desktop\PIC_code\BP USB code\Firmware\USB\usb_device.c
                  __pa_30   0x001c5e    program     static C:\Users\Domingos\Desktop\PIC_code\BP USB code\Firmware\USB\usb_device.c
                  __pa_31   0x001c68    program     static C:\Users\Domingos\Desktop\PIC_code\BP USB code\Firmware\USB\usb_device.c
                  __pa_32   0x001c80    program     static C:\Users\Domingos\Desktop\PIC_code\BP USB code\Firmware\USB\usb_device.c
                  __pa_33   0x001c8c    program     static C:\Users\Domingos\Desktop\PIC_code\BP USB code\Firmware\USB\usb_device.c
                  __pa_34   0x001c94    program     static C:\Users\Domingos\Desktop\PIC_code\BP USB code\Firmware\USB\usb_device.c
                  __pa_35   0x001ca8    program     static C:\Users\Domingos\Desktop\PIC_code\BP USB code\Firmware\USB\usb_device.c
                  __pa_36   0x001cb6    program     static C:\Users\Domingos\Desktop\PIC_code\BP USB code\Firmware\USB\usb_device.c
                  __pa_37   0x001cc0    program     static C:\Users\Domingos\Desktop\PIC_code\BP USB code\Firmware\USB\usb_device.c
                  __pa_38   0x001cca    program     static C:\Users\Domingos\Desktop\PIC_code\BP USB code\Firmware\USB\usb_device.c
                  __pa_39   0x001cd0    program     static C:\Users\Domingos\Desktop\PIC_code\BP USB code\Firmware\USB\usb_device.c
                   __pa_4   0x001ae6    program     static C:\Users\Domingos\Desktop\PIC_code\BP USB code\Firmware\USB\usb_device.c
                  __pa_40   0x001cd8    program     static C:\Users\Domingos\Desktop\PIC_code\BP USB code\Firmware\USB\usb_device.c
                  __pa_41   0x001ce8    program     static C:\Users\Domingos\Desktop\PIC_code\BP USB code\Firmware\USB\usb_device.c
                  __pa_42   0x001cee    program     static C:\Users\Domingos\Desktop\PIC_code\BP USB code\Firmware\USB\usb_device.c
                  __pa_43   0x001cfc    program     static C:\Users\Domingos\Desktop\PIC_code\BP USB code\Firmware\USB\usb_device.c
                  __pa_44   0x001d0a    program     static C:\Users\Domingos\Desktop\PIC_code\BP USB code\Firmware\USB\usb_device.c
                  __pa_45   0x001d18    program     static C:\Users\Domingos\Desktop\PIC_code\BP USB code\Firmware\USB\usb_device.c
                  __pa_46   0x001d22    program     static C:\Users\Domingos\Desktop\PIC_code\BP USB code\Firmware\USB\usb_device.c
                  __pa_47   0x001d2c    program     static C:\Users\Domingos\Desktop\PIC_code\BP USB code\Firmware\USB\usb_device.c
                  __pa_48   0x001d34    program     static C:\Users\Domingos\Desktop\PIC_code\BP USB code\Firmware\USB\usb_device.c
                  __pa_49   0x001d40    program     static C:\Users\Domingos\Desktop\PIC_code\BP USB code\Firmware\USB\usb_device.c
                   __pa_5   0x001af0    program     static C:\Users\Domingos\Desktop\PIC_code\BP USB code\Firmware\USB\usb_device.c
                  __pa_50   0x001d4a    program     static C:\Users\Domingos\Desktop\PIC_code\BP USB code\Firmware\USB\usb_device.c
                   __pa_6   0x001afa    program     static C:\Users\Domingos\Desktop\PIC_code\BP USB code\Firmware\USB\usb_device.c
                   __pa_7   0x001b02    program     static C:\Users\Domingos\Desktop\PIC_code\BP USB code\Firmware\USB\usb_device.c
                   __pa_8   0x001b12    program     static C:\Users\Domingos\Desktop\PIC_code\BP USB code\Firmware\USB\usb_device.c
                   __pa_9   0x001b1c    program     static C:\Users\Domingos\Desktop\PIC_code\BP USB code\Firmware\USB\usb_device.c
              __tmplbl_24   0x001afa    program     static                          
              __tmplbl_33   0x001afa    program     static                          
              __tmplbl_36   0x001afa    program     static                          
              __tmplbl_37   0x001afa    program     static                          
              __tmplbl_38   0x001afa    program     static                          
            __zero_memory   0x002314    program     extern E:\MPASM_MPLINK_PIC18_LT_Branch_3_42\pic18-lt\cxx-framework\src\traditional\proc\p18f14k50.asm
                _do_cinit   0x002242    program     extern E:\MPASM_MPLINK_PIC18_LT_Branch_3_42\pic18-lt\cxx-framework\src\traditional\startup\c018i.c
                   _entry   0x000000    program     extern E:\MPASM_MPLINK_PIC18_LT_Branch_3_42\pic18-lt\cxx-framework\src\traditional\startup\c018i.c
                   _reset   0x001000    program     extern C:\Users\Domingos\Desktop\PIC_code\BP USB code\Firmware\main.c
                 _startup   0x002334    program     extern E:\MPASM_MPLINK_PIC18_LT_Branch_3_42\pic18-lt\cxx-framework\src\traditional\startup\c018i.c
                compare_l   0x00232a    program     static E:\MPASM_MPLINK_PIC18_LT_Branch_3_42\pic18-lt\cxx-framework\src\traditional\proc\p18f14k50.asm
        configDescriptor1   0x00218e    program     extern C:\Users\Domingos\Desktop\PIC_code\BP USB code\Firmware\usb_descriptors.c
                copy_loop   0x0022b4    program     static                          
            copy_one_byte   0x0022ba    program     static                          
               device_dsc   0x00217c    program     extern C:\Users\Domingos\Desktop\PIC_code\BP USB code\Firmware\usb_descriptors.c
                     done   0x0022de    program     static                          
             done_copying   0x0022c8    program     static                          
                hid_rpt01   0x00221d    program     extern C:\Users\Domingos\Desktop\PIC_code\BP USB code\Firmware\usb_descriptors.c
                     jEnd   0x002312    program     static E:\MPASM_MPLINK_PIC18_LT_Branch_3_42\pic18-lt\cxx-framework\src\traditional\stdclib\memset.asm
                    jLoop   0x0022f4    program     static E:\MPASM_MPLINK_PIC18_LT_Branch_3_42\pic18-lt\cxx-framework\src\traditional\stdclib\memset.asm
                     loop   0x002344    program     static                          
                   loop_h   0x002322    program     static E:\MPASM_MPLINK_PIC18_LT_Branch_3_42\pic18-lt\cxx-framework\src\traditional\proc\p18f14k50.asm
                   loop_l   0x00232c    program     static E:\MPASM_MPLINK_PIC18_LT_Branch_3_42\pic18-lt\cxx-framework\src\traditional\proc\p18f14k50.asm
                     main   0x001e8c    program     extern C:\Users\Domingos\Desktop\PIC_code\BP USB code\Firmware\main.c
                   memset   0x0022e0    program     extern E:\MPASM_MPLINK_PIC18_LT_Branch_3_42\pic18-lt\cxx-framework\src\traditional\stdclib\memset.asm
                    sd000   0x0021b7    program     extern C:\Users\Domingos\Desktop\PIC_code\BP USB code\Firmware\usb_descriptors.c
                    sd001   0x0021bb    program     extern C:\Users\Domingos\Desktop\PIC_code\BP USB code\Firmware\usb_descriptors.c
                    sd002   0x0021ef    program     extern C:\Users\Domingos\Desktop\PIC_code\BP USB code\Firmware\usb_descriptors.c
                     test   0x00225c    program     static                          
               zero_block   0x002322    program     static E:\MPASM_MPLINK_PIC18_LT_Branch_3_42\pic18-lt\cxx-framework\src\traditional\proc\p18f14k50.asm
                   ADCON0   0x000fc2       data     extern E:\MPASM_MPLINK_PIC18_LT_Branch_3_42\pic18-lt\cxx-framework\src\traditional\proc\p18f14k50.asm
               ADCON0bits   0x000fc2       data     extern E:\MPASM_MPLINK_PIC18_LT_Branch_3_42\pic18-lt\cxx-framework\src\traditional\proc\p18f14k50.asm
                   ADCON1   0x000fc1       data     extern E:\MPASM_MPLINK_PIC18_LT_Branch_3_42\pic18-lt\cxx-framework\src\traditional\proc\p18f14k50.asm
               ADCON1bits   0x000fc1       data     extern E:\MPASM_MPLINK_PIC18_LT_Branch_3_42\pic18-lt\cxx-framework\src\traditional\proc\p18f14k50.asm
                   ADCON2   0x000fc0       data     extern E:\MPASM_MPLINK_PIC18_LT_Branch_3_42\pic18-lt\cxx-framework\src\traditional\proc\p18f14k50.asm
               ADCON2bits   0x000fc0       data     extern E:\MPASM_MPLINK_PIC18_LT_Branch_3_42\pic18-lt\cxx-framework\src\traditional\proc\p18f14k50.asm
                    ADRES   0x000fc3       data     extern E:\MPASM_MPLINK_PIC18_LT_Branch_3_42\pic18-lt\cxx-framework\src\traditional\proc\p18f14k50.asm
                   ADRESH   0x000fc4       data     extern E:\MPASM_MPLINK_PIC18_LT_Branch_3_42\pic18-lt\cxx-framework\src\traditional\proc\p18f14k50.asm
                   ADRESL   0x000fc3       data     extern E:\MPASM_MPLINK_PIC18_LT_Branch_3_42\pic18-lt\cxx-framework\src\traditional\proc\p18f14k50.asm
                    ANSEL   0x000f7e       data     extern E:\MPASM_MPLINK_PIC18_LT_Branch_3_42\pic18-lt\cxx-framework\src\traditional\proc\p18f14k50.asm
                   ANSELH   0x000f7f       data     extern E:\MPASM_MPLINK_PIC18_LT_Branch_3_42\pic18-lt\cxx-framework\src\traditional\proc\p18f14k50.asm
               ANSELHbits   0x000f7f       data     extern E:\MPASM_MPLINK_PIC18_LT_Branch_3_42\pic18-lt\cxx-framework\src\traditional\proc\p18f14k50.asm
                ANSELbits   0x000f7e       data     extern E:\MPASM_MPLINK_PIC18_LT_Branch_3_42\pic18-lt\cxx-framework\src\traditional\proc\p18f14k50.asm
                  BAUDCON   0x000fb8       data     extern E:\MPASM_MPLINK_PIC18_LT_Branch_3_42\pic18-lt\cxx-framework\src\traditional\proc\p18f14k50.asm
              BAUDCONbits   0x000fb8       data     extern E:\MPASM_MPLINK_PIC18_LT_Branch_3_42\pic18-lt\cxx-framework\src\traditional\proc\p18f14k50.asm
                  BAUDCTL   0x000fb8       data     extern E:\MPASM_MPLINK_PIC18_LT_Branch_3_42\pic18-lt\cxx-framework\src\traditional\proc\p18f14k50.asm
              BAUDCTLbits   0x000fb8       data     extern E:\MPASM_MPLINK_PIC18_LT_Branch_3_42\pic18-lt\cxx-framework\src\traditional\proc\p18f14k50.asm
                      BDT   0x000200       data     extern C:\Users\Domingos\Desktop\PIC_code\BP USB code\Firmware\USB\usb_device.c
                      BSR   0x000fe0       data     extern E:\MPASM_MPLINK_PIC18_LT_Branch_3_42\pic18-lt\cxx-framework\src\traditional\proc\p18f14k50.asm
       BothEP0OutUOWNsSet   0x000083       data     extern C:\Users\Domingos\Desktop\PIC_code\BP USB code\Firmware\USB\usb_device.c
                  CCP1CON   0x000fbd       data     extern E:\MPASM_MPLINK_PIC18_LT_Branch_3_42\pic18-lt\cxx-framework\src\traditional\proc\p18f14k50.asm
              CCP1CONbits   0x000fbd       data     extern E:\MPASM_MPLINK_PIC18_LT_Branch_3_42\pic18-lt\cxx-framework\src\traditional\proc\p18f14k50.asm
                    CCPR1   0x000fbe       data     extern E:\MPASM_MPLINK_PIC18_LT_Branch_3_42\pic18-lt\cxx-framework\src\traditional\proc\p18f14k50.asm
                   CCPR1H   0x000fbf       data     extern E:\MPASM_MPLINK_PIC18_LT_Branch_3_42\pic18-lt\cxx-framework\src\traditional\proc\p18f14k50.asm
                   CCPR1L   0x000fbe       data     extern E:\MPASM_MPLINK_PIC18_LT_Branch_3_42\pic18-lt\cxx-framework\src\traditional\proc\p18f14k50.asm
                  CM1CON0   0x000f6d       data     extern E:\MPASM_MPLINK_PIC18_LT_Branch_3_42\pic18-lt\cxx-framework\src\traditional\proc\p18f14k50.asm
              CM1CON0bits   0x000f6d       data     extern E:\MPASM_MPLINK_PIC18_LT_Branch_3_42\pic18-lt\cxx-framework\src\traditional\proc\p18f14k50.asm
                  CM2CON0   0x000f6b       data     extern E:\MPASM_MPLINK_PIC18_LT_Branch_3_42\pic18-lt\cxx-framework\src\traditional\proc\p18f14k50.asm
              CM2CON0bits   0x000f6b       data     extern E:\MPASM_MPLINK_PIC18_LT_Branch_3_42\pic18-lt\cxx-framework\src\traditional\proc\p18f14k50.asm
                  CM2CON1   0x000f6c       data     extern E:\MPASM_MPLINK_PIC18_LT_Branch_3_42\pic18-lt\cxx-framework\src\traditional\proc\p18f14k50.asm
              CM2CON1bits   0x000f6c       data     extern E:\MPASM_MPLINK_PIC18_LT_Branch_3_42\pic18-lt\cxx-framework\src\traditional\proc\p18f14k50.asm
              CtrlTrfData   0x000228       data     extern C:\Users\Domingos\Desktop\PIC_code\BP USB code\Firmware\USB\usb_device.c
                     DDRA   0x000f92       data     extern E:\MPASM_MPLINK_PIC18_LT_Branch_3_42\pic18-lt\cxx-framework\src\traditional\proc\p18f14k50.asm
                 DDRAbits   0x000f92       data     extern E:\MPASM_MPLINK_PIC18_LT_Branch_3_42\pic18-lt\cxx-framework\src\traditional\proc\p18f14k50.asm
                     DDRB   0x000f93       data     extern E:\MPASM_MPLINK_PIC18_LT_Branch_3_42\pic18-lt\cxx-framework\src\traditional\proc\p18f14k50.asm
                 DDRBbits   0x000f93       data     extern E:\MPASM_MPLINK_PIC18_LT_Branch_3_42\pic18-lt\cxx-framework\src\traditional\proc\p18f14k50.asm
                     DDRC   0x000f94       data     extern E:\MPASM_MPLINK_PIC18_LT_Branch_3_42\pic18-lt\cxx-framework\src\traditional\proc\p18f14k50.asm
                 DDRCbits   0x000f94       data     extern E:\MPASM_MPLINK_PIC18_LT_Branch_3_42\pic18-lt\cxx-framework\src\traditional\proc\p18f14k50.asm
                  ECCP1AS   0x000fb6       data     extern E:\MPASM_MPLINK_PIC18_LT_Branch_3_42\pic18-lt\cxx-framework\src\traditional\proc\p18f14k50.asm
              ECCP1ASbits   0x000fb6       data     extern E:\MPASM_MPLINK_PIC18_LT_Branch_3_42\pic18-lt\cxx-framework\src\traditional\proc\p18f14k50.asm
                    EEADR   0x000fa9       data     extern E:\MPASM_MPLINK_PIC18_LT_Branch_3_42\pic18-lt\cxx-framework\src\traditional\proc\p18f14k50.asm
                EEADRbits   0x000fa9       data     extern E:\MPASM_MPLINK_PIC18_LT_Branch_3_42\pic18-lt\cxx-framework\src\traditional\proc\p18f14k50.asm
                   EECON1   0x000fa6       data     extern E:\MPASM_MPLINK_PIC18_LT_Branch_3_42\pic18-lt\cxx-framework\src\traditional\proc\p18f14k50.asm
               EECON1bits   0x000fa6       data     extern E:\MPASM_MPLINK_PIC18_LT_Branch_3_42\pic18-lt\cxx-framework\src\traditional\proc\p18f14k50.asm
                   EECON2   0x000fa7       data     extern E:\MPASM_MPLINK_PIC18_LT_Branch_3_42\pic18-lt\cxx-framework\src\traditional\proc\p18f14k50.asm
                   EEDATA   0x000fa8       data     extern E:\MPASM_MPLINK_PIC18_LT_Branch_3_42\pic18-lt\cxx-framework\src\traditional\proc\p18f14k50.asm
                     FSR0   0x000fe9       data     extern E:\MPASM_MPLINK_PIC18_LT_Branch_3_42\pic18-lt\cxx-framework\src\traditional\proc\p18f14k50.asm
                    FSR0H   0x000fea       data     extern E:\MPASM_MPLINK_PIC18_LT_Branch_3_42\pic18-lt\cxx-framework\src\traditional\proc\p18f14k50.asm
                    FSR0L   0x000fe9       data     extern E:\MPASM_MPLINK_PIC18_LT_Branch_3_42\pic18-lt\cxx-framework\src\traditional\proc\p18f14k50.asm
                     FSR1   0x000fe1       data     extern E:\MPASM_MPLINK_PIC18_LT_Branch_3_42\pic18-lt\cxx-framework\src\traditional\proc\p18f14k50.asm
                    FSR1H   0x000fe2       data     extern E:\MPASM_MPLINK_PIC18_LT_Branch_3_42\pic18-lt\cxx-framework\src\traditional\proc\p18f14k50.asm
                    FSR1L   0x000fe1       data     extern E:\MPASM_MPLINK_PIC18_LT_Branch_3_42\pic18-lt\cxx-framework\src\traditional\proc\p18f14k50.asm
                     FSR2   0x000fd9       data     extern E:\MPASM_MPLINK_PIC18_LT_Branch_3_42\pic18-lt\cxx-framework\src\traditional\proc\p18f14k50.asm
                    FSR2H   0x000fda       data     extern E:\MPASM_MPLINK_PIC18_LT_Branch_3_42\pic18-lt\cxx-framework\src\traditional\proc\p18f14k50.asm
                    FSR2L   0x000fd9       data     extern E:\MPASM_MPLINK_PIC18_LT_Branch_3_42\pic18-lt\cxx-framework\src\traditional\proc\p18f14k50.asm
                    INDF0   0x000fef       data     extern E:\MPASM_MPLINK_PIC18_LT_Branch_3_42\pic18-lt\cxx-framework\src\traditional\proc\p18f14k50.asm
                    INDF1   0x000fe7       data     extern E:\MPASM_MPLINK_PIC18_LT_Branch_3_42\pic18-lt\cxx-framework\src\traditional\proc\p18f14k50.asm
                    INDF2   0x000fdf       data     extern E:\MPASM_MPLINK_PIC18_LT_Branch_3_42\pic18-lt\cxx-framework\src\traditional\proc\p18f14k50.asm
                   INTCON   0x000ff2       data     extern E:\MPASM_MPLINK_PIC18_LT_Branch_3_42\pic18-lt\cxx-framework\src\traditional\proc\p18f14k50.asm
                  INTCON2   0x000ff1       data     extern E:\MPASM_MPLINK_PIC18_LT_Branch_3_42\pic18-lt\cxx-framework\src\traditional\proc\p18f14k50.asm
              INTCON2bits   0x000ff1       data     extern E:\MPASM_MPLINK_PIC18_LT_Branch_3_42\pic18-lt\cxx-framework\src\traditional\proc\p18f14k50.asm
                  INTCON3   0x000ff0       data     extern E:\MPASM_MPLINK_PIC18_LT_Branch_3_42\pic18-lt\cxx-framework\src\traditional\proc\p18f14k50.asm
              INTCON3bits   0x000ff0       data     extern E:\MPASM_MPLINK_PIC18_LT_Branch_3_42\pic18-lt\cxx-framework\src\traditional\proc\p18f14k50.asm
               INTCONbits   0x000ff2       data     extern E:\MPASM_MPLINK_PIC18_LT_Branch_3_42\pic18-lt\cxx-framework\src\traditional\proc\p18f14k50.asm
                     IOCA   0x000f79       data     extern E:\MPASM_MPLINK_PIC18_LT_Branch_3_42\pic18-lt\cxx-framework\src\traditional\proc\p18f14k50.asm
                 IOCAbits   0x000f79       data     extern E:\MPASM_MPLINK_PIC18_LT_Branch_3_42\pic18-lt\cxx-framework\src\traditional\proc\p18f14k50.asm
                     IOCB   0x000f7a       data     extern E:\MPASM_MPLINK_PIC18_LT_Branch_3_42\pic18-lt\cxx-framework\src\traditional\proc\p18f14k50.asm
                 IOCBbits   0x000f7a       data     extern E:\MPASM_MPLINK_PIC18_LT_Branch_3_42\pic18-lt\cxx-framework\src\traditional\proc\p18f14k50.asm
                     IPR1   0x000f9f       data     extern E:\MPASM_MPLINK_PIC18_LT_Branch_3_42\pic18-lt\cxx-framework\src\traditional\proc\p18f14k50.asm
                 IPR1bits   0x000f9f       data     extern E:\MPASM_MPLINK_PIC18_LT_Branch_3_42\pic18-lt\cxx-framework\src\traditional\proc\p18f14k50.asm
                     IPR2   0x000fa2       data     extern E:\MPASM_MPLINK_PIC18_LT_Branch_3_42\pic18-lt\cxx-framework\src\traditional\proc\p18f14k50.asm
                 IPR2bits   0x000fa2       data     extern E:\MPASM_MPLINK_PIC18_LT_Branch_3_42\pic18-lt\cxx-framework\src\traditional\proc\p18f14k50.asm
                     LATA   0x000f89       data     extern E:\MPASM_MPLINK_PIC18_LT_Branch_3_42\pic18-lt\cxx-framework\src\traditional\proc\p18f14k50.asm
                 LATAbits   0x000f89       data     extern E:\MPASM_MPLINK_PIC18_LT_Branch_3_42\pic18-lt\cxx-framework\src\traditional\proc\p18f14k50.asm
                     LATB   0x000f8a       data     extern E:\MPASM_MPLINK_PIC18_LT_Branch_3_42\pic18-lt\cxx-framework\src\traditional\proc\p18f14k50.asm
                 LATBbits   0x000f8a       data     extern E:\MPASM_MPLINK_PIC18_LT_Branch_3_42\pic18-lt\cxx-framework\src\traditional\proc\p18f14k50.asm
                     LATC   0x000f8b       data     extern E:\MPASM_MPLINK_PIC18_LT_Branch_3_42\pic18-lt\cxx-framework\src\traditional\proc\p18f14k50.asm
                 LATCbits   0x000f8b       data     extern E:\MPASM_MPLINK_PIC18_LT_Branch_3_42\pic18-lt\cxx-framework\src\traditional\proc\p18f14k50.asm
                   OSCCON   0x000fd3       data     extern E:\MPASM_MPLINK_PIC18_LT_Branch_3_42\pic18-lt\cxx-framework\src\traditional\proc\p18f14k50.asm
                  OSCCON2   0x000fd2       data     extern E:\MPASM_MPLINK_PIC18_LT_Branch_3_42\pic18-lt\cxx-framework\src\traditional\proc\p18f14k50.asm
              OSCCON2bits   0x000fd2       data     extern E:\MPASM_MPLINK_PIC18_LT_Branch_3_42\pic18-lt\cxx-framework\src\traditional\proc\p18f14k50.asm
               OSCCONbits   0x000fd3       data     extern E:\MPASM_MPLINK_PIC18_LT_Branch_3_42\pic18-lt\cxx-framework\src\traditional\proc\p18f14k50.asm
                  OSCTUNE   0x000f9b       data     extern E:\MPASM_MPLINK_PIC18_LT_Branch_3_42\pic18-lt\cxx-framework\src\traditional\proc\p18f14k50.asm
              OSCTUNEbits   0x000f9b       data     extern E:\MPASM_MPLINK_PIC18_LT_Branch_3_42\pic18-lt\cxx-framework\src\traditional\proc\p18f14k50.asm
                       PC   0x000ff9       data     extern E:\MPASM_MPLINK_PIC18_LT_Branch_3_42\pic18-lt\cxx-framework\src\traditional\proc\p18f14k50.asm
                      PCL   0x000ff9       data     extern E:\MPASM_MPLINK_PIC18_LT_Branch_3_42\pic18-lt\cxx-framework\src\traditional\proc\p18f14k50.asm
                   PCLATH   0x000ffa       data     extern E:\MPASM_MPLINK_PIC18_LT_Branch_3_42\pic18-lt\cxx-framework\src\traditional\proc\p18f14k50.asm
                   PCLATU   0x000ffb       data     extern E:\MPASM_MPLINK_PIC18_LT_Branch_3_42\pic18-lt\cxx-framework\src\traditional\proc\p18f14k50.asm
                     PIE1   0x000f9d       data     extern E:\MPASM_MPLINK_PIC18_LT_Branch_3_42\pic18-lt\cxx-framework\src\traditional\proc\p18f14k50.asm
                 PIE1bits   0x000f9d       data     extern E:\MPASM_MPLINK_PIC18_LT_Branch_3_42\pic18-lt\cxx-framework\src\traditional\proc\p18f14k50.asm
                     PIE2   0x000fa0       data     extern E:\MPASM_MPLINK_PIC18_LT_Branch_3_42\pic18-lt\cxx-framework\src\traditional\proc\p18f14k50.asm
                 PIE2bits   0x000fa0       data     extern E:\MPASM_MPLINK_PIC18_LT_Branch_3_42\pic18-lt\cxx-framework\src\traditional\proc\p18f14k50.asm
                     PIR1   0x000f9e       data     extern E:\MPASM_MPLINK_PIC18_LT_Branch_3_42\pic18-lt\cxx-framework\src\traditional\proc\p18f14k50.asm
                 PIR1bits   0x000f9e       data     extern E:\MPASM_MPLINK_PIC18_LT_Branch_3_42\pic18-lt\cxx-framework\src\traditional\proc\p18f14k50.asm
                     PIR2   0x000fa1       data     extern E:\MPASM_MPLINK_PIC18_LT_Branch_3_42\pic18-lt\cxx-framework\src\traditional\proc\p18f14k50.asm
                 PIR2bits   0x000fa1       data     extern E:\MPASM_MPLINK_PIC18_LT_Branch_3_42\pic18-lt\cxx-framework\src\traditional\proc\p18f14k50.asm
                   PLUSW0   0x000feb       data     extern E:\MPASM_MPLINK_PIC18_LT_Branch_3_42\pic18-lt\cxx-framework\src\traditional\proc\p18f14k50.asm
                   PLUSW1   0x000fe3       data     extern E:\MPASM_MPLINK_PIC18_LT_Branch_3_42\pic18-lt\cxx-framework\src\traditional\proc\p18f14k50.asm
                   PLUSW2   0x000fdb       data     extern E:\MPASM_MPLINK_PIC18_LT_Branch_3_42\pic18-lt\cxx-framework\src\traditional\proc\p18f14k50.asm
                    PORTA   0x000f80       data     extern E:\MPASM_MPLINK_PIC18_LT_Branch_3_42\pic18-lt\cxx-framework\src\traditional\proc\p18f14k50.asm
                PORTAbits   0x000f80       data     extern E:\MPASM_MPLINK_PIC18_LT_Branch_3_42\pic18-lt\cxx-framework\src\traditional\proc\p18f14k50.asm
                    PORTB   0x000f81       data     extern E:\MPASM_MPLINK_PIC18_LT_Branch_3_42\pic18-lt\cxx-framework\src\traditional\proc\p18f14k50.asm
                PORTBbits   0x000f81       data     extern E:\MPASM_MPLINK_PIC18_LT_Branch_3_42\pic18-lt\cxx-framework\src\traditional\proc\p18f14k50.asm
                    PORTC   0x000f82       data     extern E:\MPASM_MPLINK_PIC18_LT_Branch_3_42\pic18-lt\cxx-framework\src\traditional\proc\p18f14k50.asm
                PORTCbits   0x000f82       data     extern E:\MPASM_MPLINK_PIC18_LT_Branch_3_42\pic18-lt\cxx-framework\src\traditional\proc\p18f14k50.asm
                 POSTDEC0   0x000fed       data     extern E:\MPASM_MPLINK_PIC18_LT_Branch_3_42\pic18-lt\cxx-framework\src\traditional\proc\p18f14k50.asm
                 POSTDEC1   0x000fe5       data     extern E:\MPASM_MPLINK_PIC18_LT_Branch_3_42\pic18-lt\cxx-framework\src\traditional\proc\p18f14k50.asm
                 POSTDEC2   0x000fdd       data     extern E:\MPASM_MPLINK_PIC18_LT_Branch_3_42\pic18-lt\cxx-framework\src\traditional\proc\p18f14k50.asm
                 POSTINC0   0x000fee       data     extern E:\MPASM_MPLINK_PIC18_LT_Branch_3_42\pic18-lt\cxx-framework\src\traditional\proc\p18f14k50.asm
                 POSTINC1   0x000fe6       data     extern E:\MPASM_MPLINK_PIC18_LT_Branch_3_42\pic18-lt\cxx-framework\src\traditional\proc\p18f14k50.asm
                 POSTINC2   0x000fde       data     extern E:\MPASM_MPLINK_PIC18_LT_Branch_3_42\pic18-lt\cxx-framework\src\traditional\proc\p18f14k50.asm
                      PR2   0x000fcb       data     extern E:\MPASM_MPLINK_PIC18_LT_Branch_3_42\pic18-lt\cxx-framework\src\traditional\proc\p18f14k50.asm
                  PREINC0   0x000fec       data     extern E:\MPASM_MPLINK_PIC18_LT_Branch_3_42\pic18-lt\cxx-framework\src\traditional\proc\p18f14k50.asm
                  PREINC1   0x000fe4       data     extern E:\MPASM_MPLINK_PIC18_LT_Branch_3_42\pic18-lt\cxx-framework\src\traditional\proc\p18f14k50.asm
                  PREINC2   0x000fdc       data     extern E:\MPASM_MPLINK_PIC18_LT_Branch_3_42\pic18-lt\cxx-framework\src\traditional\proc\p18f14k50.asm
                     PROD   0x000ff3       data     extern E:\MPASM_MPLINK_PIC18_LT_Branch_3_42\pic18-lt\cxx-framework\src\traditional\proc\p18f14k50.asm
                    PRODH   0x000ff4       data     extern E:\MPASM_MPLINK_PIC18_LT_Branch_3_42\pic18-lt\cxx-framework\src\traditional\proc\p18f14k50.asm
                    PRODL   0x000ff3       data     extern E:\MPASM_MPLINK_PIC18_LT_Branch_3_42\pic18-lt\cxx-framework\src\traditional\proc\p18f14k50.asm
                  PSTRCON   0x000fb9       data     extern E:\MPASM_MPLINK_PIC18_LT_Branch_3_42\pic18-lt\cxx-framework\src\traditional\proc\p18f14k50.asm
              PSTRCONbits   0x000fb9       data     extern E:\MPASM_MPLINK_PIC18_LT_Branch_3_42\pic18-lt\cxx-framework\src\traditional\proc\p18f14k50.asm
                  PWM1CON   0x000fb7       data     extern E:\MPASM_MPLINK_PIC18_LT_Branch_3_42\pic18-lt\cxx-framework\src\traditional\proc\p18f14k50.asm
              PWM1CONbits   0x000fb7       data     extern E:\MPASM_MPLINK_PIC18_LT_Branch_3_42\pic18-lt\cxx-framework\src\traditional\proc\p18f14k50.asm
                     RCON   0x000fd0       data     extern E:\MPASM_MPLINK_PIC18_LT_Branch_3_42\pic18-lt\cxx-framework\src\traditional\proc\p18f14k50.asm
                 RCONbits   0x000fd0       data     extern E:\MPASM_MPLINK_PIC18_LT_Branch_3_42\pic18-lt\cxx-framework\src\traditional\proc\p18f14k50.asm
                    RCREG   0x000fae       data     extern E:\MPASM_MPLINK_PIC18_LT_Branch_3_42\pic18-lt\cxx-framework\src\traditional\proc\p18f14k50.asm
                    RCSTA   0x000fab       data     extern E:\MPASM_MPLINK_PIC18_LT_Branch_3_42\pic18-lt\cxx-framework\src\traditional\proc\p18f14k50.asm
                RCSTAbits   0x000fab       data     extern E:\MPASM_MPLINK_PIC18_LT_Branch_3_42\pic18-lt\cxx-framework\src\traditional\proc\p18f14k50.asm
                  REFCON0   0x000fba       data     extern E:\MPASM_MPLINK_PIC18_LT_Branch_3_42\pic18-lt\cxx-framework\src\traditional\proc\p18f14k50.asm
              REFCON0bits   0x000fba       data     extern E:\MPASM_MPLINK_PIC18_LT_Branch_3_42\pic18-lt\cxx-framework\src\traditional\proc\p18f14k50.asm
                  REFCON1   0x000fbb       data     extern E:\MPASM_MPLINK_PIC18_LT_Branch_3_42\pic18-lt\cxx-framework\src\traditional\proc\p18f14k50.asm
              REFCON1bits   0x000fbb       data     extern E:\MPASM_MPLINK_PIC18_LT_Branch_3_42\pic18-lt\cxx-framework\src\traditional\proc\p18f14k50.asm
                  REFCON2   0x000fbc       data     extern E:\MPASM_MPLINK_PIC18_LT_Branch_3_42\pic18-lt\cxx-framework\src\traditional\proc\p18f14k50.asm
              REFCON2bits   0x000fbc       data     extern E:\MPASM_MPLINK_PIC18_LT_Branch_3_42\pic18-lt\cxx-framework\src\traditional\proc\p18f14k50.asm
       ReceivedDataBuffer   0x000236       data     extern C:\Users\Domingos\Desktop\PIC_code\BP USB code\Firmware\main.c
             RemoteWakeup   0x00007f       data     extern C:\Users\Domingos\Desktop\PIC_code\BP USB code\Firmware\USB\usb_device.c
                     SIGN   0x000009       data     extern E:\MPASM_MPLINK_PIC18_LT_Branch_3_42\pic18-lt\cxx-framework\src\traditional\math\cmath18.asm
                   SLRCON   0x000f76       data     extern E:\MPASM_MPLINK_PIC18_LT_Branch_3_42\pic18-lt\cxx-framework\src\traditional\proc\p18f14k50.asm
               SLRCONbits   0x000f76       data     extern E:\MPASM_MPLINK_PIC18_LT_Branch_3_42\pic18-lt\cxx-framework\src\traditional\proc\p18f14k50.asm
                    SPBRG   0x000faf       data     extern E:\MPASM_MPLINK_PIC18_LT_Branch_3_42\pic18-lt\cxx-framework\src\traditional\proc\p18f14k50.asm
                   SPBRGH   0x000fb0       data     extern E:\MPASM_MPLINK_PIC18_LT_Branch_3_42\pic18-lt\cxx-framework\src\traditional\proc\p18f14k50.asm
                   SRCON0   0x000f68       data     extern E:\MPASM_MPLINK_PIC18_LT_Branch_3_42\pic18-lt\cxx-framework\src\traditional\proc\p18f14k50.asm
               SRCON0bits   0x000f68       data     extern E:\MPASM_MPLINK_PIC18_LT_Branch_3_42\pic18-lt\cxx-framework\src\traditional\proc\p18f14k50.asm
                   SRCON1   0x000f69       data     extern E:\MPASM_MPLINK_PIC18_LT_Branch_3_42\pic18-lt\cxx-framework\src\traditional\proc\p18f14k50.asm
               SRCON1bits   0x000f69       data     extern E:\MPASM_MPLINK_PIC18_LT_Branch_3_42\pic18-lt\cxx-framework\src\traditional\proc\p18f14k50.asm
                   SSPADD   0x000fc8       data     extern E:\MPASM_MPLINK_PIC18_LT_Branch_3_42\pic18-lt\cxx-framework\src\traditional\proc\p18f14k50.asm
                   SSPBUF   0x000fc9       data     extern E:\MPASM_MPLINK_PIC18_LT_Branch_3_42\pic18-lt\cxx-framework\src\traditional\proc\p18f14k50.asm
                  SSPCON1   0x000fc6       data     extern E:\MPASM_MPLINK_PIC18_LT_Branch_3_42\pic18-lt\cxx-framework\src\traditional\proc\p18f14k50.asm
              SSPCON1bits   0x000fc6       data     extern E:\MPASM_MPLINK_PIC18_LT_Branch_3_42\pic18-lt\cxx-framework\src\traditional\proc\p18f14k50.asm
                  SSPCON2   0x000fc5       data     extern E:\MPASM_MPLINK_PIC18_LT_Branch_3_42\pic18-lt\cxx-framework\src\traditional\proc\p18f14k50.asm
              SSPCON2bits   0x000fc5       data     extern E:\MPASM_MPLINK_PIC18_LT_Branch_3_42\pic18-lt\cxx-framework\src\traditional\proc\p18f14k50.asm
                   SSPMSK   0x000f6f       data     extern E:\MPASM_MPLINK_PIC18_LT_Branch_3_42\pic18-lt\cxx-framework\src\traditional\proc\p18f14k50.asm
               SSPMSKbits   0x000f6f       data     extern E:\MPASM_MPLINK_PIC18_LT_Branch_3_42\pic18-lt\cxx-framework\src\traditional\proc\p18f14k50.asm
                  SSPSTAT   0x000fc7       data     extern E:\MPASM_MPLINK_PIC18_LT_Branch_3_42\pic18-lt\cxx-framework\src\traditional\proc\p18f14k50.asm
              SSPSTATbits   0x000fc7       data     extern E:\MPASM_MPLINK_PIC18_LT_Branch_3_42\pic18-lt\cxx-framework\src\traditional\proc\p18f14k50.asm
                   STATUS   0x000fd8       data     extern E:\MPASM_MPLINK_PIC18_LT_Branch_3_42\pic18-lt\cxx-framework\src\traditional\proc\p18f14k50.asm
               STATUSbits   0x000fd8       data     extern E:\MPASM_MPLINK_PIC18_LT_Branch_3_42\pic18-lt\cxx-framework\src\traditional\proc\p18f14k50.asm
                   STKPTR   0x000ffc       data     extern E:\MPASM_MPLINK_PIC18_LT_Branch_3_42\pic18-lt\cxx-framework\src\traditional\proc\p18f14k50.asm
               STKPTRbits   0x000ffc       data     extern E:\MPASM_MPLINK_PIC18_LT_Branch_3_42\pic18-lt\cxx-framework\src\traditional\proc\p18f14k50.asm
                 SetupPkt   0x000220       data     extern C:\Users\Domingos\Desktop\PIC_code\BP USB code\Firmware\USB\usb_device.c
                    T0CON   0x000fd5       data     extern E:\MPASM_MPLINK_PIC18_LT_Branch_3_42\pic18-lt\cxx-framework\src\traditional\proc\p18f14k50.asm
                T0CONbits   0x000fd5       data     extern E:\MPASM_MPLINK_PIC18_LT_Branch_3_42\pic18-lt\cxx-framework\src\traditional\proc\p18f14k50.asm
                    T1CON   0x000fcd       data     extern E:\MPASM_MPLINK_PIC18_LT_Branch_3_42\pic18-lt\cxx-framework\src\traditional\proc\p18f14k50.asm
                T1CONbits   0x000fcd       data     extern E:\MPASM_MPLINK_PIC18_LT_Branch_3_42\pic18-lt\cxx-framework\src\traditional\proc\p18f14k50.asm
                    T2CON   0x000fca       data     extern E:\MPASM_MPLINK_PIC18_LT_Branch_3_42\pic18-lt\cxx-framework\src\traditional\proc\p18f14k50.asm
                T2CONbits   0x000fca       data     extern E:\MPASM_MPLINK_PIC18_LT_Branch_3_42\pic18-lt\cxx-framework\src\traditional\proc\p18f14k50.asm
                    T3CON   0x000fb1       data     extern E:\MPASM_MPLINK_PIC18_LT_Branch_3_42\pic18-lt\cxx-framework\src\traditional\proc\p18f14k50.asm
                T3CONbits   0x000fb1       data     extern E:\MPASM_MPLINK_PIC18_LT_Branch_3_42\pic18-lt\cxx-framework\src\traditional\proc\p18f14k50.asm
                   TABLAT   0x000ff5       data     extern E:\MPASM_MPLINK_PIC18_LT_Branch_3_42\pic18-lt\cxx-framework\src\traditional\proc\p18f14k50.asm
                   TBLPTR   0x000ff6       data     extern E:\MPASM_MPLINK_PIC18_LT_Branch_3_42\pic18-lt\cxx-framework\src\traditional\proc\p18f14k50.asm
                  TBLPTRH   0x000ff7       data     extern E:\MPASM_MPLINK_PIC18_LT_Branch_3_42\pic18-lt\cxx-framework\src\traditional\proc\p18f14k50.asm
                  TBLPTRL   0x000ff6       data     extern E:\MPASM_MPLINK_PIC18_LT_Branch_3_42\pic18-lt\cxx-framework\src\traditional\proc\p18f14k50.asm
                  TBLPTRU   0x000ff8       data     extern E:\MPASM_MPLINK_PIC18_LT_Branch_3_42\pic18-lt\cxx-framework\src\traditional\proc\p18f14k50.asm
                    TMR0H   0x000fd7       data     extern E:\MPASM_MPLINK_PIC18_LT_Branch_3_42\pic18-lt\cxx-framework\src\traditional\proc\p18f14k50.asm
                    TMR0L   0x000fd6       data     extern E:\MPASM_MPLINK_PIC18_LT_Branch_3_42\pic18-lt\cxx-framework\src\traditional\proc\p18f14k50.asm
                    TMR1H   0x000fcf       data     extern E:\MPASM_MPLINK_PIC18_LT_Branch_3_42\pic18-lt\cxx-framework\src\traditional\proc\p18f14k50.asm
                    TMR1L   0x000fce       data     extern E:\MPASM_MPLINK_PIC18_LT_Branch_3_42\pic18-lt\cxx-framework\src\traditional\proc\p18f14k50.asm
                     TMR2   0x000fcc       data     extern E:\MPASM_MPLINK_PIC18_LT_Branch_3_42\pic18-lt\cxx-framework\src\traditional\proc\p18f14k50.asm
                    TMR3H   0x000fb3       data     extern E:\MPASM_MPLINK_PIC18_LT_Branch_3_42\pic18-lt\cxx-framework\src\traditional\proc\p18f14k50.asm
                    TMR3L   0x000fb2       data     extern E:\MPASM_MPLINK_PIC18_LT_Branch_3_42\pic18-lt\cxx-framework\src\traditional\proc\p18f14k50.asm
                      TOS   0x000ffd       data     extern E:\MPASM_MPLINK_PIC18_LT_Branch_3_42\pic18-lt\cxx-framework\src\traditional\proc\p18f14k50.asm
                     TOSH   0x000ffe       data     extern E:\MPASM_MPLINK_PIC18_LT_Branch_3_42\pic18-lt\cxx-framework\src\traditional\proc\p18f14k50.asm
                     TOSL   0x000ffd       data     extern E:\MPASM_MPLINK_PIC18_LT_Branch_3_42\pic18-lt\cxx-framework\src\traditional\proc\p18f14k50.asm
                     TOSU   0x000fff       data     extern E:\MPASM_MPLINK_PIC18_LT_Branch_3_42\pic18-lt\cxx-framework\src\traditional\proc\p18f14k50.asm
                    TRISA   0x000f92       data     extern E:\MPASM_MPLINK_PIC18_LT_Branch_3_42\pic18-lt\cxx-framework\src\traditional\proc\p18f14k50.asm
                TRISAbits   0x000f92       data     extern E:\MPASM_MPLINK_PIC18_LT_Branch_3_42\pic18-lt\cxx-framework\src\traditional\proc\p18f14k50.asm
                    TRISB   0x000f93       data     extern E:\MPASM_MPLINK_PIC18_LT_Branch_3_42\pic18-lt\cxx-framework\src\traditional\proc\p18f14k50.asm
                TRISBbits   0x000f93       data     extern E:\MPASM_MPLINK_PIC18_LT_Branch_3_42\pic18-lt\cxx-framework\src\traditional\proc\p18f14k50.asm
                    TRISC   0x000f94       data     extern E:\MPASM_MPLINK_PIC18_LT_Branch_3_42\pic18-lt\cxx-framework\src\traditional\proc\p18f14k50.asm
                TRISCbits   0x000f94       data     extern E:\MPASM_MPLINK_PIC18_LT_Branch_3_42\pic18-lt\cxx-framework\src\traditional\proc\p18f14k50.asm
                    TXREG   0x000fad       data     extern E:\MPASM_MPLINK_PIC18_LT_Branch_3_42\pic18-lt\cxx-framework\src\traditional\proc\p18f14k50.asm
                    TXSTA   0x000fac       data     extern E:\MPASM_MPLINK_PIC18_LT_Branch_3_42\pic18-lt\cxx-framework\src\traditional\proc\p18f14k50.asm
                TXSTAbits   0x000fac       data     extern E:\MPASM_MPLINK_PIC18_LT_Branch_3_42\pic18-lt\cxx-framework\src\traditional\proc\p18f14k50.asm
         ToSendDataBuffer   0x000276       data     extern C:\Users\Domingos\Desktop\PIC_code\BP USB code\Firmware\main.c
                    UADDR   0x000f5c       data     extern E:\MPASM_MPLINK_PIC18_LT_Branch_3_42\pic18-lt\cxx-framework\src\traditional\proc\p18f14k50.asm
                UADDRbits   0x000f5c       data     extern E:\MPASM_MPLINK_PIC18_LT_Branch_3_42\pic18-lt\cxx-framework\src\traditional\proc\p18f14k50.asm
                     UCFG   0x000f61       data     extern E:\MPASM_MPLINK_PIC18_LT_Branch_3_42\pic18-lt\cxx-framework\src\traditional\proc\p18f14k50.asm
                 UCFGbits   0x000f61       data     extern E:\MPASM_MPLINK_PIC18_LT_Branch_3_42\pic18-lt\cxx-framework\src\traditional\proc\p18f14k50.asm
                     UCON   0x000f64       data     extern E:\MPASM_MPLINK_PIC18_LT_Branch_3_42\pic18-lt\cxx-framework\src\traditional\proc\p18f14k50.asm
                 UCONbits   0x000f64       data     extern E:\MPASM_MPLINK_PIC18_LT_Branch_3_42\pic18-lt\cxx-framework\src\traditional\proc\p18f14k50.asm
                     UEIE   0x000f5b       data     extern E:\MPASM_MPLINK_PIC18_LT_Branch_3_42\pic18-lt\cxx-framework\src\traditional\proc\p18f14k50.asm
                 UEIEbits   0x000f5b       data     extern E:\MPASM_MPLINK_PIC18_LT_Branch_3_42\pic18-lt\cxx-framework\src\traditional\proc\p18f14k50.asm
                     UEIR   0x000f5f       data     extern E:\MPASM_MPLINK_PIC18_LT_Branch_3_42\pic18-lt\cxx-framework\src\traditional\proc\p18f14k50.asm
                 UEIRbits   0x000f5f       data     extern E:\MPASM_MPLINK_PIC18_LT_Branch_3_42\pic18-lt\cxx-framework\src\traditional\proc\p18f14k50.asm
                     UEP0   0x000f53       data     extern E:\MPASM_MPLINK_PIC18_LT_Branch_3_42\pic18-lt\cxx-framework\src\traditional\proc\p18f14k50.asm
                 UEP0bits   0x000f53       data     extern E:\MPASM_MPLINK_PIC18_LT_Branch_3_42\pic18-lt\cxx-framework\src\traditional\proc\p18f14k50.asm
                     UEP1   0x000f54       data     extern E:\MPASM_MPLINK_PIC18_LT_Branch_3_42\pic18-lt\cxx-framework\src\traditional\proc\p18f14k50.asm
                 UEP1bits   0x000f54       data     extern E:\MPASM_MPLINK_PIC18_LT_Branch_3_42\pic18-lt\cxx-framework\src\traditional\proc\p18f14k50.asm
                     UEP2   0x000f55       data     extern E:\MPASM_MPLINK_PIC18_LT_Branch_3_42\pic18-lt\cxx-framework\src\traditional\proc\p18f14k50.asm
                 UEP2bits   0x000f55       data     extern E:\MPASM_MPLINK_PIC18_LT_Branch_3_42\pic18-lt\cxx-framework\src\traditional\proc\p18f14k50.asm
                     UEP3   0x000f56       data     extern E:\MPASM_MPLINK_PIC18_LT_Branch_3_42\pic18-lt\cxx-framework\src\traditional\proc\p18f14k50.asm
                 UEP3bits   0x000f56       data     extern E:\MPASM_MPLINK_PIC18_LT_Branch_3_42\pic18-lt\cxx-framework\src\traditional\proc\p18f14k50.asm
                     UEP4   0x000f57       data     extern E:\MPASM_MPLINK_PIC18_LT_Branch_3_42\pic18-lt\cxx-framework\src\traditional\proc\p18f14k50.asm
                 UEP4bits   0x000f57       data     extern E:\MPASM_MPLINK_PIC18_LT_Branch_3_42\pic18-lt\cxx-framework\src\traditional\proc\p18f14k50.asm
                     UEP5   0x000f58       data     extern E:\MPASM_MPLINK_PIC18_LT_Branch_3_42\pic18-lt\cxx-framework\src\traditional\proc\p18f14k50.asm
                 UEP5bits   0x000f58       data     extern E:\MPASM_MPLINK_PIC18_LT_Branch_3_42\pic18-lt\cxx-framework\src\traditional\proc\p18f14k50.asm
                     UEP6   0x000f59       data     extern E:\MPASM_MPLINK_PIC18_LT_Branch_3_42\pic18-lt\cxx-framework\src\traditional\proc\p18f14k50.asm
                 UEP6bits   0x000f59       data     extern E:\MPASM_MPLINK_PIC18_LT_Branch_3_42\pic18-lt\cxx-framework\src\traditional\proc\p18f14k50.asm
                     UEP7   0x000f5a       data     extern E:\MPASM_MPLINK_PIC18_LT_Branch_3_42\pic18-lt\cxx-framework\src\traditional\proc\p18f14k50.asm
                 UEP7bits   0x000f5a       data     extern E:\MPASM_MPLINK_PIC18_LT_Branch_3_42\pic18-lt\cxx-framework\src\traditional\proc\p18f14k50.asm
                    UFRMH   0x000f5e       data     extern E:\MPASM_MPLINK_PIC18_LT_Branch_3_42\pic18-lt\cxx-framework\src\traditional\proc\p18f14k50.asm
                UFRMHbits   0x000f5e       data     extern E:\MPASM_MPLINK_PIC18_LT_Branch_3_42\pic18-lt\cxx-framework\src\traditional\proc\p18f14k50.asm
                    UFRML   0x000f5d       data     extern E:\MPASM_MPLINK_PIC18_LT_Branch_3_42\pic18-lt\cxx-framework\src\traditional\proc\p18f14k50.asm
                UFRMLbits   0x000f5d       data     extern E:\MPASM_MPLINK_PIC18_LT_Branch_3_42\pic18-lt\cxx-framework\src\traditional\proc\p18f14k50.asm
                      UIE   0x000f60       data     extern E:\MPASM_MPLINK_PIC18_LT_Branch_3_42\pic18-lt\cxx-framework\src\traditional\proc\p18f14k50.asm
                  UIEbits   0x000f60       data     extern E:\MPASM_MPLINK_PIC18_LT_Branch_3_42\pic18-lt\cxx-framework\src\traditional\proc\p18f14k50.asm
                      UIR   0x000f62       data     extern E:\MPASM_MPLINK_PIC18_LT_Branch_3_42\pic18-lt\cxx-framework\src\traditional\proc\p18f14k50.asm
                  UIRbits   0x000f62       data     extern E:\MPASM_MPLINK_PIC18_LT_Branch_3_42\pic18-lt\cxx-framework\src\traditional\proc\p18f14k50.asm
   USBActiveConfiguration   0x000061       data     extern C:\Users\Domingos\Desktop\PIC_code\BP USB code\Firmware\USB\usb_device.c
    USBAlternateInterface   0x000062       data     extern C:\Users\Domingos\Desktop\PIC_code\BP USB code\Firmware\USB\usb_device.c
        USBBusIsSuspended   0x000080       data     extern C:\Users\Domingos\Desktop\PIC_code\BP USB code\Firmware\USB\usb_device.c
USBDeferINDataStagePackets   0x00008c       data     extern C:\Users\Domingos\Desktop\PIC_code\BP USB code\Firmware\USB\usb_device.c
USBDeferOUTDataStagePackets   0x00008d       data     extern C:\Users\Domingos\Desktop\PIC_code\BP USB code\Firmware\USB\usb_device.c
USBDeferStatusStagePacket   0x000089       data     extern C:\Users\Domingos\Desktop\PIC_code\BP USB code\Firmware\USB\usb_device.c
           USBDeviceState   0x000060       data     extern C:\Users\Domingos\Desktop\PIC_code\BP USB code\Firmware\USB\usb_device.c
              USBInHandle   0x00009a       data     extern C:\Users\Domingos\Desktop\PIC_code\BP USB code\Firmware\main.c
             USBOutHandle   0x000098       data     extern C:\Users\Domingos\Desktop\PIC_code\BP USB code\Firmware\main.c
USBStatusStageEnabledFlag1   0x00008a       data     extern C:\Users\Domingos\Desktop\PIC_code\BP USB code\Firmware\USB\usb_device.c
USBStatusStageEnabledFlag2   0x00008b       data     extern C:\Users\Domingos\Desktop\PIC_code\BP USB code\Firmware\USB\usb_device.c
USBStatusStageTimeoutCounter   0x000088       data     extern C:\Users\Domingos\Desktop\PIC_code\BP USB code\Firmware\USB\usb_device.c
                    USTAT   0x000f63       data     extern E:\MPASM_MPLINK_PIC18_LT_Branch_3_42\pic18-lt\cxx-framework\src\traditional\proc\p18f14k50.asm
                USTATbits   0x000f63       data     extern E:\MPASM_MPLINK_PIC18_LT_Branch_3_42\pic18-lt\cxx-framework\src\traditional\proc\p18f14k50.asm
                USTATcopy   0x000081       data     extern C:\Users\Domingos\Desktop\PIC_code\BP USB code\Firmware\USB\usb_device.c
                 VREFCON0   0x000fba       data     extern E:\MPASM_MPLINK_PIC18_LT_Branch_3_42\pic18-lt\cxx-framework\src\traditional\proc\p18f14k50.asm
             VREFCON0bits   0x000fba       data     extern E:\MPASM_MPLINK_PIC18_LT_Branch_3_42\pic18-lt\cxx-framework\src\traditional\proc\p18f14k50.asm
                 VREFCON1   0x000fbb       data     extern E:\MPASM_MPLINK_PIC18_LT_Branch_3_42\pic18-lt\cxx-framework\src\traditional\proc\p18f14k50.asm
             VREFCON1bits   0x000fbb       data     extern E:\MPASM_MPLINK_PIC18_LT_Branch_3_42\pic18-lt\cxx-framework\src\traditional\proc\p18f14k50.asm
                 VREFCON2   0x000fbc       data     extern E:\MPASM_MPLINK_PIC18_LT_Branch_3_42\pic18-lt\cxx-framework\src\traditional\proc\p18f14k50.asm
             VREFCON2bits   0x000fbc       data     extern E:\MPASM_MPLINK_PIC18_LT_Branch_3_42\pic18-lt\cxx-framework\src\traditional\proc\p18f14k50.asm
                        W   0x000fe8       data     extern E:\MPASM_MPLINK_PIC18_LT_Branch_3_42\pic18-lt\cxx-framework\src\traditional\proc\p18f14k50.asm
                   WDTCON   0x000fd1       data     extern E:\MPASM_MPLINK_PIC18_LT_Branch_3_42\pic18-lt\cxx-framework\src\traditional\proc\p18f14k50.asm
               WDTCONbits   0x000fd1       data     extern E:\MPASM_MPLINK_PIC18_LT_Branch_3_42\pic18-lt\cxx-framework\src\traditional\proc\p18f14k50.asm
                     WPUA   0x000f77       data     extern E:\MPASM_MPLINK_PIC18_LT_Branch_3_42\pic18-lt\cxx-framework\src\traditional\proc\p18f14k50.asm
                 WPUAbits   0x000f77       data     extern E:\MPASM_MPLINK_PIC18_LT_Branch_3_42\pic18-lt\cxx-framework\src\traditional\proc\p18f14k50.asm
                     WPUB   0x000f78       data     extern E:\MPASM_MPLINK_PIC18_LT_Branch_3_42\pic18-lt\cxx-framework\src\traditional\proc\p18f14k50.asm
                 WPUBbits   0x000f78       data     extern E:\MPASM_MPLINK_PIC18_LT_Branch_3_42\pic18-lt\cxx-framework\src\traditional\proc\p18f14k50.asm
                     WREG   0x000fe8       data     extern E:\MPASM_MPLINK_PIC18_LT_Branch_3_42\pic18-lt\cxx-framework\src\traditional\proc\p18f14k50.asm
                 __AARGB0   0x000007       data     extern E:\MPASM_MPLINK_PIC18_LT_Branch_3_42\pic18-lt\cxx-framework\src\traditional\math\aarg.asm
                 __AARGB1   0x000006       data     extern E:\MPASM_MPLINK_PIC18_LT_Branch_3_42\pic18-lt\cxx-framework\src\traditional\math\aarg.asm
                 __AARGB2   0x000005       data     extern E:\MPASM_MPLINK_PIC18_LT_Branch_3_42\pic18-lt\cxx-framework\src\traditional\math\aarg.asm
                 __AARGB3   0x000004       data     extern E:\MPASM_MPLINK_PIC18_LT_Branch_3_42\pic18-lt\cxx-framework\src\traditional\math\aarg.asm
                 __AARGB4   0x000003       data     extern E:\MPASM_MPLINK_PIC18_LT_Branch_3_42\pic18-lt\cxx-framework\src\traditional\math\aarg.asm
                 __AARGB5   0x000002       data     extern E:\MPASM_MPLINK_PIC18_LT_Branch_3_42\pic18-lt\cxx-framework\src\traditional\math\aarg.asm
                 __AARGB6   0x000001       data     extern E:\MPASM_MPLINK_PIC18_LT_Branch_3_42\pic18-lt\cxx-framework\src\traditional\math\aarg.asm
                 __AARGB7   0x000000       data     extern E:\MPASM_MPLINK_PIC18_LT_Branch_3_42\pic18-lt\cxx-framework\src\traditional\math\aarg.asm
                   __AEXP   0x000008       data     extern E:\MPASM_MPLINK_PIC18_LT_Branch_3_42\pic18-lt\cxx-framework\src\traditional\math\aarg.asm
                __FPFLAGS   0x00000a       data     extern E:\MPASM_MPLINK_PIC18_LT_Branch_3_42\pic18-lt\cxx-framework\src\traditional\math\cmath18.asm
            __FPFLAGSbits   0x00000a       data     extern E:\MPASM_MPLINK_PIC18_LT_Branch_3_42\pic18-lt\cxx-framework\src\traditional\math\cmath18.asm
                  __REMB0   0x000003       data     extern E:\MPASM_MPLINK_PIC18_LT_Branch_3_42\pic18-lt\cxx-framework\src\traditional\math\aarg.asm
                  __REMB1   0x000002       data     extern E:\MPASM_MPLINK_PIC18_LT_Branch_3_42\pic18-lt\cxx-framework\src\traditional\math\aarg.asm
                  __REMB2   0x000001       data     extern E:\MPASM_MPLINK_PIC18_LT_Branch_3_42\pic18-lt\cxx-framework\src\traditional\math\aarg.asm
                  __REMB3   0x000000       data     extern E:\MPASM_MPLINK_PIC18_LT_Branch_3_42\pic18-lt\cxx-framework\src\traditional\math\aarg.asm
                  __tmp_0   0x00000b       data     static C:\Users\Domingos\Desktop\PIC_code\BP USB code\Firmware\USB\usb_device.c
                  __tmp_0   0x00000b       data     static C:\Users\Domingos\Desktop\PIC_code\BP USB code\Firmware\main.c
                  __tmp_1   0x00000e       data     static C:\Users\Domingos\Desktop\PIC_code\BP USB code\Firmware\main.c
          active_protocol   0x00009f       data     extern C:\Users\Domingos\Desktop\PIC_code\BP USB code\Firmware\USB\usb_function_hid.c
     controlTransferState   0x000070       data     extern C:\Users\Domingos\Desktop\PIC_code\BP USB code\Firmware\USB\usb_device.c
                curr_byte   0x000091       data     static E:\MPASM_MPLINK_PIC18_LT_Branch_3_42\pic18-lt\cxx-framework\src\traditional\startup\c018i.c
               curr_entry   0x000093       data     static E:\MPASM_MPLINK_PIC18_LT_Branch_3_42\pic18-lt\cxx-framework\src\traditional\startup\c018i.c
                 data_ptr   0x000095       data     static E:\MPASM_MPLINK_PIC18_LT_Branch_3_42\pic18-lt\cxx-framework\src\traditional\startup\c018i.c
              delay_count   0x0000a0       data     static C:\Users\Domingos\Desktop\PIC_code\BP USB code\Firmware\main.c
          endpoint_number   0x000082       data     extern C:\Users\Domingos\Desktop\PIC_code\BP USB code\Firmware\USB\usb_device.c
               ep_data_in   0x000084       data     extern C:\Users\Domingos\Desktop\PIC_code\BP USB code\Firmware\USB\usb_device.c
              ep_data_out   0x000086       data     extern C:\Users\Domingos\Desktop\PIC_code\BP USB code\Firmware\USB\usb_device.c
            hid_report_in   0x000233       data     extern C:\Users\Domingos\Desktop\PIC_code\BP USB code\Firmware\USB\usb_device.c
           hid_report_out   0x000230       data     extern C:\Users\Domingos\Desktop\PIC_code\BP USB code\Firmware\USB\usb_device.c
                idle_rate   0x00009e       data     extern C:\Users\Domingos\Desktop\PIC_code\BP USB code\Firmware\USB\usb_function_hid.c
                  inPipes   0x000071       data     extern C:\Users\Domingos\Desktop\PIC_code\BP USB code\Firmware\USB\usb_device.c
                led_count   0x00009c       data     static C:\Users\Domingos\Desktop\PIC_code\BP USB code\Firmware\main.c
                 outPipes   0x000076       data     extern C:\Users\Domingos\Desktop\PIC_code\BP USB code\Firmware\USB\usb_device.c
   pBDTEntryEP0OutCurrent   0x000063       data     extern C:\Users\Domingos\Desktop\PIC_code\BP USB code\Firmware\USB\usb_device.c
      pBDTEntryEP0OutNext   0x000065       data     extern C:\Users\Domingos\Desktop\PIC_code\BP USB code\Firmware\USB\usb_device.c
              pBDTEntryIn   0x00006b       data     extern C:\Users\Domingos\Desktop\PIC_code\BP USB code\Firmware\USB\usb_device.c
             pBDTEntryOut   0x000067       data     extern C:\Users\Domingos\Desktop\PIC_code\BP USB code\Firmware\USB\usb_device.c
                     pDst   0x00007d       data     extern C:\Users\Domingos\Desktop\PIC_code\BP USB code\Firmware\USB\usb_device.c
                     prom   0x00008e       data     static E:\MPASM_MPLINK_PIC18_LT_Branch_3_42\pic18-lt\cxx-framework\src\traditional\startup\c018i.c
        shortPacketStatus   0x00006f       data     extern C:\Users\Domingos\Desktop\PIC_code\BP USB code\Firmware\USB\usb_device.c



                              Symbols - Sorted by Address
                     Name    Address   Location    Storage File                     
                ---------  ---------  ---------  --------- ---------                
                   _entry   0x000000    program     extern E:\MPASM_MPLINK_PIC18_LT_Branch_3_42\pic18-lt\cxx-framework\src\traditional\startup\c018i.c
       ___return_lbl00000   0x000004    program     static                          
                 High_ISR   0x000008    program     extern C:\Users\Domingos\Desktop\PIC_code\BP USB code\Firmware\main.c
       ___return_lbl00003   0x00000c    program     static                          
                  Low_ISR   0x000018    program     extern C:\Users\Domingos\Desktop\PIC_code\BP USB code\Firmware\main.c
       ___return_lbl00004   0x00001c    program     static                          
                   _reset   0x001000    program     extern C:\Users\Domingos\Desktop\PIC_code\BP USB code\Firmware\main.c
       ___return_lbl00000   0x001004    program     static                          
                   __init   0x001006    program     extern E:\MPASM_MPLINK_PIC18_LT_Branch_3_42\pic18-lt\cxx-framework\src\traditional\stdclib\__init.c
        Remapped_High_ISR   0x001008    program     extern C:\Users\Domingos\Desktop\PIC_code\BP USB code\Firmware\main.c
       ___return_lbl00001   0x00100c    program     static                          
         Remapped_Low_ISR   0x001018    program     extern C:\Users\Domingos\Desktop\PIC_code\BP USB code\Firmware\main.c
       ___return_lbl00002   0x00101c    program     static                          
            USBDeviceInit   0x00102c    program     extern C:\Users\Domingos\Desktop\PIC_code\BP USB code\Firmware\USB\usb_device.c
           USBDeviceTasks   0x0010d2    program     extern C:\Users\Domingos\Desktop\PIC_code\BP USB code\Firmware\USB\usb_device.c
        USBEnableEndpoint   0x0011f0    program     extern C:\Users\Domingos\Desktop\PIC_code\BP USB code\Firmware\USB\usb_device.c
     USBTransferOnePacket   0x001238    program     extern C:\Users\Domingos\Desktop\PIC_code\BP USB code\Firmware\USB\usb_device.c
         USBStallEndpoint   0x0012c4    program     extern C:\Users\Domingos\Desktop\PIC_code\BP USB code\Firmware\USB\usb_device.c
              USBCancelIO   0x0012f6    program     extern C:\Users\Domingos\Desktop\PIC_code\BP USB code\Firmware\USB\usb_device.c
          USBDeviceDetach   0x00132c    program     extern C:\Users\Domingos\Desktop\PIC_code\BP USB code\Firmware\USB\usb_device.c
          USBDeviceAttach   0x001336    program     extern C:\Users\Domingos\Desktop\PIC_code\BP USB code\Firmware\USB\usb_device.c
USBCtrlEPAllowStatusStage   0x00135c    program     extern C:\Users\Domingos\Desktop\PIC_code\BP USB code\Firmware\USB\usb_device.c
  USBCtrlEPAllowDataStage   0x0013a8    program     extern C:\Users\Domingos\Desktop\PIC_code\BP USB code\Firmware\USB\usb_device.c
     USBConfigureEndpoint   0x0013e6    program     static C:\Users\Domingos\Desktop\PIC_code\BP USB code\Firmware\USB\usb_device.c
 USBCtrlEPServiceComplete   0x001442    program     static C:\Users\Domingos\Desktop\PIC_code\BP USB code\Firmware\USB\usb_device.c
      USBCtrlTrfTxService   0x00149c    program     static C:\Users\Domingos\Desktop\PIC_code\BP USB code\Firmware\USB\usb_device.c
      USBCtrlTrfRxService   0x00151c    program     static C:\Users\Domingos\Desktop\PIC_code\BP USB code\Firmware\USB\usb_device.c
      USBStdSetCfgHandler   0x0015e4    program     static C:\Users\Domingos\Desktop\PIC_code\BP USB code\Firmware\USB\usb_device.c
      USBStdGetDscHandler   0x001656    program     static C:\Users\Domingos\Desktop\PIC_code\BP USB code\Firmware\USB\usb_device.c
   USBStdGetStatusHandler   0x0016d0    program     static C:\Users\Domingos\Desktop\PIC_code\BP USB code\Firmware\USB\usb_device.c
          USBStallHandler   0x001746    program     static C:\Users\Domingos\Desktop\PIC_code\BP USB code\Firmware\USB\usb_device.c
               USBSuspend   0x001768    program     static C:\Users\Domingos\Desktop\PIC_code\BP USB code\Firmware\USB\usb_device.c
       USBWakeFromSuspend   0x00177c    program     static C:\Users\Domingos\Desktop\PIC_code\BP USB code\Firmware\USB\usb_device.c
         USBCtrlEPService   0x001794    program     static C:\Users\Domingos\Desktop\PIC_code\BP USB code\Firmware\USB\usb_device.c
   USBCtrlTrfSetupHandler   0x001822    program     static C:\Users\Domingos\Desktop\PIC_code\BP USB code\Firmware\USB\usb_device.c
     USBCtrlTrfOutHandler   0x001858    program     static C:\Users\Domingos\Desktop\PIC_code\BP USB code\Firmware\USB\usb_device.c
      USBCtrlTrfInHandler   0x001876    program     static C:\Users\Domingos\Desktop\PIC_code\BP USB code\Firmware\USB\usb_device.c
       USBCheckStdRequest   0x0018f0    program     static C:\Users\Domingos\Desktop\PIC_code\BP USB code\Firmware\USB\usb_device.c
  USBStdFeatureReqHandler   0x001998    program     static C:\Users\Domingos\Desktop\PIC_code\BP USB code\Firmware\USB\usb_device.c
                   __pa_0   0x001ac2    program     static C:\Users\Domingos\Desktop\PIC_code\BP USB code\Firmware\USB\usb_device.c
                   __pa_1   0x001aca    program     static C:\Users\Domingos\Desktop\PIC_code\BP USB code\Firmware\USB\usb_device.c
                   __pa_2   0x001ad4    program     static C:\Users\Domingos\Desktop\PIC_code\BP USB code\Firmware\USB\usb_device.c
                   __pa_3   0x001adc    program     static C:\Users\Domingos\Desktop\PIC_code\BP USB code\Firmware\USB\usb_device.c
                   __pa_4   0x001ae6    program     static C:\Users\Domingos\Desktop\PIC_code\BP USB code\Firmware\USB\usb_device.c
                   __pa_5   0x001af0    program     static C:\Users\Domingos\Desktop\PIC_code\BP USB code\Firmware\USB\usb_device.c
                   __pa_6   0x001afa    program     static C:\Users\Domingos\Desktop\PIC_code\BP USB code\Firmware\USB\usb_device.c
              __tmplbl_38   0x001afa    program     static                          
              __tmplbl_37   0x001afa    program     static                          
              __tmplbl_36   0x001afa    program     static                          
              __tmplbl_24   0x001afa    program     static                          
              __tmplbl_33   0x001afa    program     static                          
                   __pa_7   0x001b02    program     static C:\Users\Domingos\Desktop\PIC_code\BP USB code\Firmware\USB\usb_device.c
                   __pa_8   0x001b12    program     static C:\Users\Domingos\Desktop\PIC_code\BP USB code\Firmware\USB\usb_device.c
                   __pa_9   0x001b1c    program     static C:\Users\Domingos\Desktop\PIC_code\BP USB code\Firmware\USB\usb_device.c
                  __pa_10   0x001b28    program     static C:\Users\Domingos\Desktop\PIC_code\BP USB code\Firmware\USB\usb_device.c
                  __pa_11   0x001b32    program     static C:\Users\Domingos\Desktop\PIC_code\BP USB code\Firmware\USB\usb_device.c
                  __pa_12   0x001b46    program     static C:\Users\Domingos\Desktop\PIC_code\BP USB code\Firmware\USB\usb_device.c
                  __pa_13   0x001b66    program     static C:\Users\Domingos\Desktop\PIC_code\BP USB code\Firmware\USB\usb_device.c
                  __pa_14   0x001b7a    program     static C:\Users\Domingos\Desktop\PIC_code\BP USB code\Firmware\USB\usb_device.c
                  __pa_15   0x001b8c    program     static C:\Users\Domingos\Desktop\PIC_code\BP USB code\Firmware\USB\usb_device.c
                  __pa_16   0x001b98    program     static C:\Users\Domingos\Desktop\PIC_code\BP USB code\Firmware\USB\usb_device.c
                  __pa_17   0x001bb2    program     static C:\Users\Domingos\Desktop\PIC_code\BP USB code\Firmware\USB\usb_device.c
                  __pa_18   0x001bbe    program     static C:\Users\Domingos\Desktop\PIC_code\BP USB code\Firmware\USB\usb_device.c
                  __pa_19   0x001bca    program     static C:\Users\Domingos\Desktop\PIC_code\BP USB code\Firmware\USB\usb_device.c
                  __pa_20   0x001bd2    program     static C:\Users\Domingos\Desktop\PIC_code\BP USB code\Firmware\USB\usb_device.c
                  __pa_21   0x001bda    program     static C:\Users\Domingos\Desktop\PIC_code\BP USB code\Firmware\USB\usb_device.c
                  __pa_22   0x001be6    program     static C:\Users\Domingos\Desktop\PIC_code\BP USB code\Firmware\USB\usb_device.c
                  __pa_23   0x001bf6    program     static C:\Users\Domingos\Desktop\PIC_code\BP USB code\Firmware\USB\usb_device.c
                  __pa_24   0x001c06    program     static C:\Users\Domingos\Desktop\PIC_code\BP USB code\Firmware\USB\usb_device.c
                  __pa_25   0x001c16    program     static C:\Users\Domingos\Desktop\PIC_code\BP USB code\Firmware\USB\usb_device.c
                  __pa_26   0x001c26    program     static C:\Users\Domingos\Desktop\PIC_code\BP USB code\Firmware\USB\usb_device.c
                  __pa_27   0x001c34    program     static C:\Users\Domingos\Desktop\PIC_code\BP USB code\Firmware\USB\usb_device.c
                  __pa_28   0x001c42    program     static C:\Users\Domingos\Desktop\PIC_code\BP USB code\Firmware\USB\usb_device.c
                  __pa_29   0x001c50    program     static C:\Users\Domingos\Desktop\PIC_code\BP USB code\Firmware\USB\usb_device.c
                  __pa_30   0x001c5e    program     static C:\Users\Domingos\Desktop\PIC_code\BP USB code\Firmware\USB\usb_device.c
                  __pa_31   0x001c68    program     static C:\Users\Domingos\Desktop\PIC_code\BP USB code\Firmware\USB\usb_device.c
                  __pa_32   0x001c80    program     static C:\Users\Domingos\Desktop\PIC_code\BP USB code\Firmware\USB\usb_device.c
                  __pa_33   0x001c8c    program     static C:\Users\Domingos\Desktop\PIC_code\BP USB code\Firmware\USB\usb_device.c
[...]
                RCSTAbits   0x000fab       data     extern E:\MPASM_MPLINK_PIC18_LT_Branch_3_42\pic18-lt\cxx-framework\src\traditional\proc\p18f14k50.asm
                    RCSTA   0x000fab       data     extern E:\MPASM_MPLINK_PIC18_LT_Branch_3_42\pic18-lt\cxx-framework\src\traditional\proc\p18f14k50.asm
                TXSTAbits   0x000fac       data     extern E:\MPASM_MPLINK_PIC18_LT_Branch_3_42\pic18-lt\cxx-framework\src\traditional\proc\p18f14k50.asm
                    TXSTA   0x000fac       data     extern E:\MPASM_MPLINK_PIC18_LT_Branch_3_42\pic18-lt\cxx-framework\src\traditional\proc\p18f14k50.asm
                    TXREG   0x000fad       data     extern E:\MPASM_MPLINK_PIC18_LT_Branch_3_42\pic18-lt\cxx-framework\src\traditional\proc\p18f14k50.asm
                    RCREG   0x000fae       data     extern E:\MPASM_MPLINK_PIC18_LT_Branch_3_42\pic18-lt\cxx-framework\src\traditional\proc\p18f14k50.asm
                    SPBRG   0x000faf       data     extern E:\MPASM_MPLINK_PIC18_LT_Branch_3_42\pic18-lt\cxx-framework\src\traditional\proc\p18f14k50.asm
                   SPBRGH   0x000fb0       data     extern E:\MPASM_MPLINK_PIC18_LT_Branch_3_42\pic18-lt\cxx-framework\src\traditional\proc\p18f14k50.asm
                T3CONbits   0x000fb1       data     extern E:\MPASM_MPLINK_PIC18_LT_Branch_3_42\pic18-lt\cxx-framework\src\traditional\proc\p18f14k50.asm
                    T3CON   0x000fb1       data     extern E:\MPASM_MPLINK_PIC18_LT_Branch_3_42\pic18-lt\cxx-framework\src\traditional\proc\p18f14k50.asm
                    TMR3L   0x000fb2       data     extern E:\MPASM_MPLINK_PIC18_LT_Branch_3_42\pic18-lt\cxx-framework\src\traditional\proc\p18f14k50.asm
                    TMR3H   0x000fb3       data     extern E:\MPASM_MPLINK_PIC18_LT_Branch_3_42\pic18-lt\cxx-framework\src\traditional\proc\p18f14k50.asm
              ECCP1ASbits   0x000fb6       data     extern E:\MPASM_MPLINK_PIC18_LT_Branch_3_42\pic18-lt\cxx-framework\src\traditional\proc\p18f14k50.asm
                  ECCP1AS   0x000fb6       data     extern E:\MPASM_MPLINK_PIC18_LT_Branch_3_42\pic18-lt\cxx-framework\src\traditional\proc\p18f14k50.asm
              PWM1CONbits   0x000fb7       data     extern E:\MPASM_MPLINK_PIC18_LT_Branch_3_42\pic18-lt\cxx-framework\src\traditional\proc\p18f14k50.asm
                  PWM1CON   0x000fb7       data     extern E:\MPASM_MPLINK_PIC18_LT_Branch_3_42\pic18-lt\cxx-framework\src\traditional\proc\p18f14k50.asm
              BAUDCTLbits   0x000fb8       data     extern E:\MPASM_MPLINK_PIC18_LT_Branch_3_42\pic18-lt\cxx-framework\src\traditional\proc\p18f14k50.asm
                  BAUDCTL   0x000fb8       data     extern E:\MPASM_MPLINK_PIC18_LT_Branch_3_42\pic18-lt\cxx-framework\src\traditional\proc\p18f14k50.asm
              BAUDCONbits   0x000fb8       data     extern E:\MPASM_MPLINK_PIC18_LT_Branch_3_42\pic18-lt\cxx-framework\src\traditional\proc\p18f14k50.asm
                  BAUDCON   0x000fb8       data     extern E:\MPASM_MPLINK_PIC18_LT_Branch_3_42\pic18-lt\cxx-framework\src\traditional\proc\p18f14k50.asm
              PSTRCONbits   0x000fb9       data     extern E:\MPASM_MPLINK_PIC18_LT_Branch_3_42\pic18-lt\cxx-framework\src\traditional\proc\p18f14k50.asm
                  PSTRCON   0x000fb9       data     extern E:\MPASM_MPLINK_PIC18_LT_Branch_3_42\pic18-lt\cxx-framework\src\traditional\proc\p18f14k50.asm
                  REFCON0   0x000fba       data     extern E:\MPASM_MPLINK_PIC18_LT_Branch_3_42\pic18-lt\cxx-framework\src\traditional\proc\p18f14k50.asm
              REFCON0bits   0x000fba       data     extern E:\MPASM_MPLINK_PIC18_LT_Branch_3_42\pic18-lt\cxx-framework\src\traditional\proc\p18f14k50.asm
                 VREFCON0   0x000fba       data     extern E:\MPASM_MPLINK_PIC18_LT_Branch_3_42\pic18-lt\cxx-framework\src\traditional\proc\p18f14k50.asm
             VREFCON0bits   0x000fba       data     extern E:\MPASM_MPLINK_PIC18_LT_Branch_3_42\pic18-lt\cxx-framework\src\traditional\proc\p18f14k50.asm
                 VREFCON1   0x000fbb       data     extern E:\MPASM_MPLINK_PIC18_LT_Branch_3_42\pic18-lt\cxx-framework\src\traditional\proc\p18f14k50.asm
             VREFCON1bits   0x000fbb       data     extern E:\MPASM_MPLINK_PIC18_LT_Branch_3_42\pic18-lt\cxx-framework\src\traditional\proc\p18f14k50.asm
                  REFCON1   0x000fbb       data     extern E:\MPASM_MPLINK_PIC18_LT_Branch_3_42\pic18-lt\cxx-framework\src\traditional\proc\p18f14k50.asm
              REFCON1bits   0x000fbb       data     extern E:\MPASM_MPLINK_PIC18_LT_Branch_3_42\pic18-lt\cxx-framework\src\traditional\proc\p18f14k50.asm
                 VREFCON2   0x000fbc       data     extern E:\MPASM_MPLINK_PIC18_LT_Branch_3_42\pic18-lt\cxx-framework\src\traditional\proc\p18f14k50.asm
             VREFCON2bits   0x000fbc       data     extern E:\MPASM_MPLINK_PIC18_LT_Branch_3_42\pic18-lt\cxx-framework\src\traditional\proc\p18f14k50.asm
                  REFCON2   0x000fbc       data     extern E:\MPASM_MPLINK_PIC18_LT_Branch_3_42\pic18-lt\cxx-framework\src\traditional\proc\p18f14k50.asm
              REFCON2bits   0x000fbc       data     extern E:\MPASM_MPLINK_PIC18_LT_Branch_3_42\pic18-lt\cxx-framework\src\traditional\proc\p18f14k50.asm
              CCP1CONbits   0x000fbd       data     extern E:\MPASM_MPLINK_PIC18_LT_Branch_3_42\pic18-lt\cxx-framework\src\traditional\proc\p18f14k50.asm
                  CCP1CON   0x000fbd       data     extern E:\MPASM_MPLINK_PIC18_LT_Branch_3_42\pic18-lt\cxx-framework\src\traditional\proc\p18f14k50.asm
                    CCPR1   0x000fbe       data     extern E:\MPASM_MPLINK_PIC18_LT_Branch_3_42\pic18-lt\cxx-framework\src\traditional\proc\p18f14k50.asm
                   CCPR1L   0x000fbe       data     extern E:\MPASM_MPLINK_PIC18_LT_Branch_3_42\pic18-lt\cxx-framework\src\traditional\proc\p18f14k50.asm
                   CCPR1H   0x000fbf       data     extern E:\MPASM_MPLINK_PIC18_LT_Branch_3_42\pic18-lt\cxx-framework\src\traditional\proc\p18f14k50.asm
               ADCON2bits   0x000fc0       data     extern E:\MPASM_MPLINK_PIC18_LT_Branch_3_42\pic18-lt\cxx-framework\src\traditional\proc\p18f14k50.asm
                   ADCON2   0x000fc0       data     extern E:\MPASM_MPLINK_PIC18_LT_Branch_3_42\pic18-lt\cxx-framework\src\traditional\proc\p18f14k50.asm
               ADCON1bits   0x000fc1       data     extern E:\MPASM_MPLINK_PIC18_LT_Branch_3_42\pic18-lt\cxx-framework\src\traditional\proc\p18f14k50.asm
                   ADCON1   0x000fc1       data     extern E:\MPASM_MPLINK_PIC18_LT_Branch_3_42\pic18-lt\cxx-framework\src\traditional\proc\p18f14k50.asm
                   ADCON0   0x000fc2       data     extern E:\MPASM_MPLINK_PIC18_LT_Branch_3_42\pic18-lt\cxx-framework\src\traditional\proc\p18f14k50.asm
               ADCON0bits   0x000fc2       data     extern E:\MPASM_MPLINK_PIC18_LT_Branch_3_42\pic18-lt\cxx-framework\src\traditional\proc\p18f14k50.asm
                    ADRES   0x000fc3       data     extern E:\MPASM_MPLINK_PIC18_LT_Branch_3_42\pic18-lt\cxx-framework\src\traditional\proc\p18f14k50.asm
                   ADRESL   0x000fc3       data     extern E:\MPASM_MPLINK_PIC18_LT_Branch_3_42\pic18-lt\cxx-framework\src\traditional\proc\p18f14k50.asm
                   ADRESH   0x000fc4       data     extern E:\MPASM_MPLINK_PIC18_LT_Branch_3_42\pic18-lt\cxx-framework\src\traditional\proc\p18f14k50.asm
                  SSPCON2   0x000fc5       data     extern E:\MPASM_MPLINK_PIC18_LT_Branch_3_42\pic18-lt\cxx-framework\src\traditional\proc\p18f14k50.asm
              SSPCON2bits   0x000fc5       data     extern E:\MPASM_MPLINK_PIC18_LT_Branch_3_42\pic18-lt\cxx-framework\src\traditional\proc\p18f14k50.asm
                  SSPCON1   0x000fc6       data     extern E:\MPASM_MPLINK_PIC18_LT_Branch_3_42\pic18-lt\cxx-framework\src\traditional\proc\p18f14k50.asm
              SSPCON1bits   0x000fc6       data     extern E:\MPASM_MPLINK_PIC18_LT_Branch_3_42\pic18-lt\cxx-framework\src\traditional\proc\p18f14k50.asm
                  SSPSTAT   0x000fc7       data     extern E:\MPASM_MPLINK_PIC18_LT_Branch_3_42\pic18-lt\cxx-framework\src\traditional\proc\p18f14k50.asm
              SSPSTATbits   0x000fc7       data     extern E:\MPASM_MPLINK_PIC18_LT_Branch_3_42\pic18-lt\cxx-framework\src\traditional\proc\p18f14k50.asm
                   SSPADD   0x000fc8       data     extern E:\MPASM_MPLINK_PIC18_LT_Branch_3_42\pic18-lt\cxx-framework\src\traditional\proc\p18f14k50.asm
                   SSPBUF   0x000fc9       data     extern E:\MPASM_MPLINK_PIC18_LT_Branch_3_42\pic18-lt\cxx-framework\src\traditional\proc\p18f14k50.asm
                T2CONbits   0x000fca       data     extern E:\MPASM_MPLINK_PIC18_LT_Branch_3_42\pic18-lt\cxx-framework\src\traditional\proc\p18f14k50.asm
                    T2CON   0x000fca       data     extern E:\MPASM_MPLINK_PIC18_LT_Branch_3_42\pic18-lt\cxx-framework\src\traditional\proc\p18f14k50.asm
                      PR2   0x000fcb       data     extern E:\MPASM_MPLINK_PIC18_LT_Branch_3_42\pic18-lt\cxx-framework\src\traditional\proc\p18f14k50.asm
                     TMR2   0x000fcc       data     extern E:\MPASM_MPLINK_PIC18_LT_Branch_3_42\pic18-lt\cxx-framework\src\traditional\proc\p18f14k50.asm
                T1CONbits   0x000fcd       data     extern E:\MPASM_MPLINK_PIC18_LT_Branch_3_42\pic18-lt\cxx-framework\src\traditional\proc\p18f14k50.asm
                    T1CON   0x000fcd       data     extern E:\MPASM_MPLINK_PIC18_LT_Branch_3_42\pic18-lt\cxx-framework\src\traditional\proc\p18f14k50.asm
                    TMR1L   0x000fce       data     extern E:\MPASM_MPLINK_PIC18_LT_Branch_3_42\pic18-lt\cxx-framework\src\traditional\proc\p18f14k50.asm
                    TMR1H   0x000fcf       data     extern E:\MPASM_MPLINK_PIC18_LT_Branch_3_42\pic18-lt\cxx-framework\src\traditional\proc\p18f14k50.asm
                     RCON   0x000fd0       data     extern E:\MPASM_MPLINK_PIC18_LT_Branch_3_42\pic18-lt\cxx-framework\src\traditional\proc\p18f14k50.asm
                 RCONbits   0x000fd0       data     extern E:\MPASM_MPLINK_PIC18_LT_Branch_3_42\pic18-lt\cxx-framework\src\traditional\proc\p18f14k50.asm
                   WDTCON   0x000fd1       data     extern E:\MPASM_MPLINK_PIC18_LT_Branch_3_42\pic18-lt\cxx-framework\src\traditional\proc\p18f14k50.asm
               WDTCONbits   0x000fd1       data     extern E:\MPASM_MPLINK_PIC18_LT_Branch_3_42\pic18-lt\cxx-framework\src\traditional\proc\p18f14k50.asm
                  OSCCON2   0x000fd2       data     extern E:\MPASM_MPLINK_PIC18_LT_Branch_3_42\pic18-lt\cxx-framework\src\traditional\proc\p18f14k50.asm
              OSCCON2bits   0x000fd2       data     extern E:\MPASM_MPLINK_PIC18_LT_Branch_3_42\pic18-lt\cxx-framework\src\traditional\proc\p18f14k50.asm
                   OSCCON   0x000fd3       data     extern E:\MPASM_MPLINK_PIC18_LT_Branch_3_42\pic18-lt\cxx-framework\src\traditional\proc\p18f14k50.asm
               OSCCONbits   0x000fd3       data     extern E:\MPASM_MPLINK_PIC18_LT_Branch_3_42\pic18-lt\cxx-framework\src\traditional\proc\p18f14k50.asm
                    T0CON   0x000fd5       data     extern E:\MPASM_MPLINK_PIC18_LT_Branch_3_42\pic18-lt\cxx-framework\src\traditional\proc\p18f14k50.asm
                T0CONbits   0x000fd5       data     extern E:\MPASM_MPLINK_PIC18_LT_Branch_3_42\pic18-lt\cxx-framework\src\traditional\proc\p18f14k50.asm
                    TMR0L   0x000fd6       data     extern E:\MPASM_MPLINK_PIC18_LT_Branch_3_42\pic18-lt\cxx-framework\src\traditional\proc\p18f14k50.asm
                    TMR0H   0x000fd7       data     extern E:\MPASM_MPLINK_PIC18_LT_Branch_3_42\pic18-lt\cxx-framework\src\traditional\proc\p18f14k50.asm
                   STATUS   0x000fd8       data     extern E:\MPASM_MPLINK_PIC18_LT_Branch_3_42\pic18-lt\cxx-framework\src\traditional\proc\p18f14k50.asm
               STATUSbits   0x000fd8       data     extern E:\MPASM_MPLINK_PIC18_LT_Branch_3_42\pic18-lt\cxx-framework\src\traditional\proc\p18f14k50.asm
                    FSR2L   0x000fd9       data     extern E:\MPASM_MPLINK_PIC18_LT_Branch_3_42\pic18-lt\cxx-framework\src\traditional\proc\p18f14k50.asm
                     FSR2   0x000fd9       data     extern E:\MPASM_MPLINK_PIC18_LT_Branch_3_42\pic18-lt\cxx-framework\src\traditional\proc\p18f14k50.asm
                    FSR2H   0x000fda       data     extern E:\MPASM_MPLINK_PIC18_LT_Branch_3_42\pic18-lt\cxx-framework\src\traditional\proc\p18f14k50.asm
                   PLUSW2   0x000fdb       data     extern E:\MPASM_MPLINK_PIC18_LT_Branch_3_42\pic18-lt\cxx-framework\src\traditional\proc\p18f14k50.asm
                  PREINC2   0x000fdc       data     extern E:\MPASM_MPLINK_PIC18_LT_Branch_3_42\pic18-lt\cxx-framework\src\traditional\proc\p18f14k50.asm
                 POSTDEC2   0x000fdd       data     extern E:\MPASM_MPLINK_PIC18_LT_Branch_3_42\pic18-lt\cxx-framework\src\traditional\proc\p18f14k50.asm
                 POSTINC2   0x000fde       data     extern E:\MPASM_MPLINK_PIC18_LT_Branch_3_42\pic18-lt\cxx-framework\src\traditional\proc\p18f14k50.asm
                    INDF2   0x000fdf       data     extern E:\MPASM_MPLINK_PIC18_LT_Branch_3_42\pic18-lt\cxx-framework\src\traditional\proc\p18f14k50.asm
                      BSR   0x000fe0       data     extern E:\MPASM_MPLINK_PIC18_LT_Branch_3_42\pic18-lt\cxx-framework\src\traditional\proc\p18f14k50.asm
                     FSR1   0x000fe1       data     extern E:\MPASM_MPLINK_PIC18_LT_Branch_3_42\pic18-lt\cxx-framework\src\traditional\proc\p18f14k50.asm
                    FSR1L   0x000fe1       data     extern E:\MPASM_MPLINK_PIC18_LT_Branch_3_42\pic18-lt\cxx-framework\src\traditional\proc\p18f14k50.asm
                    FSR1H   0x000fe2       data     extern E:\MPASM_MPLINK_PIC18_LT_Branch_3_42\pic18-lt\cxx-framework\src\traditional\proc\p18f14k50.asm
                   PLUSW1   0x000fe3       data     extern E:\MPASM_MPLINK_PIC18_LT_Branch_3_42\pic18-lt\cxx-framework\src\traditional\proc\p18f14k50.asm
                  PREINC1   0x000fe4       data     extern E:\MPASM_MPLINK_PIC18_LT_Branch_3_42\pic18-lt\cxx-framework\src\traditional\proc\p18f14k50.asm
                 POSTDEC1   0x000fe5       data     extern E:\MPASM_MPLINK_PIC18_LT_Branch_3_42\pic18-lt\cxx-framework\src\traditional\proc\p18f14k50.asm
                 POSTINC1   0x000fe6       data     extern E:\MPASM_MPLINK_PIC18_LT_Branch_3_42\pic18-lt\cxx-framework\src\traditional\proc\p18f14k50.asm
                    INDF1   0x000fe7       data     extern E:\MPASM_MPLINK_PIC18_LT_Branch_3_42\pic18-lt\cxx-framework\src\traditional\proc\p18f14k50.asm
                     WREG   0x000fe8       data     extern E:\MPASM_MPLINK_PIC18_LT_Branch_3_42\pic18-lt\cxx-framework\src\traditional\proc\p18f14k50.asm
                        W   0x000fe8       data     extern E:\MPASM_MPLINK_PIC18_LT_Branch_3_42\pic18-lt\cxx-framework\src\traditional\proc\p18f14k50.asm
                     FSR0   0x000fe9       data     extern E:\MPASM_MPLINK_PIC18_LT_Branch_3_42\pic18-lt\cxx-framework\src\traditional\proc\p18f14k50.asm
                    FSR0L   0x000fe9       data     extern E:\MPASM_MPLINK_PIC18_LT_Branch_3_42\pic18-lt\cxx-framework\src\traditional\proc\p18f14k50.asm
                    FSR0H   0x000fea       data     extern E:\MPASM_MPLINK_PIC18_LT_Branch_3_42\pic18-lt\cxx-framework\src\traditional\proc\p18f14k50.asm
                   PLUSW0   0x000feb       data     extern E:\MPASM_MPLINK_PIC18_LT_Branch_3_42\pic18-lt\cxx-framework\src\traditional\proc\p18f14k50.asm
                  PREINC0   0x000fec       data     extern E:\MPASM_MPLINK_PIC18_LT_Branch_3_42\pic18-lt\cxx-framework\src\traditional\proc\p18f14k50.asm
                 POSTDEC0   0x000fed       data     extern E:\MPASM_MPLINK_PIC18_LT_Branch_3_42\pic18-lt\cxx-framework\src\traditional\proc\p18f14k50.asm
                 POSTINC0   0x000fee       data     extern E:\MPASM_MPLINK_PIC18_LT_Branch_3_42\pic18-lt\cxx-framework\src\traditional\proc\p18f14k50.asm
                    INDF0   0x000fef       data     extern E:\MPASM_MPLINK_PIC18_LT_Branch_3_42\pic18-lt\cxx-framework\src\traditional\proc\p18f14k50.asm
              INTCON3bits   0x000ff0       data     extern E:\MPASM_MPLINK_PIC18_LT_Branch_3_42\pic18-lt\cxx-framework\src\traditional\proc\p18f14k50.asm
                  INTCON3   0x000ff0       data     extern E:\MPASM_MPLINK_PIC18_LT_Branch_3_42\pic18-lt\cxx-framework\src\traditional\proc\p18f14k50.asm
              INTCON2bits   0x000ff1       data     extern E:\MPASM_MPLINK_PIC18_LT_Branch_3_42\pic18-lt\cxx-framework\src\traditional\proc\p18f14k50.asm
                  INTCON2   0x000ff1       data     extern E:\MPASM_MPLINK_PIC18_LT_Branch_3_42\pic18-lt\cxx-framework\src\traditional\proc\p18f14k50.asm
                   INTCON   0x000ff2       data     extern E:\MPASM_MPLINK_PIC18_LT_Branch_3_42\pic18-lt\cxx-framework\src\traditional\proc\p18f14k50.asm
               INTCONbits   0x000ff2       data     extern E:\MPASM_MPLINK_PIC18_LT_Branch_3_42\pic18-lt\cxx-framework\src\traditional\proc\p18f14k50.asm
                     PROD   0x000ff3       data     extern E:\MPASM_MPLINK_PIC18_LT_Branch_3_42\pic18-lt\cxx-framework\src\traditional\proc\p18f14k50.asm
                    PRODL   0x000ff3       data     extern E:\MPASM_MPLINK_PIC18_LT_Branch_3_42\pic18-lt\cxx-framework\src\traditional\proc\p18f14k50.asm
                    PRODH   0x000ff4       data     extern E:\MPASM_MPLINK_PIC18_LT_Branch_3_42\pic18-lt\cxx-framework\src\traditional\proc\p18f14k50.asm
                   TABLAT   0x000ff5       data     extern E:\MPASM_MPLINK_PIC18_LT_Branch_3_42\pic18-lt\cxx-framework\src\traditional\proc\p18f14k50.asm
                  TBLPTRL   0x000ff6       data     extern E:\MPASM_MPLINK_PIC18_LT_Branch_3_42\pic18-lt\cxx-framework\src\traditional\proc\p18f14k50.asm
                   TBLPTR   0x000ff6       data     extern E:\MPASM_MPLINK_PIC18_LT_Branch_3_42\pic18-lt\cxx-framework\src\traditional\proc\p18f14k50.asm
                  TBLPTRH   0x000ff7       data     extern E:\MPASM_MPLINK_PIC18_LT_Branch_3_42\pic18-lt\cxx-framework\src\traditional\proc\p18f14k50.asm
                  TBLPTRU   0x000ff8       data     extern E:\MPASM_MPLINK_PIC18_LT_Branch_3_42\pic18-lt\cxx-framework\src\traditional\proc\p18f14k50.asm
                      PCL   0x000ff9       data     extern E:\MPASM_MPLINK_PIC18_LT_Branch_3_42\pic18-lt\cxx-framework\src\traditional\proc\p18f14k50.asm
                       PC   0x000ff9       data     extern E:\MPASM_MPLINK_PIC18_LT_Branch_3_42\pic18-lt\cxx-framework\src\traditional\proc\p18f14k50.asm
                   PCLATH   0x000ffa       data     extern E:\MPASM_MPLINK_PIC18_LT_Branch_3_42\pic18-lt\cxx-framework\src\traditional\proc\p18f14k50.asm
                   PCLATU   0x000ffb       data     extern E:\MPASM_MPLINK_PIC18_LT_Branch_3_42\pic18-lt\cxx-framework\src\traditional\proc\p18f14k50.asm
                   STKPTR   0x000ffc       data     extern E:\MPASM_MPLINK_PIC18_LT_Branch_3_42\pic18-lt\cxx-framework\src\traditional\proc\p18f14k50.asm
               STKPTRbits   0x000ffc       data     extern E:\MPASM_MPLINK_PIC18_LT_Branch_3_42\pic18-lt\cxx-framework\src\traditional\proc\p18f14k50.asm
                      TOS   0x000ffd       data     extern E:\MPASM_MPLINK_PIC18_LT_Branch_3_42\pic18-lt\cxx-framework\src\traditional\proc\p18f14k50.asm
                     TOSL   0x000ffd       data     extern E:\MPASM_MPLINK_PIC18_LT_Branch_3_42\pic18-lt\cxx-framework\src\traditional\proc\p18f14k50.asm
                     TOSH   0x000ffe       data     extern E:\MPASM_MPLINK_PIC18_LT_Branch_3_42\pic18-lt\cxx-framework\src\traditional\proc\p18f14k50.asm
                     TOSU   0x000fff       data     extern E:\MPASM_MPLINK_PIC18_LT_Branch_3_42\pic18-lt\cxx-framework\src\traditional\proc\p18f14k50.asm


