MPLINK 4.40, Linker
Linker Map File - Created Sat Apr 07 21:35:38 2012

                                 Section Info
                  Section       Type    Address   Location Size(Bytes)
                ---------  ---------  ---------  ---------  ---------
               _entry_scn       code   0x000000    program   0x000006
    HIGH_INTERRUPT_VECTOR       code   0x000008    program   0x000006
     LOW_INTERRUPT_VECTOR       code   0x000018    program   0x000006
    REMAPPED_RESET_VECTOR       code   0x001000    program   0x000006
           .code___init.o       code   0x001006    program   0x000002
REMAPPED_HIGH_INTERRUPT_VECTOR       code   0x001008    program   0x000006
          .idata_main.o_i    romdata   0x00100e    program   0x000006
REMAPPED_LOW_INTERRUPT_VECTOR       code   0x001018    program   0x000006
                   .cinit    romdata   0x00101e    program   0x00000e
       .code_usb_device.o       code   0x00102c    program   0x001290
             .code_main.o       code   0x0022bc    program   0x000344
 .code_usb_function_hid.o       code   0x002600    program   0x0000c8
.romdata_usb_descriptors.o    romdata   0x0026c8    program   0x0000c5
    .idata_usb_device.o_i    romdata   0x00278d    program   0x000000
    .romdata_usb_device.o    romdata   0x00278d    program   0x000000
        .idata___init.o_i    romdata   0x00278d    program   0x000000
        .romdata___init.o    romdata   0x00278d    program   0x000000
.romdata_usb_function_hid.o    romdata   0x00278d    program   0x000000
.idata_usb_function_hid.o_i    romdata   0x00278d    program   0x000000
         .idata_c018i.o_i    romdata   0x00278d    program   0x000000
         .romdata_c018i.o    romdata   0x00278d    program   0x000000
.idata_usb_descriptors.o_i    romdata   0x00278d    program   0x000000
          .romdata_main.o    romdata   0x00278d    program   0x000000
            .code_c018i.o       code   0x00278e    program   0x000000
               _cinit_scn       code   0x00278e    program   0x00009e
  .code_usb_descriptors.o       code   0x00278e    program   0x000000
                   STRING       code   0x00282c    program   0x000034
                    .code       code   0x002860    program   0x000020
             _startup_scn       code   0x002880    program   0x00001c
    .config_300000_main.o    romdata   0x300000    program   0x000001
    .config_300001_main.o    romdata   0x300001    program   0x000001
    .config_300002_main.o    romdata   0x300002    program   0x000001
    .config_300003_main.o    romdata   0x300003    program   0x000001
    .config_300005_main.o    romdata   0x300005    program   0x000001
    .config_300006_main.o    romdata   0x300006    program   0x000001
    .config_300008_main.o    romdata   0x300008    program   0x000001
    .config_300009_main.o    romdata   0x300009    program   0x000001
    .config_30000a_main.o    romdata   0x30000a    program   0x000001
    .config_30000b_main.o    romdata   0x30000b    program   0x000001
    .config_30000c_main.o    romdata   0x30000c    program   0x000001
    .config_30000d_main.o    romdata   0x30000d    program   0x000001
                MATH_DATA      udata   0x000000       data   0x00000b
                 .tmpdata      udata   0x00000b       data   0x000003
YourHighPriorityISRCode_tmp      udata   0x00000e       data   0x000001
      .udata_usb_device.o      udata   0x000060       data   0x00002e
           .udata_c018i.o      udata   0x00008e       data   0x00000a
            .idata_main.o      idata   0x000098       data   0x000006
.udata_usb_function_hid.o      udata   0x00009e       data   0x000002
            .udata_main.o      udata   0x0000a0       data   0x000002
 .idata_usb_descriptors.o      idata   0x0000a2       data   0x000000
 .udata_usb_descriptors.o      udata   0x0000a2       data   0x000000
.idata_usb_function_hid.o      idata   0x0000a2       data   0x000000
           .idata_c018i.o      idata   0x0000a2       data   0x000000
      .idata_usb_device.o      idata   0x0000a2       data   0x000000
          .udata___init.o      udata   0x0000a2       data   0x000000
          .idata___init.o      idata   0x0000a2       data   0x000000
                   .stack      udata   0x000100       data   0x000040
                  USB_BDT      udata   0x000200       data   0x000036
                  usbram2      udata   0x000236       data   0x000042
              SFR_BANKED0      udata   0x000f53       data   0x00000d
            SFR_UNBANKED0      udata   0x000f60       data   0x0000a0



                              Program Memory Usage 
                               Start         End      
                           ---------   ---------      
                            0x000000    0x000005      
                            0x000008    0x00000d      
                            0x000018    0x00001d      
                            0x001000    0x001013      
                            0x001018    0x00278c      
                            0x00278e    0x00289b      
                            0x300000    0x300003      
                            0x300005    0x300006      
                            0x300008    0x30000d      
            6325 out of 16408 program addresses used, program memory utilization is 38%



                              Symbols - Sorted by Name
                     Name    Address   Location    Storage File                     
                ---------  ---------  ---------  --------- ---------                
           BlinkUSBStatus   0x002460    program     extern C:\Users\Domingos\Documents\BP-EWH project Google Code\trunk\PIC_code\BP USB code\Firmware\main.c
                 High_ISR   0x000008    program     extern C:\Users\Domingos\Documents\BP-EWH project Google Code\trunk\PIC_code\BP USB code\Firmware\main.c
         InitializeSystem   0x0023e2    program     static C:\Users\Domingos\Documents\BP-EWH project Google Code\trunk\PIC_code\BP USB code\Firmware\main.c
                  Low_ISR   0x000018    program     extern C:\Users\Domingos\Documents\BP-EWH project Google Code\trunk\PIC_code\BP USB code\Firmware\main.c
                ProcessIO   0x002418    program     extern C:\Users\Domingos\Documents\BP-EWH project Google Code\trunk\PIC_code\BP USB code\Firmware\main.c
                  ReadPOT   0x002432    program     extern C:\Users\Domingos\Documents\BP-EWH project Google Code\trunk\PIC_code\BP USB code\Firmware\main.c
        Remapped_High_ISR   0x001008    program     extern C:\Users\Domingos\Documents\BP-EWH project Google Code\trunk\PIC_code\BP USB code\Firmware\main.c
         Remapped_Low_ISR   0x001018    program     extern C:\Users\Domingos\Documents\BP-EWH project Google Code\trunk\PIC_code\BP USB code\Firmware\main.c
       USBCBCheckOtherReq   0x0024e6    program     extern C:\Users\Domingos\Documents\BP-EWH project Google Code\trunk\PIC_code\BP USB code\Firmware\main.c
        USBCBErrorHandler   0x0024e4    program     extern C:\Users\Domingos\Documents\BP-EWH project Google Code\trunk\PIC_code\BP USB code\Firmware\main.c
              USBCBInitEP   0x0024ec    program     extern C:\Users\Domingos\Documents\BP-EWH project Google Code\trunk\PIC_code\BP USB code\Firmware\main.c
          USBCBSendResume   0x002524    program     extern C:\Users\Domingos\Documents\BP-EWH project Google Code\trunk\PIC_code\BP USB code\Firmware\main.c
    USBCBStdSetDscHandler   0x0024ea    program     extern C:\Users\Domingos\Documents\BP-EWH project Google Code\trunk\PIC_code\BP USB code\Firmware\main.c
             USBCBSuspend   0x0024de    program     extern C:\Users\Domingos\Documents\BP-EWH project Google Code\trunk\PIC_code\BP USB code\Firmware\main.c
     USBCBWakeFromSuspend   0x0024e0    program     extern C:\Users\Domingos\Documents\BP-EWH project Google Code\trunk\PIC_code\BP USB code\Firmware\main.c
        USBCB_SOF_Handler   0x0024e2    program     extern C:\Users\Domingos\Documents\BP-EWH project Google Code\trunk\PIC_code\BP USB code\Firmware\main.c
              USBCancelIO   0x0014f0    program     extern C:\Users\Domingos\Documents\BP-EWH project Google Code\trunk\PIC_code\BP USB code\Firmware\USB\usb_device.c
       USBCheckHIDRequest   0x002600    program     extern C:\Users\Domingos\Documents\BP-EWH project Google Code\trunk\PIC_code\BP USB code\Firmware\USB\usb_function_hid.c
       USBCheckStdRequest   0x001f8e    program     static C:\Users\Domingos\Documents\BP-EWH project Google Code\trunk\PIC_code\BP USB code\Firmware\USB\usb_device.c
     USBConfigureEndpoint   0x0016f8    program     static C:\Users\Domingos\Documents\BP-EWH project Google Code\trunk\PIC_code\BP USB code\Firmware\USB\usb_device.c
  USBCtrlEPAllowDataStage   0x00167c    program     extern C:\Users\Domingos\Documents\BP-EWH project Google Code\trunk\PIC_code\BP USB code\Firmware\USB\usb_device.c
USBCtrlEPAllowStatusStage   0x0015da    program     extern C:\Users\Domingos\Documents\BP-EWH project Google Code\trunk\PIC_code\BP USB code\Firmware\USB\usb_device.c
         USBCtrlEPService   0x001d62    program     static C:\Users\Domingos\Documents\BP-EWH project Google Code\trunk\PIC_code\BP USB code\Firmware\USB\usb_device.c
 USBCtrlEPServiceComplete   0x0017a4    program     static C:\Users\Domingos\Documents\BP-EWH project Google Code\trunk\PIC_code\BP USB code\Firmware\USB\usb_device.c
      USBCtrlTrfInHandler   0x001eda    program     static C:\Users\Domingos\Documents\BP-EWH project Google Code\trunk\PIC_code\BP USB code\Firmware\USB\usb_device.c
     USBCtrlTrfOutHandler   0x001e90    program     static C:\Users\Domingos\Documents\BP-EWH project Google Code\trunk\PIC_code\BP USB code\Firmware\USB\usb_device.c
      USBCtrlTrfRxService   0x001924    program     static C:\Users\Domingos\Documents\BP-EWH project Google Code\trunk\PIC_code\BP USB code\Firmware\USB\usb_device.c
   USBCtrlTrfSetupHandler   0x001e32    program     static C:\Users\Domingos\Documents\BP-EWH project Google Code\trunk\PIC_code\BP USB code\Firmware\USB\usb_device.c
      USBCtrlTrfTxService   0x001866    program     static C:\Users\Domingos\Documents\BP-EWH project Google Code\trunk\PIC_code\BP USB code\Firmware\USB\usb_device.c
          USBDeviceAttach   0x0015aa    program     extern C:\Users\Domingos\Documents\BP-EWH project Google Code\trunk\PIC_code\BP USB code\Firmware\USB\usb_device.c
          USBDeviceDetach   0x0015a0    program     extern C:\Users\Domingos\Documents\BP-EWH project Google Code\trunk\PIC_code\BP USB code\Firmware\USB\usb_device.c
            USBDeviceInit   0x00102c    program     extern C:\Users\Domingos\Documents\BP-EWH project Google Code\trunk\PIC_code\BP USB code\Firmware\USB\usb_device.c
           USBDeviceTasks   0x00114c    program     extern C:\Users\Domingos\Documents\BP-EWH project Google Code\trunk\PIC_code\BP USB code\Firmware\USB\usb_device.c
        USBEnableEndpoint   0x0012b4    program     extern C:\Users\Domingos\Documents\BP-EWH project Google Code\trunk\PIC_code\BP USB code\Firmware\USB\usb_device.c
         USBStallEndpoint   0x001414    program     extern C:\Users\Domingos\Documents\BP-EWH project Google Code\trunk\PIC_code\BP USB code\Firmware\USB\usb_device.c
          USBStallHandler   0x001cd6    program     static C:\Users\Domingos\Documents\BP-EWH project Google Code\trunk\PIC_code\BP USB code\Firmware\USB\usb_device.c
  USBStdFeatureReqHandler   0x00204c    program     static C:\Users\Domingos\Documents\BP-EWH project Google Code\trunk\PIC_code\BP USB code\Firmware\USB\usb_device.c
      USBStdGetDscHandler   0x001b5a    program     static C:\Users\Domingos\Documents\BP-EWH project Google Code\trunk\PIC_code\BP USB code\Firmware\USB\usb_device.c
   USBStdGetStatusHandler   0x001c14    program     static C:\Users\Domingos\Documents\BP-EWH project Google Code\trunk\PIC_code\BP USB code\Firmware\USB\usb_device.c
      USBStdSetCfgHandler   0x001a62    program     static C:\Users\Domingos\Documents\BP-EWH project Google Code\trunk\PIC_code\BP USB code\Firmware\USB\usb_device.c
               USBSuspend   0x001d0a    program     static C:\Users\Domingos\Documents\BP-EWH project Google Code\trunk\PIC_code\BP USB code\Firmware\USB\usb_device.c
     USBTransferOnePacket   0x001322    program     extern C:\Users\Domingos\Documents\BP-EWH project Google Code\trunk\PIC_code\BP USB code\Firmware\USB\usb_device.c
       USBWakeFromSuspend   0x001d34    program     static C:\Users\Domingos\Documents\BP-EWH project Google Code\trunk\PIC_code\BP USB code\Firmware\USB\usb_device.c
               USB_CD_Ptr   0x002785    program     extern C:\Users\Domingos\Documents\BP-EWH project Google Code\trunk\PIC_code\BP USB code\Firmware\usb_descriptors.c
               USB_SD_Ptr   0x002787    program     extern C:\Users\Domingos\Documents\BP-EWH project Google Code\trunk\PIC_code\BP USB code\Firmware\usb_descriptors.c
USER_USB_CALLBACK_EVENT_HANDLER   0x00256c    program     extern C:\Users\Domingos\Documents\BP-EWH project Google Code\trunk\PIC_code\BP USB code\Firmware\main.c
                 UserInit   0x00240c    program     extern C:\Users\Domingos\Documents\BP-EWH project Google Code\trunk\PIC_code\BP USB code\Firmware\main.c
  YourHighPriorityISRCode   0x0022bc    program     extern C:\Users\Domingos\Documents\BP-EWH project Google Code\trunk\PIC_code\BP USB code\Firmware\main.c
   YourLowPriorityISRCode   0x0023b6    program     extern C:\Users\Domingos\Documents\BP-EWH project Google Code\trunk\PIC_code\BP USB code\Firmware\main.c
              _2jContinue   0x00284c    program     static C:\MCC18\v3_39\src\traditional\stdclib\memset.asm
                   _3jEnd   0x002856    program     static C:\MCC18\v3_39\src\traditional\stdclib\memset.asm
       ___return_lbl00000   0x001004    program     static                          
       ___return_lbl00000   0x000004    program     static                          
       ___return_lbl00001   0x00100c    program     static                          
       ___return_lbl00001   0x00289a    program     static                          
       ___return_lbl00002   0x00282a    program     static                          
       ___return_lbl00002   0x00101c    program     static                          
       ___return_lbl00003   0x00000c    program     static                          
       ___return_lbl00004   0x00001c    program     static                          
               __config_0   0x300000    program     static C:\Users\Domingos\Documents\BP-EWH project Google Code\trunk\PIC_code\BP USB code\Firmware\main.c
               __config_1   0x300001    program     static C:\Users\Domingos\Documents\BP-EWH project Google Code\trunk\PIC_code\BP USB code\Firmware\main.c
              __config_10   0x30000c    program     static C:\Users\Domingos\Documents\BP-EWH project Google Code\trunk\PIC_code\BP USB code\Firmware\main.c
              __config_11   0x30000d    program     static C:\Users\Domingos\Documents\BP-EWH project Google Code\trunk\PIC_code\BP USB code\Firmware\main.c
               __config_2   0x300002    program     static C:\Users\Domingos\Documents\BP-EWH project Google Code\trunk\PIC_code\BP USB code\Firmware\main.c
               __config_3   0x300003    program     static C:\Users\Domingos\Documents\BP-EWH project Google Code\trunk\PIC_code\BP USB code\Firmware\main.c
               __config_4   0x300005    program     static C:\Users\Domingos\Documents\BP-EWH project Google Code\trunk\PIC_code\BP USB code\Firmware\main.c
               __config_5   0x300006    program     static C:\Users\Domingos\Documents\BP-EWH project Google Code\trunk\PIC_code\BP USB code\Firmware\main.c
               __config_6   0x300008    program     static C:\Users\Domingos\Documents\BP-EWH project Google Code\trunk\PIC_code\BP USB code\Firmware\main.c
               __config_7   0x300009    program     static C:\Users\Domingos\Documents\BP-EWH project Google Code\trunk\PIC_code\BP USB code\Firmware\main.c
               __config_8   0x30000a    program     static C:\Users\Domingos\Documents\BP-EWH project Google Code\trunk\PIC_code\BP USB code\Firmware\main.c
               __config_9   0x30000b    program     static C:\Users\Domingos\Documents\BP-EWH project Google Code\trunk\PIC_code\BP USB code\Firmware\main.c
                   __init   0x001006    program     extern C:\MCC18\v3_39\src\traditional\stdclib\__init.c
            __zero_memory   0x002860    program     extern C:\MCC18\v3_39\src\traditional\proc\p18F14K50.asm
                _do_cinit   0x00278e    program     extern C:\MCC18\v3_39\src\traditional\startup\c018i.c
                   _entry   0x000000    program     extern C:\MCC18\v3_39\src\traditional\startup\c018i.c
                   _reset   0x001000    program     extern C:\Users\Domingos\Documents\BP-EWH project Google Code\trunk\PIC_code\BP USB code\Firmware\main.c
                 _startup   0x002880    program     extern C:\MCC18\v3_39\src\traditional\startup\c018i.c
                compare_l   0x002876    program     static C:\MCC18\v3_39\src\traditional\proc\p18F14K50.asm
        configDescriptor1   0x0026da    program     extern C:\Users\Domingos\Documents\BP-EWH project Google Code\trunk\PIC_code\BP USB code\Firmware\usb_descriptors.c
                copy_loop   0x002800    program     static                          
            copy_one_byte   0x002806    program     static                          
               device_dsc   0x0026c8    program     extern C:\Users\Domingos\Documents\BP-EWH project Google Code\trunk\PIC_code\BP USB code\Firmware\usb_descriptors.c
                     done   0x00282a    program     static                          
             done_copying   0x002814    program     static                          
                hid_rpt01   0x002769    program     extern C:\Users\Domingos\Documents\BP-EWH project Google Code\trunk\PIC_code\BP USB code\Firmware\usb_descriptors.c
                     jEnd   0x00285e    program     static C:\MCC18\v3_39\src\traditional\stdclib\memset.asm
                    jLoop   0x002840    program     static C:\MCC18\v3_39\src\traditional\stdclib\memset.asm
                     loop   0x002890    program     static                          
                   loop_h   0x00286e    program     static C:\MCC18\v3_39\src\traditional\proc\p18F14K50.asm
                   loop_l   0x002878    program     static C:\MCC18\v3_39\src\traditional\proc\p18F14K50.asm
                     main   0x0023d8    program     extern C:\Users\Domingos\Documents\BP-EWH project Google Code\trunk\PIC_code\BP USB code\Firmware\main.c
                   memset   0x00282c    program     extern C:\MCC18\v3_39\src\traditional\stdclib\memset.asm
                    sd000   0x002703    program     extern C:\Users\Domingos\Documents\BP-EWH project Google Code\trunk\PIC_code\BP USB code\Firmware\usb_descriptors.c
                    sd001   0x002707    program     extern C:\Users\Domingos\Documents\BP-EWH project Google Code\trunk\PIC_code\BP USB code\Firmware\usb_descriptors.c
                    sd002   0x00273b    program     extern C:\Users\Domingos\Documents\BP-EWH project Google Code\trunk\PIC_code\BP USB code\Firmware\usb_descriptors.c
                     test   0x0027a8    program     static                          
               zero_block   0x00286e    program     static C:\MCC18\v3_39\src\traditional\proc\p18F14K50.asm
                   ADCON0   0x000fc2       data     extern C:\MCC18\v3_39\src\traditional\proc\p18F14K50.asm
               ADCON0bits   0x000fc2       data     extern C:\MCC18\v3_39\src\traditional\proc\p18F14K50.asm
                   ADCON1   0x000fc1       data     extern C:\MCC18\v3_39\src\traditional\proc\p18F14K50.asm
               ADCON1bits   0x000fc1       data     extern C:\MCC18\v3_39\src\traditional\proc\p18F14K50.asm
                   ADCON2   0x000fc0       data     extern C:\MCC18\v3_39\src\traditional\proc\p18F14K50.asm
               ADCON2bits   0x000fc0       data     extern C:\MCC18\v3_39\src\traditional\proc\p18F14K50.asm
                    ADRES   0x000fc3       data     extern C:\MCC18\v3_39\src\traditional\proc\p18F14K50.asm
                   ADRESH   0x000fc4       data     extern C:\MCC18\v3_39\src\traditional\proc\p18F14K50.asm
                   ADRESL   0x000fc3       data     extern C:\MCC18\v3_39\src\traditional\proc\p18F14K50.asm
                    ANSEL   0x000f7e       data     extern C:\MCC18\v3_39\src\traditional\proc\p18F14K50.asm
                   ANSELH   0x000f7f       data     extern C:\MCC18\v3_39\src\traditional\proc\p18F14K50.asm
               ANSELHbits   0x000f7f       data     extern C:\MCC18\v3_39\src\traditional\proc\p18F14K50.asm
                ANSELbits   0x000f7e       data     extern C:\MCC18\v3_39\src\traditional\proc\p18F14K50.asm
                  BAUDCON   0x000fb8       data     extern C:\MCC18\v3_39\src\traditional\proc\p18F14K50.asm
              BAUDCONbits   0x000fb8       data     extern C:\MCC18\v3_39\src\traditional\proc\p18F14K50.asm
                  BAUDCTL   0x000fb8       data     extern C:\MCC18\v3_39\src\traditional\proc\p18F14K50.asm
              BAUDCTLbits   0x000fb8       data     extern C:\MCC18\v3_39\src\traditional\proc\p18F14K50.asm
                      BDT   0x000200       data     extern C:\Users\Domingos\Documents\BP-EWH project Google Code\trunk\PIC_code\BP USB code\Firmware\USB\usb_device.c
                      BSR   0x000fe0       data     extern C:\MCC18\v3_39\src\traditional\proc\p18F14K50.asm
       BothEP0OutUOWNsSet   0x000083       data     extern C:\Users\Domingos\Documents\BP-EWH project Google Code\trunk\PIC_code\BP USB code\Firmware\USB\usb_device.c
                  CCP1CON   0x000fbd       data     extern C:\MCC18\v3_39\src\traditional\proc\p18F14K50.asm
              CCP1CONbits   0x000fbd       data     extern C:\MCC18\v3_39\src\traditional\proc\p18F14K50.asm
                    CCPR1   0x000fbe       data     extern C:\MCC18\v3_39\src\traditional\proc\p18F14K50.asm
                   CCPR1H   0x000fbf       data     extern C:\MCC18\v3_39\src\traditional\proc\p18F14K50.asm
                   CCPR1L   0x000fbe       data     extern C:\MCC18\v3_39\src\traditional\proc\p18F14K50.asm
                  CM1CON0   0x000f6d       data     extern C:\MCC18\v3_39\src\traditional\proc\p18F14K50.asm
              CM1CON0bits   0x000f6d       data     extern C:\MCC18\v3_39\src\traditional\proc\p18F14K50.asm
                  CM2CON0   0x000f6b       data     extern C:\MCC18\v3_39\src\traditional\proc\p18F14K50.asm
              CM2CON0bits   0x000f6b       data     extern C:\MCC18\v3_39\src\traditional\proc\p18F14K50.asm
                  CM2CON1   0x000f6c       data     extern C:\MCC18\v3_39\src\traditional\proc\p18F14K50.asm
              CM2CON1bits   0x000f6c       data     extern C:\MCC18\v3_39\src\traditional\proc\p18F14K50.asm
              CtrlTrfData   0x000228       data     extern C:\Users\Domingos\Documents\BP-EWH project Google Code\trunk\PIC_code\BP USB code\Firmware\USB\usb_device.c
                     DDRA   0x000f92       data     extern C:\MCC18\v3_39\src\traditional\proc\p18F14K50.asm
                 DDRAbits   0x000f92       data     extern C:\MCC18\v3_39\src\traditional\proc\p18F14K50.asm
                     DDRB   0x000f93       data     extern C:\MCC18\v3_39\src\traditional\proc\p18F14K50.asm
                 DDRBbits   0x000f93       data     extern C:\MCC18\v3_39\src\traditional\proc\p18F14K50.asm
                     DDRC   0x000f94       data     extern C:\MCC18\v3_39\src\traditional\proc\p18F14K50.asm
                 DDRCbits   0x000f94       data     extern C:\MCC18\v3_39\src\traditional\proc\p18F14K50.asm
                  ECCP1AS   0x000fb6       data     extern C:\MCC18\v3_39\src\traditional\proc\p18F14K50.asm
              ECCP1ASbits   0x000fb6       data     extern C:\MCC18\v3_39\src\traditional\proc\p18F14K50.asm
                    EEADR   0x000fa9       data     extern C:\MCC18\v3_39\src\traditional\proc\p18F14K50.asm
                EEADRbits   0x000fa9       data     extern C:\MCC18\v3_39\src\traditional\proc\p18F14K50.asm
                   EECON1   0x000fa6       data     extern C:\MCC18\v3_39\src\traditional\proc\p18F14K50.asm
               EECON1bits   0x000fa6       data     extern C:\MCC18\v3_39\src\traditional\proc\p18F14K50.asm
                   EECON2   0x000fa7       data     extern C:\MCC18\v3_39\src\traditional\proc\p18F14K50.asm
                   EEDATA   0x000fa8       data     extern C:\MCC18\v3_39\src\traditional\proc\p18F14K50.asm
                     FSR0   0x000fe9       data     extern C:\MCC18\v3_39\src\traditional\proc\p18F14K50.asm
                    FSR0H   0x000fea       data     extern C:\MCC18\v3_39\src\traditional\proc\p18F14K50.asm
                    FSR0L   0x000fe9       data     extern C:\MCC18\v3_39\src\traditional\proc\p18F14K50.asm
                     FSR1   0x000fe1       data     extern C:\MCC18\v3_39\src\traditional\proc\p18F14K50.asm
                    FSR1H   0x000fe2       data     extern C:\MCC18\v3_39\src\traditional\proc\p18F14K50.asm
                    FSR1L   0x000fe1       data     extern C:\MCC18\v3_39\src\traditional\proc\p18F14K50.asm
                     FSR2   0x000fd9       data     extern C:\MCC18\v3_39\src\traditional\proc\p18F14K50.asm
                    FSR2H   0x000fda       data     extern C:\MCC18\v3_39\src\traditional\proc\p18F14K50.asm
                    FSR2L   0x000fd9       data     extern C:\MCC18\v3_39\src\traditional\proc\p18F14K50.asm
                    INDF0   0x000fef       data     extern C:\MCC18\v3_39\src\traditional\proc\p18F14K50.asm
                    INDF1   0x000fe7       data     extern C:\MCC18\v3_39\src\traditional\proc\p18F14K50.asm
                    INDF2   0x000fdf       data     extern C:\MCC18\v3_39\src\traditional\proc\p18F14K50.asm
                   INTCON   0x000ff2       data     extern C:\MCC18\v3_39\src\traditional\proc\p18F14K50.asm
                  INTCON2   0x000ff1       data     extern C:\MCC18\v3_39\src\traditional\proc\p18F14K50.asm
              INTCON2bits   0x000ff1       data     extern C:\MCC18\v3_39\src\traditional\proc\p18F14K50.asm
                  INTCON3   0x000ff0       data     extern C:\MCC18\v3_39\src\traditional\proc\p18F14K50.asm
              INTCON3bits   0x000ff0       data     extern C:\MCC18\v3_39\src\traditional\proc\p18F14K50.asm
               INTCONbits   0x000ff2       data     extern C:\MCC18\v3_39\src\traditional\proc\p18F14K50.asm
                     IOCA   0x000f79       data     extern C:\MCC18\v3_39\src\traditional\proc\p18F14K50.asm
                 IOCAbits   0x000f79       data     extern C:\MCC18\v3_39\src\traditional\proc\p18F14K50.asm
                     IOCB   0x000f7a       data     extern C:\MCC18\v3_39\src\traditional\proc\p18F14K50.asm
                 IOCBbits   0x000f7a       data     extern C:\MCC18\v3_39\src\traditional\proc\p18F14K50.asm
                     IPR1   0x000f9f       data     extern C:\MCC18\v3_39\src\traditional\proc\p18F14K50.asm
                 IPR1bits   0x000f9f       data     extern C:\MCC18\v3_39\src\traditional\proc\p18F14K50.asm
                     IPR2   0x000fa2       data     extern C:\MCC18\v3_39\src\traditional\proc\p18F14K50.asm
                 IPR2bits   0x000fa2       data     extern C:\MCC18\v3_39\src\traditional\proc\p18F14K50.asm
                     LATA   0x000f89       data     extern C:\MCC18\v3_39\src\traditional\proc\p18F14K50.asm
                 LATAbits   0x000f89       data     extern C:\MCC18\v3_39\src\traditional\proc\p18F14K50.asm
                     LATB   0x000f8a       data     extern C:\MCC18\v3_39\src\traditional\proc\p18F14K50.asm
                 LATBbits   0x000f8a       data     extern C:\MCC18\v3_39\src\traditional\proc\p18F14K50.asm
                     LATC   0x000f8b       data     extern C:\MCC18\v3_39\src\traditional\proc\p18F14K50.asm
                 LATCbits   0x000f8b       data     extern C:\MCC18\v3_39\src\traditional\proc\p18F14K50.asm
                   OSCCON   0x000fd3       data     extern C:\MCC18\v3_39\src\traditional\proc\p18F14K50.asm
                  OSCCON2   0x000fd2       data     extern C:\MCC18\v3_39\src\traditional\proc\p18F14K50.asm
              OSCCON2bits   0x000fd2       data     extern C:\MCC18\v3_39\src\traditional\proc\p18F14K50.asm
               OSCCONbits   0x000fd3       data     extern C:\MCC18\v3_39\src\traditional\proc\p18F14K50.asm
                  OSCTUNE   0x000f9b       data     extern C:\MCC18\v3_39\src\traditional\proc\p18F14K50.asm
              OSCTUNEbits   0x000f9b       data     extern C:\MCC18\v3_39\src\traditional\proc\p18F14K50.asm
                       PC   0x000ff9       data     extern C:\MCC18\v3_39\src\traditional\proc\p18F14K50.asm
                      PCL   0x000ff9       data     extern C:\MCC18\v3_39\src\traditional\proc\p18F14K50.asm
                   PCLATH   0x000ffa       data     extern C:\MCC18\v3_39\src\traditional\proc\p18F14K50.asm
                   PCLATU   0x000ffb       data     extern C:\MCC18\v3_39\src\traditional\proc\p18F14K50.asm
                     PIE1   0x000f9d       data     extern C:\MCC18\v3_39\src\traditional\proc\p18F14K50.asm
                 PIE1bits   0x000f9d       data     extern C:\MCC18\v3_39\src\traditional\proc\p18F14K50.asm
                     PIE2   0x000fa0       data     extern C:\MCC18\v3_39\src\traditional\proc\p18F14K50.asm
                 PIE2bits   0x000fa0       data     extern C:\MCC18\v3_39\src\traditional\proc\p18F14K50.asm
                     PIR1   0x000f9e       data     extern C:\MCC18\v3_39\src\traditional\proc\p18F14K50.asm
                 PIR1bits   0x000f9e       data     extern C:\MCC18\v3_39\src\traditional\proc\p18F14K50.asm
                     PIR2   0x000fa1       data     extern C:\MCC18\v3_39\src\traditional\proc\p18F14K50.asm
                 PIR2bits   0x000fa1       data     extern C:\MCC18\v3_39\src\traditional\proc\p18F14K50.asm
                   PLUSW0   0x000feb       data     extern C:\MCC18\v3_39\src\traditional\proc\p18F14K50.asm
                   PLUSW1   0x000fe3       data     extern C:\MCC18\v3_39\src\traditional\proc\p18F14K50.asm
                   PLUSW2   0x000fdb       data     extern C:\MCC18\v3_39\src\traditional\proc\p18F14K50.asm
                    PORTA   0x000f80       data     extern C:\MCC18\v3_39\src\traditional\proc\p18F14K50.asm
                PORTAbits   0x000f80       data     extern C:\MCC18\v3_39\src\traditional\proc\p18F14K50.asm
                    PORTB   0x000f81       data     extern C:\MCC18\v3_39\src\traditional\proc\p18F14K50.asm
                PORTBbits   0x000f81       data     extern C:\MCC18\v3_39\src\traditional\proc\p18F14K50.asm
                    PORTC   0x000f82       data     extern C:\MCC18\v3_39\src\traditional\proc\p18F14K50.asm
                PORTCbits   0x000f82       data     extern C:\MCC18\v3_39\src\traditional\proc\p18F14K50.asm
                 POSTDEC0   0x000fed       data     extern C:\MCC18\v3_39\src\traditional\proc\p18F14K50.asm
                 POSTDEC1   0x000fe5       data     extern C:\MCC18\v3_39\src\traditional\proc\p18F14K50.asm
                 POSTDEC2   0x000fdd       data     extern C:\MCC18\v3_39\src\traditional\proc\p18F14K50.asm
                 POSTINC0   0x000fee       data     extern C:\MCC18\v3_39\src\traditional\proc\p18F14K50.asm
                 POSTINC1   0x000fe6       data     extern C:\MCC18\v3_39\src\traditional\proc\p18F14K50.asm
                 POSTINC2   0x000fde       data     extern C:\MCC18\v3_39\src\traditional\proc\p18F14K50.asm
                      PR2   0x000fcb       data     extern C:\MCC18\v3_39\src\traditional\proc\p18F14K50.asm
                  PREINC0   0x000fec       data     extern C:\MCC18\v3_39\src\traditional\proc\p18F14K50.asm
                  PREINC1   0x000fe4       data     extern C:\MCC18\v3_39\src\traditional\proc\p18F14K50.asm
                  PREINC2   0x000fdc       data     extern C:\MCC18\v3_39\src\traditional\proc\p18F14K50.asm
                     PROD   0x000ff3       data     extern C:\MCC18\v3_39\src\traditional\proc\p18F14K50.asm
                    PRODH   0x000ff4       data     extern C:\MCC18\v3_39\src\traditional\proc\p18F14K50.asm
                    PRODL   0x000ff3       data     extern C:\MCC18\v3_39\src\traditional\proc\p18F14K50.asm
                  PSTRCON   0x000fb9       data     extern C:\MCC18\v3_39\src\traditional\proc\p18F14K50.asm
              PSTRCONbits   0x000fb9       data     extern C:\MCC18\v3_39\src\traditional\proc\p18F14K50.asm
                  PWM1CON   0x000fb7       data     extern C:\MCC18\v3_39\src\traditional\proc\p18F14K50.asm
              PWM1CONbits   0x000fb7       data     extern C:\MCC18\v3_39\src\traditional\proc\p18F14K50.asm
                     RCON   0x000fd0       data     extern C:\MCC18\v3_39\src\traditional\proc\p18F14K50.asm
                 RCONbits   0x000fd0       data     extern C:\MCC18\v3_39\src\traditional\proc\p18F14K50.asm
                    RCREG   0x000fae       data     extern C:\MCC18\v3_39\src\traditional\proc\p18F14K50.asm
                    RCSTA   0x000fab       data     extern C:\MCC18\v3_39\src\traditional\proc\p18F14K50.asm
                RCSTAbits   0x000fab       data     extern C:\MCC18\v3_39\src\traditional\proc\p18F14K50.asm
                  REFCON0   0x000fba       data     extern C:\MCC18\v3_39\src\traditional\proc\p18F14K50.asm
              REFCON0bits   0x000fba       data     extern C:\MCC18\v3_39\src\traditional\proc\p18F14K50.asm
                  REFCON1   0x000fbb       data     extern C:\MCC18\v3_39\src\traditional\proc\p18F14K50.asm
              REFCON1bits   0x000fbb       data     extern C:\MCC18\v3_39\src\traditional\proc\p18F14K50.asm
                  REFCON2   0x000fbc       data     extern C:\MCC18\v3_39\src\traditional\proc\p18F14K50.asm
              REFCON2bits   0x000fbc       data     extern C:\MCC18\v3_39\src\traditional\proc\p18F14K50.asm
       ReceivedDataBuffer   0x000236       data     extern C:\Users\Domingos\Documents\BP-EWH project Google Code\trunk\PIC_code\BP USB code\Firmware\main.c
             RemoteWakeup   0x00007f       data     extern C:\Users\Domingos\Documents\BP-EWH project Google Code\trunk\PIC_code\BP USB code\Firmware\USB\usb_device.c
                     SIGN   0x000009       data     extern C:\MCC18\v3_39\src\traditional\math\cmath18.asm
                   SLRCON   0x000f76       data     extern C:\MCC18\v3_39\src\traditional\proc\p18F14K50.asm
               SLRCONbits   0x000f76       data     extern C:\MCC18\v3_39\src\traditional\proc\p18F14K50.asm
                    SPBRG   0x000faf       data     extern C:\MCC18\v3_39\src\traditional\proc\p18F14K50.asm
                   SPBRGH   0x000fb0       data     extern C:\MCC18\v3_39\src\traditional\proc\p18F14K50.asm
                   SRCON0   0x000f68       data     extern C:\MCC18\v3_39\src\traditional\proc\p18F14K50.asm
               SRCON0bits   0x000f68       data     extern C:\MCC18\v3_39\src\traditional\proc\p18F14K50.asm
                   SRCON1   0x000f69       data     extern C:\MCC18\v3_39\src\traditional\proc\p18F14K50.asm
               SRCON1bits   0x000f69       data     extern C:\MCC18\v3_39\src\traditional\proc\p18F14K50.asm
                   SSPADD   0x000fc8       data     extern C:\MCC18\v3_39\src\traditional\proc\p18F14K50.asm
                   SSPBUF   0x000fc9       data     extern C:\MCC18\v3_39\src\traditional\proc\p18F14K50.asm
                  SSPCON1   0x000fc6       data     extern C:\MCC18\v3_39\src\traditional\proc\p18F14K50.asm
              SSPCON1bits   0x000fc6       data     extern C:\MCC18\v3_39\src\traditional\proc\p18F14K50.asm
                  SSPCON2   0x000fc5       data     extern C:\MCC18\v3_39\src\traditional\proc\p18F14K50.asm
              SSPCON2bits   0x000fc5       data     extern C:\MCC18\v3_39\src\traditional\proc\p18F14K50.asm
                   SSPMSK   0x000f6f       data     extern C:\MCC18\v3_39\src\traditional\proc\p18F14K50.asm
               SSPMSKbits   0x000f6f       data     extern C:\MCC18\v3_39\src\traditional\proc\p18F14K50.asm
                  SSPSTAT   0x000fc7       data     extern C:\MCC18\v3_39\src\traditional\proc\p18F14K50.asm
              SSPSTATbits   0x000fc7       data     extern C:\MCC18\v3_39\src\traditional\proc\p18F14K50.asm
                   STATUS   0x000fd8       data     extern C:\MCC18\v3_39\src\traditional\proc\p18F14K50.asm
               STATUSbits   0x000fd8       data     extern C:\MCC18\v3_39\src\traditional\proc\p18F14K50.asm
                   STKPTR   0x000ffc       data     extern C:\MCC18\v3_39\src\traditional\proc\p18F14K50.asm
               STKPTRbits   0x000ffc       data     extern C:\MCC18\v3_39\src\traditional\proc\p18F14K50.asm
                 SetupPkt   0x000220       data     extern C:\Users\Domingos\Documents\BP-EWH project Google Code\trunk\PIC_code\BP USB code\Firmware\USB\usb_device.c
                    T0CON   0x000fd5       data     extern C:\MCC18\v3_39\src\traditional\proc\p18F14K50.asm
                T0CONbits   0x000fd5       data     extern C:\MCC18\v3_39\src\traditional\proc\p18F14K50.asm
                    T1CON   0x000fcd       data     extern C:\MCC18\v3_39\src\traditional\proc\p18F14K50.asm
                T1CONbits   0x000fcd       data     extern C:\MCC18\v3_39\src\traditional\proc\p18F14K50.asm
                    T2CON   0x000fca       data     extern C:\MCC18\v3_39\src\traditional\proc\p18F14K50.asm
                T2CONbits   0x000fca       data     extern C:\MCC18\v3_39\src\traditional\proc\p18F14K50.asm
                    T3CON   0x000fb1       data     extern C:\MCC18\v3_39\src\traditional\proc\p18F14K50.asm
                T3CONbits   0x000fb1       data     extern C:\MCC18\v3_39\src\traditional\proc\p18F14K50.asm
                   TABLAT   0x000ff5       data     extern C:\MCC18\v3_39\src\traditional\proc\p18F14K50.asm
                   TBLPTR   0x000ff6       data     extern C:\MCC18\v3_39\src\traditional\proc\p18F14K50.asm
                  TBLPTRH   0x000ff7       data     extern C:\MCC18\v3_39\src\traditional\proc\p18F14K50.asm
                  TBLPTRL   0x000ff6       data     extern C:\MCC18\v3_39\src\traditional\proc\p18F14K50.asm
                  TBLPTRU   0x000ff8       data     extern C:\MCC18\v3_39\src\traditional\proc\p18F14K50.asm
                    TMR0H   0x000fd7       data     extern C:\MCC18\v3_39\src\traditional\proc\p18F14K50.asm
                    TMR0L   0x000fd6       data     extern C:\MCC18\v3_39\src\traditional\proc\p18F14K50.asm
                    TMR1H   0x000fcf       data     extern C:\MCC18\v3_39\src\traditional\proc\p18F14K50.asm
                    TMR1L   0x000fce       data     extern C:\MCC18\v3_39\src\traditional\proc\p18F14K50.asm
                     TMR2   0x000fcc       data     extern C:\MCC18\v3_39\src\traditional\proc\p18F14K50.asm
                    TMR3H   0x000fb3       data     extern C:\MCC18\v3_39\src\traditional\proc\p18F14K50.asm
                    TMR3L   0x000fb2       data     extern C:\MCC18\v3_39\src\traditional\proc\p18F14K50.asm
                      TOS   0x000ffd       data     extern C:\MCC18\v3_39\src\traditional\proc\p18F14K50.asm
                     TOSH   0x000ffe       data     extern C:\MCC18\v3_39\src\traditional\proc\p18F14K50.asm
                     TOSL   0x000ffd       data     extern C:\MCC18\v3_39\src\traditional\proc\p18F14K50.asm
                     TOSU   0x000fff       data     extern C:\MCC18\v3_39\src\traditional\proc\p18F14K50.asm
                    TRISA   0x000f92       data     extern C:\MCC18\v3_39\src\traditional\proc\p18F14K50.asm
                TRISAbits   0x000f92       data     extern C:\MCC18\v3_39\src\traditional\proc\p18F14K50.asm
                    TRISB   0x000f93       data     extern C:\MCC18\v3_39\src\traditional\proc\p18F14K50.asm
                TRISBbits   0x000f93       data     extern C:\MCC18\v3_39\src\traditional\proc\p18F14K50.asm
                    TRISC   0x000f94       data     extern C:\MCC18\v3_39\src\traditional\proc\p18F14K50.asm
                TRISCbits   0x000f94       data     extern C:\MCC18\v3_39\src\traditional\proc\p18F14K50.asm
                    TXREG   0x000fad       data     extern C:\MCC18\v3_39\src\traditional\proc\p18F14K50.asm
                    TXSTA   0x000fac       data     extern C:\MCC18\v3_39\src\traditional\proc\p18F14K50.asm
                TXSTAbits   0x000fac       data     extern C:\MCC18\v3_39\src\traditional\proc\p18F14K50.asm
         ToSendDataBuffer   0x000276       data     extern C:\Users\Domingos\Documents\BP-EWH project Google Code\trunk\PIC_code\BP USB code\Firmware\main.c
                    UADDR   0x000f5c       data     extern C:\MCC18\v3_39\src\traditional\proc\p18F14K50.asm
                UADDRbits   0x000f5c       data     extern C:\MCC18\v3_39\src\traditional\proc\p18F14K50.asm
                     UCFG   0x000f61       data     extern C:\MCC18\v3_39\src\traditional\proc\p18F14K50.asm
                 UCFGbits   0x000f61       data     extern C:\MCC18\v3_39\src\traditional\proc\p18F14K50.asm
                     UCON   0x000f64       data     extern C:\MCC18\v3_39\src\traditional\proc\p18F14K50.asm
                 UCONbits   0x000f64       data     extern C:\MCC18\v3_39\src\traditional\proc\p18F14K50.asm
                     UEIE   0x000f5b       data     extern C:\MCC18\v3_39\src\traditional\proc\p18F14K50.asm
                 UEIEbits   0x000f5b       data     extern C:\MCC18\v3_39\src\traditional\proc\p18F14K50.asm
                     UEIR   0x000f5f       data     extern C:\MCC18\v3_39\src\traditional\proc\p18F14K50.asm
                 UEIRbits   0x000f5f       data     extern C:\MCC18\v3_39\src\traditional\proc\p18F14K50.asm
                     UEP0   0x000f53       data     extern C:\MCC18\v3_39\src\traditional\proc\p18F14K50.asm
                 UEP0bits   0x000f53       data     extern C:\MCC18\v3_39\src\traditional\proc\p18F14K50.asm
                     UEP1   0x000f54       data     extern C:\MCC18\v3_39\src\traditional\proc\p18F14K50.asm
                 UEP1bits   0x000f54       data     extern C:\MCC18\v3_39\src\traditional\proc\p18F14K50.asm
                     UEP2   0x000f55       data     extern C:\MCC18\v3_39\src\traditional\proc\p18F14K50.asm
                 UEP2bits   0x000f55       data     extern C:\MCC18\v3_39\src\traditional\proc\p18F14K50.asm
                     UEP3   0x000f56       data     extern C:\MCC18\v3_39\src\traditional\proc\p18F14K50.asm
                 UEP3bits   0x000f56       data     extern C:\MCC18\v3_39\src\traditional\proc\p18F14K50.asm
                     UEP4   0x000f57       data     extern C:\MCC18\v3_39\src\traditional\proc\p18F14K50.asm
                 UEP4bits   0x000f57       data     extern C:\MCC18\v3_39\src\traditional\proc\p18F14K50.asm
                     UEP5   0x000f58       data     extern C:\MCC18\v3_39\src\traditional\proc\p18F14K50.asm
                 UEP5bits   0x000f58       data     extern C:\MCC18\v3_39\src\traditional\proc\p18F14K50.asm
                     UEP6   0x000f59       data     extern C:\MCC18\v3_39\src\traditional\proc\p18F14K50.asm
                 UEP6bits   0x000f59       data     extern C:\MCC18\v3_39\src\traditional\proc\p18F14K50.asm
                     UEP7   0x000f5a       data     extern C:\MCC18\v3_39\src\traditional\proc\p18F14K50.asm
                 UEP7bits   0x000f5a       data     extern C:\MCC18\v3_39\src\traditional\proc\p18F14K50.asm
                    UFRMH   0x000f5e       data     extern C:\MCC18\v3_39\src\traditional\proc\p18F14K50.asm
                UFRMHbits   0x000f5e       data     extern C:\MCC18\v3_39\src\traditional\proc\p18F14K50.asm
                    UFRML   0x000f5d       data     extern C:\MCC18\v3_39\src\traditional\proc\p18F14K50.asm
                UFRMLbits   0x000f5d       data     extern C:\MCC18\v3_39\src\traditional\proc\p18F14K50.asm
                      UIE   0x000f60       data     extern C:\MCC18\v3_39\src\traditional\proc\p18F14K50.asm
                  UIEbits   0x000f60       data     extern C:\MCC18\v3_39\src\traditional\proc\p18F14K50.asm
                      UIR   0x000f62       data     extern C:\MCC18\v3_39\src\traditional\proc\p18F14K50.asm
                  UIRbits   0x000f62       data     extern C:\MCC18\v3_39\src\traditional\proc\p18F14K50.asm
   USBActiveConfiguration   0x000061       data     extern C:\Users\Domingos\Documents\BP-EWH project Google Code\trunk\PIC_code\BP USB code\Firmware\USB\usb_device.c
    USBAlternateInterface   0x000062       data     extern C:\Users\Domingos\Documents\BP-EWH project Google Code\trunk\PIC_code\BP USB code\Firmware\USB\usb_device.c
        USBBusIsSuspended   0x000080       data     extern C:\Users\Domingos\Documents\BP-EWH project Google Code\trunk\PIC_code\BP USB code\Firmware\USB\usb_device.c
USBDeferINDataStagePackets   0x00008c       data     extern C:\Users\Domingos\Documents\BP-EWH project Google Code\trunk\PIC_code\BP USB code\Firmware\USB\usb_device.c
USBDeferOUTDataStagePackets   0x00008d       data     extern C:\Users\Domingos\Documents\BP-EWH project Google Code\trunk\PIC_code\BP USB code\Firmware\USB\usb_device.c
USBDeferStatusStagePacket   0x000089       data     extern C:\Users\Domingos\Documents\BP-EWH project Google Code\trunk\PIC_code\BP USB code\Firmware\USB\usb_device.c
           USBDeviceState   0x000060       data     extern C:\Users\Domingos\Documents\BP-EWH project Google Code\trunk\PIC_code\BP USB code\Firmware\USB\usb_device.c
              USBInHandle   0x00009a       data     extern C:\Users\Domingos\Documents\BP-EWH project Google Code\trunk\PIC_code\BP USB code\Firmware\main.c
             USBOutHandle   0x000098       data     extern C:\Users\Domingos\Documents\BP-EWH project Google Code\trunk\PIC_code\BP USB code\Firmware\main.c
USBStatusStageEnabledFlag1   0x00008a       data     extern C:\Users\Domingos\Documents\BP-EWH project Google Code\trunk\PIC_code\BP USB code\Firmware\USB\usb_device.c
USBStatusStageEnabledFlag2   0x00008b       data     extern C:\Users\Domingos\Documents\BP-EWH project Google Code\trunk\PIC_code\BP USB code\Firmware\USB\usb_device.c
USBStatusStageTimeoutCounter   0x000088       data     extern C:\Users\Domingos\Documents\BP-EWH project Google Code\trunk\PIC_code\BP USB code\Firmware\USB\usb_device.c
                    USTAT   0x000f63       data     extern C:\MCC18\v3_39\src\traditional\proc\p18F14K50.asm
                USTATbits   0x000f63       data     extern C:\MCC18\v3_39\src\traditional\proc\p18F14K50.asm
                USTATcopy   0x000081       data     extern C:\Users\Domingos\Documents\BP-EWH project Google Code\trunk\PIC_code\BP USB code\Firmware\USB\usb_device.c
                 VREFCON0   0x000fba       data     extern C:\MCC18\v3_39\src\traditional\proc\p18F14K50.asm
             VREFCON0bits   0x000fba       data     extern C:\MCC18\v3_39\src\traditional\proc\p18F14K50.asm
                 VREFCON1   0x000fbb       data     extern C:\MCC18\v3_39\src\traditional\proc\p18F14K50.asm
             VREFCON1bits   0x000fbb       data     extern C:\MCC18\v3_39\src\traditional\proc\p18F14K50.asm
                 VREFCON2   0x000fbc       data     extern C:\MCC18\v3_39\src\traditional\proc\p18F14K50.asm
             VREFCON2bits   0x000fbc       data     extern C:\MCC18\v3_39\src\traditional\proc\p18F14K50.asm
                        W   0x000fe8       data     extern C:\MCC18\v3_39\src\traditional\proc\p18F14K50.asm
                   WDTCON   0x000fd1       data     extern C:\MCC18\v3_39\src\traditional\proc\p18F14K50.asm
               WDTCONbits   0x000fd1       data     extern C:\MCC18\v3_39\src\traditional\proc\p18F14K50.asm
                     WPUA   0x000f77       data     extern C:\MCC18\v3_39\src\traditional\proc\p18F14K50.asm
                 WPUAbits   0x000f77       data     extern C:\MCC18\v3_39\src\traditional\proc\p18F14K50.asm
                     WPUB   0x000f78       data     extern C:\MCC18\v3_39\src\traditional\proc\p18F14K50.asm
                 WPUBbits   0x000f78       data     extern C:\MCC18\v3_39\src\traditional\proc\p18F14K50.asm
                     WREG   0x000fe8       data     extern C:\MCC18\v3_39\src\traditional\proc\p18F14K50.asm
                 __AARGB0   0x000007       data     extern C:\MCC18\v3_39\src\traditional\math\aarg.asm
                 __AARGB1   0x000006       data     extern C:\MCC18\v3_39\src\traditional\math\aarg.asm
                 __AARGB2   0x000005       data     extern C:\MCC18\v3_39\src\traditional\math\aarg.asm
                 __AARGB3   0x000004       data     extern C:\MCC18\v3_39\src\traditional\math\aarg.asm
                 __AARGB4   0x000003       data     extern C:\MCC18\v3_39\src\traditional\math\aarg.asm
                 __AARGB5   0x000002       data     extern C:\MCC18\v3_39\src\traditional\math\aarg.asm
                 __AARGB6   0x000001       data     extern C:\MCC18\v3_39\src\traditional\math\aarg.asm
                 __AARGB7   0x000000       data     extern C:\MCC18\v3_39\src\traditional\math\aarg.asm
                   __AEXP   0x000008       data     extern C:\MCC18\v3_39\src\traditional\math\aarg.asm
                __FPFLAGS   0x00000a       data     extern C:\MCC18\v3_39\src\traditional\math\cmath18.asm
            __FPFLAGSbits   0x00000a       data     extern C:\MCC18\v3_39\src\traditional\math\cmath18.asm
                  __REMB0   0x000003       data     extern C:\MCC18\v3_39\src\traditional\math\aarg.asm
                  __REMB1   0x000002       data     extern C:\MCC18\v3_39\src\traditional\math\aarg.asm
                  __REMB2   0x000001       data     extern C:\MCC18\v3_39\src\traditional\math\aarg.asm
                  __REMB3   0x000000       data     extern C:\MCC18\v3_39\src\traditional\math\aarg.asm
                  __tmp_0   0x00000b       data     static C:\Users\Domingos\Documents\BP-EWH project Google Code\trunk\PIC_code\BP USB code\Firmware\USB\usb_device.c
                  __tmp_0   0x00000b       data     static C:\Users\Domingos\Documents\BP-EWH project Google Code\trunk\PIC_code\BP USB code\Firmware\main.c
                  __tmp_1   0x00000e       data     static C:\Users\Domingos\Documents\BP-EWH project Google Code\trunk\PIC_code\BP USB code\Firmware\main.c
          active_protocol   0x00009f       data     extern C:\Users\Domingos\Documents\BP-EWH project Google Code\trunk\PIC_code\BP USB code\Firmware\USB\usb_function_hid.c
     controlTransferState   0x000070       data     extern C:\Users\Domingos\Documents\BP-EWH project Google Code\trunk\PIC_code\BP USB code\Firmware\USB\usb_device.c
                curr_byte   0x000091       data     static C:\MCC18\v3_39\src\traditional\startup\c018i.c
               curr_entry   0x000093       data     static C:\MCC18\v3_39\src\traditional\startup\c018i.c
                 data_ptr   0x000095       data     static C:\MCC18\v3_39\src\traditional\startup\c018i.c
              delay_count   0x0000a0       data     static C:\Users\Domingos\Documents\BP-EWH project Google Code\trunk\PIC_code\BP USB code\Firmware\main.c
          endpoint_number   0x000082       data     extern C:\Users\Domingos\Documents\BP-EWH project Google Code\trunk\PIC_code\BP USB code\Firmware\USB\usb_device.c
               ep_data_in   0x000084       data     extern C:\Users\Domingos\Documents\BP-EWH project Google Code\trunk\PIC_code\BP USB code\Firmware\USB\usb_device.c
              ep_data_out   0x000086       data     extern C:\Users\Domingos\Documents\BP-EWH project Google Code\trunk\PIC_code\BP USB code\Firmware\USB\usb_device.c
            hid_report_in   0x000233       data     extern C:\Users\Domingos\Documents\BP-EWH project Google Code\trunk\PIC_code\BP USB code\Firmware\USB\usb_device.c
           hid_report_out   0x000230       data     extern C:\Users\Domingos\Documents\BP-EWH project Google Code\trunk\PIC_code\BP USB code\Firmware\USB\usb_device.c
                idle_rate   0x00009e       data     extern C:\Users\Domingos\Documents\BP-EWH project Google Code\trunk\PIC_code\BP USB code\Firmware\USB\usb_function_hid.c
                  inPipes   0x000071       data     extern C:\Users\Domingos\Documents\BP-EWH project Google Code\trunk\PIC_code\BP USB code\Firmware\USB\usb_device.c
                led_count   0x00009c       data     static C:\Users\Domingos\Documents\BP-EWH project Google Code\trunk\PIC_code\BP USB code\Firmware\main.c
                 outPipes   0x000076       data     extern C:\Users\Domingos\Documents\BP-EWH project Google Code\trunk\PIC_code\BP USB code\Firmware\USB\usb_device.c
   pBDTEntryEP0OutCurrent   0x000063       data     extern C:\Users\Domingos\Documents\BP-EWH project Google Code\trunk\PIC_code\BP USB code\Firmware\USB\usb_device.c
      pBDTEntryEP0OutNext   0x000065       data     extern C:\Users\Domingos\Documents\BP-EWH project Google Code\trunk\PIC_code\BP USB code\Firmware\USB\usb_device.c
              pBDTEntryIn   0x00006b       data     extern C:\Users\Domingos\Documents\BP-EWH project Google Code\trunk\PIC_code\BP USB code\Firmware\USB\usb_device.c
             pBDTEntryOut   0x000067       data     extern C:\Users\Domingos\Documents\BP-EWH project Google Code\trunk\PIC_code\BP USB code\Firmware\USB\usb_device.c
                     pDst   0x00007d       data     extern C:\Users\Domingos\Documents\BP-EWH project Google Code\trunk\PIC_code\BP USB code\Firmware\USB\usb_device.c
                     prom   0x00008e       data     static C:\MCC18\v3_39\src\traditional\startup\c018i.c
        shortPacketStatus   0x00006f       data     extern C:\Users\Domingos\Documents\BP-EWH project Google Code\trunk\PIC_code\BP USB code\Firmware\USB\usb_device.c



                              Symbols - Sorted by Address
                     Name    Address   Location    Storage File                     
                ---------  ---------  ---------  --------- ---------                
                   _entry   0x000000    program     extern C:\MCC18\v3_39\src\traditional\startup\c018i.c
       ___return_lbl00000   0x000004    program     static                          
                 High_ISR   0x000008    program     extern C:\Users\Domingos\Documents\BP-EWH project Google Code\trunk\PIC_code\BP USB code\Firmware\main.c
       ___return_lbl00003   0x00000c    program     static                          
                  Low_ISR   0x000018    program     extern C:\Users\Domingos\Documents\BP-EWH project Google Code\trunk\PIC_code\BP USB code\Firmware\main.c
       ___return_lbl00004   0x00001c    program     static                          
                   _reset   0x001000    program     extern C:\Users\Domingos\Documents\BP-EWH project Google Code\trunk\PIC_code\BP USB code\Firmware\main.c
       ___return_lbl00000   0x001004    program     static                          
                   __init   0x001006    program     extern C:\MCC18\v3_39\src\traditional\stdclib\__init.c
        Remapped_High_ISR   0x001008    program     extern C:\Users\Domingos\Documents\BP-EWH project Google Code\trunk\PIC_code\BP USB code\Firmware\main.c
       ___return_lbl00001   0x00100c    program     static                          
         Remapped_Low_ISR   0x001018    program     extern C:\Users\Domingos\Documents\BP-EWH project Google Code\trunk\PIC_code\BP USB code\Firmware\main.c
       ___return_lbl00002   0x00101c    program     static                          
            USBDeviceInit   0x00102c    program     extern C:\Users\Domingos\Documents\BP-EWH project Google Code\trunk\PIC_code\BP USB code\Firmware\USB\usb_device.c
           USBDeviceTasks   0x00114c    program     extern C:\Users\Domingos\Documents\BP-EWH project Google Code\trunk\PIC_code\BP USB code\Firmware\USB\usb_device.c
        USBEnableEndpoint   0x0012b4    program     extern C:\Users\Domingos\Documents\BP-EWH project Google Code\trunk\PIC_code\BP USB code\Firmware\USB\usb_device.c
     USBTransferOnePacket   0x001322    program     extern C:\Users\Domingos\Documents\BP-EWH project Google Code\trunk\PIC_code\BP USB code\Firmware\USB\usb_device.c
         USBStallEndpoint   0x001414    program     extern C:\Users\Domingos\Documents\BP-EWH project Google Code\trunk\PIC_code\BP USB code\Firmware\USB\usb_device.c
              USBCancelIO   0x0014f0    program     extern C:\Users\Domingos\Documents\BP-EWH project Google Code\trunk\PIC_code\BP USB code\Firmware\USB\usb_device.c
          USBDeviceDetach   0x0015a0    program     extern C:\Users\Domingos\Documents\BP-EWH project Google Code\trunk\PIC_code\BP USB code\Firmware\USB\usb_device.c
          USBDeviceAttach   0x0015aa    program     extern C:\Users\Domingos\Documents\BP-EWH project Google Code\trunk\PIC_code\BP USB code\Firmware\USB\usb_device.c
USBCtrlEPAllowStatusStage   0x0015da    program     extern C:\Users\Domingos\Documents\BP-EWH project Google Code\trunk\PIC_code\BP USB code\Firmware\USB\usb_device.c
  USBCtrlEPAllowDataStage   0x00167c    program     extern C:\Users\Domingos\Documents\BP-EWH project Google Code\trunk\PIC_code\BP USB code\Firmware\USB\usb_device.c
     USBConfigureEndpoint   0x0016f8    program     static C:\Users\Domingos\Documents\BP-EWH project Google Code\trunk\PIC_code\BP USB code\Firmware\USB\usb_device.c
 USBCtrlEPServiceComplete   0x0017a4    program     static C:\Users\Domingos\Documents\BP-EWH project Google Code\trunk\PIC_code\BP USB code\Firmware\USB\usb_device.c
      USBCtrlTrfTxService   0x001866    program     static C:\Users\Domingos\Documents\BP-EWH project Google Code\trunk\PIC_code\BP USB code\Firmware\USB\usb_device.c
      USBCtrlTrfRxService   0x001924    program     static C:\Users\Domingos\Documents\BP-EWH project Google Code\trunk\PIC_code\BP USB code\Firmware\USB\usb_device.c
      USBStdSetCfgHandler   0x001a62    program     static C:\Users\Domingos\Documents\BP-EWH project Google Code\trunk\PIC_code\BP USB code\Firmware\USB\usb_device.c
      USBStdGetDscHandler   0x001b5a    program     static C:\Users\Domingos\Documents\BP-EWH project Google Code\trunk\PIC_code\BP USB code\Firmware\USB\usb_device.c
   USBStdGetStatusHandler   0x001c14    program     static C:\Users\Domingos\Documents\BP-EWH project Google Code\trunk\PIC_code\BP USB code\Firmware\USB\usb_device.c
          USBStallHandler   0x001cd6    program     static C:\Users\Domingos\Documents\BP-EWH project Google Code\trunk\PIC_code\BP USB code\Firmware\USB\usb_device.c
               USBSuspend   0x001d0a    program     static C:\Users\Domingos\Documents\BP-EWH project Google Code\trunk\PIC_code\BP USB code\Firmware\USB\usb_device.c
       USBWakeFromSuspend   0x001d34    program     static C:\Users\Domingos\Documents\BP-EWH project Google Code\trunk\PIC_code\BP USB code\Firmware\USB\usb_device.c
         USBCtrlEPService   0x001d62    program     static C:\Users\Domingos\Documents\BP-EWH project Google Code\trunk\PIC_code\BP USB code\Firmware\USB\usb_device.c
   USBCtrlTrfSetupHandler   0x001e32    program     static C:\Users\Domingos\Documents\BP-EWH project Google Code\trunk\PIC_code\BP USB code\Firmware\USB\usb_device.c
     USBCtrlTrfOutHandler   0x001e90    program     static C:\Users\Domingos\Documents\BP-EWH project Google Code\trunk\PIC_code\BP USB code\Firmware\USB\usb_device.c
      USBCtrlTrfInHandler   0x001eda    program     static C:\Users\Domingos\Documents\BP-EWH project Google Code\trunk\PIC_code\BP USB code\Firmware\USB\usb_device.c
       USBCheckStdRequest   0x001f8e    program     static C:\Users\Domingos\Documents\BP-EWH project Google Code\trunk\PIC_code\BP USB code\Firmware\USB\usb_device.c
  USBStdFeatureReqHandler   0x00204c    program     static C:\Users\Domingos\Documents\BP-EWH project Google Code\trunk\PIC_code\BP USB code\Firmware\USB\usb_device.c
  YourHighPriorityISRCode   0x0022bc    program     extern C:\Users\Domingos\Documents\BP-EWH project Google Code\trunk\PIC_code\BP USB code\Firmware\main.c
   YourLowPriorityISRCode   0x0023b6    program     extern C:\Users\Domingos\Documents\BP-EWH project Google Code\trunk\PIC_code\BP USB code\Firmware\main.c
                     main   0x0023d8    program     extern C:\Users\Domingos\Documents\BP-EWH project Google Code\trunk\PIC_code\BP USB code\Firmware\main.c
         InitializeSystem   0x0023e2    program     static C:\Users\Domingos\Documents\BP-EWH project Google Code\trunk\PIC_code\BP USB code\Firmware\main.c
                 UserInit   0x00240c    program     extern C:\Users\Domingos\Documents\BP-EWH project Google Code\trunk\PIC_code\BP USB code\Firmware\main.c
                ProcessIO   0x002418    program     extern C:\Users\Domingos\Documents\BP-EWH project Google Code\trunk\PIC_code\BP USB code\Firmware\main.c
                  ReadPOT   0x002432    program     extern C:\Users\Domingos\Documents\BP-EWH project Google Code\trunk\PIC_code\BP USB code\Firmware\main.c
           BlinkUSBStatus   0x002460    program     extern C:\Users\Domingos\Documents\BP-EWH project Google Code\trunk\PIC_code\BP USB code\Firmware\main.c
             USBCBSuspend   0x0024de    program     extern C:\Users\Domingos\Documents\BP-EWH project Google Code\trunk\PIC_code\BP USB code\Firmware\main.c
     USBCBWakeFromSuspend   0x0024e0    program     extern C:\Users\Domingos\Documents\BP-EWH project Google Code\trunk\PIC_code\BP USB code\Firmware\main.c
        USBCB_SOF_Handler   0x0024e2    program     extern C:\Users\Domingos\Documents\BP-EWH project Google Code\trunk\PIC_code\BP USB code\Firmware\main.c
        USBCBErrorHandler   0x0024e4    program     extern C:\Users\Domingos\Documents\BP-EWH project Google Code\trunk\PIC_code\BP USB code\Firmware\main.c
       USBCBCheckOtherReq   0x0024e6    program     extern C:\Users\Domingos\Documents\BP-EWH project Google Code\trunk\PIC_code\BP USB code\Firmware\main.c
    USBCBStdSetDscHandler   0x0024ea    program     extern C:\Users\Domingos\Documents\BP-EWH project Google Code\trunk\PIC_code\BP USB code\Firmware\main.c
              USBCBInitEP   0x0024ec    program     extern C:\Users\Domingos\Documents\BP-EWH project Google Code\trunk\PIC_code\BP USB code\Firmware\main.c
          USBCBSendResume   0x002524    program     extern C:\Users\Domingos\Documents\BP-EWH project Google Code\trunk\PIC_code\BP USB code\Firmware\main.c
USER_USB_CALLBACK_EVENT_HANDLER   0x00256c    program     extern C:\Users\Domingos\Documents\BP-EWH project Google Code\trunk\PIC_code\BP USB code\Firmware\main.c
       USBCheckHIDRequest   0x002600    program     extern C:\Users\Domingos\Documents\BP-EWH project Google Code\trunk\PIC_code\BP USB code\Firmware\USB\usb_function_hid.c
               device_dsc   0x0026c8    program     extern C:\Users\Domingos\Documents\BP-EWH project Google Code\trunk\PIC_code\BP USB code\Firmware\usb_descriptors.c
        configDescriptor1   0x0026da    program     extern C:\Users\Domingos\Documents\BP-EWH project Google Code\trunk\PIC_code\BP USB code\Firmware\usb_descriptors.c
                    sd000   0x002703    program     extern C:\Users\Domingos\Documents\BP-EWH project Google Code\trunk\PIC_code\BP USB code\Firmware\usb_descriptors.c
                    sd001   0x002707    program     extern C:\Users\Domingos\Documents\BP-EWH project Google Code\trunk\PIC_code\BP USB code\Firmware\usb_descriptors.c
                    sd002   0x00273b    program     extern C:\Users\Domingos\Documents\BP-EWH project Google Code\trunk\PIC_code\BP USB code\Firmware\usb_descriptors.c
                hid_rpt01   0x002769    program     extern C:\Users\Domingos\Documents\BP-EWH project Google Code\trunk\PIC_code\BP USB code\Firmware\usb_descriptors.c
               USB_CD_Ptr   0x002785    program     extern C:\Users\Domingos\Documents\BP-EWH project Google Code\trunk\PIC_code\BP USB code\Firmware\usb_descriptors.c
               USB_SD_Ptr   0x002787    program     extern C:\Users\Domingos\Documents\BP-EWH project Google Code\trunk\PIC_code\BP USB code\Firmware\usb_descriptors.c
                _do_cinit   0x00278e    program     extern C:\MCC18\v3_39\src\traditional\startup\c018i.c
                     test   0x0027a8    program     static                          
                copy_loop   0x002800    program     static                          
            copy_one_byte   0x002806    program     static                          
             done_copying   0x002814    program     static                          
                     done   0x00282a    program     static                          
       ___return_lbl00002   0x00282a    program     static                          
                   memset   0x00282c    program     extern C:\MCC18\v3_39\src\traditional\stdclib\memset.asm
                    jLoop   0x002840    program     static C:\MCC18\v3_39\src\traditional\stdclib\memset.asm
              _2jContinue   0x00284c    program     static C:\MCC18\v3_39\src\traditional\stdclib\memset.asm
                   _3jEnd   0x002856    program     static C:\MCC18\v3_39\src\traditional\stdclib\memset.asm
                     jEnd   0x00285e    program     static C:\MCC18\v3_39\src\traditional\stdclib\memset.asm
            __zero_memory   0x002860    program     extern C:\MCC18\v3_39\src\traditional\proc\p18F14K50.asm
                   loop_h   0x00286e    program     static C:\MCC18\v3_39\src\traditional\proc\p18F14K50.asm
               zero_block   0x00286e    program     static C:\MCC18\v3_39\src\traditional\proc\p18F14K50.asm
                compare_l   0x002876    program     static C:\MCC18\v3_39\src\traditional\proc\p18F14K50.asm
                   loop_l   0x002878    program     static C:\MCC18\v3_39\src\traditional\proc\p18F14K50.asm
                 _startup   0x002880    program     extern C:\MCC18\v3_39\src\traditional\startup\c018i.c
                     loop   0x002890    program     static                          
       ___return_lbl00001   0x00289a    program     static                          
               __config_0   0x300000    program     static C:\Users\Domingos\Documents\BP-EWH project Google Code\trunk\PIC_code\BP USB code\Firmware\main.c
               __config_1   0x300001    program     static C:\Users\Domingos\Documents\BP-EWH project Google Code\trunk\PIC_code\BP USB code\Firmware\main.c
               __config_2   0x300002    program     static C:\Users\Domingos\Documents\BP-EWH project Google Code\trunk\PIC_code\BP USB code\Firmware\main.c
               __config_3   0x300003    program     static C:\Users\Domingos\Documents\BP-EWH project Google Code\trunk\PIC_code\BP USB code\Firmware\main.c
               __config_4   0x300005    program     static C:\Users\Domingos\Documents\BP-EWH project Google Code\trunk\PIC_code\BP USB code\Firmware\main.c
               __config_5   0x300006    program     static C:\Users\Domingos\Documents\BP-EWH project Google Code\trunk\PIC_code\BP USB code\Firmware\main.c
               __config_6   0x300008    program     static C:\Users\Domingos\Documents\BP-EWH project Google Code\trunk\PIC_code\BP USB code\Firmware\main.c
               __config_7   0x300009    program     static C:\Users\Domingos\Documents\BP-EWH project Google Code\trunk\PIC_code\BP USB code\Firmware\main.c
               __config_8   0x30000a    program     static C:\Users\Domingos\Documents\BP-EWH project Google Code\trunk\PIC_code\BP USB code\Firmware\main.c
               __config_9   0x30000b    program     static C:\Users\Domingos\Documents\BP-EWH project Google Code\trunk\PIC_code\BP USB code\Firmware\main.c
              __config_10   0x30000c    program     static C:\Users\Domingos\Documents\BP-EWH project Google Code\trunk\PIC_code\BP USB code\Firmware\main.c
              __config_11   0x30000d    program     static C:\Users\Domingos\Documents\BP-EWH project Google Code\trunk\PIC_code\BP USB code\Firmware\main.c
                 __AARGB7   0x000000       data     extern C:\MCC18\v3_39\src\traditional\math\aarg.asm
                  __REMB3   0x000000       data     extern C:\MCC18\v3_39\src\traditional\math\aarg.asm
                  __REMB2   0x000001       data     extern C:\MCC18\v3_39\src\traditional\math\aarg.asm
                 __AARGB6   0x000001       data     extern C:\MCC18\v3_39\src\traditional\math\aarg.asm
                  __REMB1   0x000002       data     extern C:\MCC18\v3_39\src\traditional\math\aarg.asm
                 __AARGB5   0x000002       data     extern C:\MCC18\v3_39\src\traditional\math\aarg.asm
                  __REMB0   0x000003       data     extern C:\MCC18\v3_39\src\traditional\math\aarg.asm
                 __AARGB4   0x000003       data     extern C:\MCC18\v3_39\src\traditional\math\aarg.asm
                 __AARGB3   0x000004       data     extern C:\MCC18\v3_39\src\traditional\math\aarg.asm
                 __AARGB2   0x000005       data     extern C:\MCC18\v3_39\src\traditional\math\aarg.asm
                 __AARGB1   0x000006       data     extern C:\MCC18\v3_39\src\traditional\math\aarg.asm
                 __AARGB0   0x000007       data     extern C:\MCC18\v3_39\src\traditional\math\aarg.asm
                   __AEXP   0x000008       data     extern C:\MCC18\v3_39\src\traditional\math\aarg.asm
                     SIGN   0x000009       data     extern C:\MCC18\v3_39\src\traditional\math\cmath18.asm
                __FPFLAGS   0x00000a       data     extern C:\MCC18\v3_39\src\traditional\math\cmath18.asm
            __FPFLAGSbits   0x00000a       data     extern C:\MCC18\v3_39\src\traditional\math\cmath18.asm
                  __tmp_0   0x00000b       data     static C:\Users\Domingos\Documents\BP-EWH project Google Code\trunk\PIC_code\BP USB code\Firmware\USB\usb_device.c
                  __tmp_0   0x00000b       data     static C:\Users\Domingos\Documents\BP-EWH project Google Code\trunk\PIC_code\BP USB code\Firmware\main.c
                  __tmp_1   0x00000e       data     static C:\Users\Domingos\Documents\BP-EWH project Google Code\trunk\PIC_code\BP USB code\Firmware\main.c
           USBDeviceState   0x000060       data     extern C:\Users\Domingos\Documents\BP-EWH project Google Code\trunk\PIC_code\BP USB code\Firmware\USB\usb_device.c
   USBActiveConfiguration   0x000061       data     extern C:\Users\Domingos\Documents\BP-EWH project Google Code\trunk\PIC_code\BP USB code\Firmware\USB\usb_device.c
    USBAlternateInterface   0x000062       data     extern C:\Users\Domingos\Documents\BP-EWH project Google Code\trunk\PIC_code\BP USB code\Firmware\USB\usb_device.c
   pBDTEntryEP0OutCurrent   0x000063       data     extern C:\Users\Domingos\Documents\BP-EWH project Google Code\trunk\PIC_code\BP USB code\Firmware\USB\usb_device.c
      pBDTEntryEP0OutNext   0x000065       data     extern C:\Users\Domingos\Documents\BP-EWH project Google Code\trunk\PIC_code\BP USB code\Firmware\USB\usb_device.c
             pBDTEntryOut   0x000067       data     extern C:\Users\Domingos\Documents\BP-EWH project Google Code\trunk\PIC_code\BP USB code\Firmware\USB\usb_device.c
              pBDTEntryIn   0x00006b       data     extern C:\Users\Domingos\Documents\BP-EWH project Google Code\trunk\PIC_code\BP USB code\Firmware\USB\usb_device.c
        shortPacketStatus   0x00006f       data     extern C:\Users\Domingos\Documents\BP-EWH project Google Code\trunk\PIC_code\BP USB code\Firmware\USB\usb_device.c
     controlTransferState   0x000070       data     extern C:\Users\Domingos\Documents\BP-EWH project Google Code\trunk\PIC_code\BP USB code\Firmware\USB\usb_device.c
                  inPipes   0x000071       data     extern C:\Users\Domingos\Documents\BP-EWH project Google Code\trunk\PIC_code\BP USB code\Firmware\USB\usb_device.c
                 outPipes   0x000076       data     extern C:\Users\Domingos\Documents\BP-EWH project Google Code\trunk\PIC_code\BP USB code\Firmware\USB\usb_device.c
                     pDst   0x00007d       data     extern C:\Users\Domingos\Documents\BP-EWH project Google Code\trunk\PIC_code\BP USB code\Firmware\USB\usb_device.c
             RemoteWakeup   0x00007f       data     extern C:\Users\Domingos\Documents\BP-EWH project Google Code\trunk\PIC_code\BP USB code\Firmware\USB\usb_device.c
        USBBusIsSuspended   0x000080       data     extern C:\Users\Domingos\Documents\BP-EWH project Google Code\trunk\PIC_code\BP USB code\Firmware\USB\usb_device.c
                USTATcopy   0x000081       data     extern C:\Users\Domingos\Documents\BP-EWH project Google Code\trunk\PIC_code\BP USB code\Firmware\USB\usb_device.c
          endpoint_number   0x000082       data     extern C:\Users\Domingos\Documents\BP-EWH project Google Code\trunk\PIC_code\BP USB code\Firmware\USB\usb_device.c
       BothEP0OutUOWNsSet   0x000083       data     extern C:\Users\Domingos\Documents\BP-EWH project Google Code\trunk\PIC_code\BP USB code\Firmware\USB\usb_device.c
               ep_data_in   0x000084       data     extern C:\Users\Domingos\Documents\BP-EWH project Google Code\trunk\PIC_code\BP USB code\Firmware\USB\usb_device.c
              ep_data_out   0x000086       data     extern C:\Users\Domingos\Documents\BP-EWH project Google Code\trunk\PIC_code\BP USB code\Firmware\USB\usb_device.c
USBStatusStageTimeoutCounter   0x000088       data     extern C:\Users\Domingos\Documents\BP-EWH project Google Code\trunk\PIC_code\BP USB code\Firmware\USB\usb_device.c
USBDeferStatusStagePacket   0x000089       data     extern C:\Users\Domingos\Documents\BP-EWH project Google Code\trunk\PIC_code\BP USB code\Firmware\USB\usb_device.c
USBStatusStageEnabledFlag1   0x00008a       data     extern C:\Users\Domingos\Documents\BP-EWH project Google Code\trunk\PIC_code\BP USB code\Firmware\USB\usb_device.c
USBStatusStageEnabledFlag2   0x00008b       data     extern C:\Users\Domingos\Documents\BP-EWH project Google Code\trunk\PIC_code\BP USB code\Firmware\USB\usb_device.c
USBDeferINDataStagePackets   0x00008c       data     extern C:\Users\Domingos\Documents\BP-EWH project Google Code\trunk\PIC_code\BP USB code\Firmware\USB\usb_device.c
USBDeferOUTDataStagePackets   0x00008d       data     extern C:\Users\Domingos\Documents\BP-EWH project Google Code\trunk\PIC_code\BP USB code\Firmware\USB\usb_device.c
                     prom   0x00008e       data     static C:\MCC18\v3_39\src\traditional\startup\c018i.c
                curr_byte   0x000091       data     static C:\MCC18\v3_39\src\traditional\startup\c018i.c
               curr_entry   0x000093       data     static C:\MCC18\v3_39\src\traditional\startup\c018i.c
                 data_ptr   0x000095       data     static C:\MCC18\v3_39\src\traditional\startup\c018i.c
             USBOutHandle   0x000098       data     extern C:\Users\Domingos\Documents\BP-EWH project Google Code\trunk\PIC_code\BP USB code\Firmware\main.c
              USBInHandle   0x00009a       data     extern C:\Users\Domingos\Documents\BP-EWH project Google Code\trunk\PIC_code\BP USB code\Firmware\main.c
                led_count   0x00009c       data     static C:\Users\Domingos\Documents\BP-EWH project Google Code\trunk\PIC_code\BP USB code\Firmware\main.c
                idle_rate   0x00009e       data     extern C:\Users\Domingos\Documents\BP-EWH project Google Code\trunk\PIC_code\BP USB code\Firmware\USB\usb_function_hid.c
          active_protocol   0x00009f       data     extern C:\Users\Domingos\Documents\BP-EWH project Google Code\trunk\PIC_code\BP USB code\Firmware\USB\usb_function_hid.c
              delay_count   0x0000a0       data     static C:\Users\Domingos\Documents\BP-EWH project Google Code\trunk\PIC_code\BP USB code\Firmware\main.c
                      BDT   0x000200       data     extern C:\Users\Domingos\Documents\BP-EWH project Google Code\trunk\PIC_code\BP USB code\Firmware\USB\usb_device.c
                 SetupPkt   0x000220       data     extern C:\Users\Domingos\Documents\BP-EWH project Google Code\trunk\PIC_code\BP USB code\Firmware\USB\usb_device.c
              CtrlTrfData   0x000228       data     extern C:\Users\Domingos\Documents\BP-EWH project Google Code\trunk\PIC_code\BP USB code\Firmware\USB\usb_device.c
           hid_report_out   0x000230       data     extern C:\Users\Domingos\Documents\BP-EWH project Google Code\trunk\PIC_code\BP USB code\Firmware\USB\usb_device.c
            hid_report_in   0x000233       data     extern C:\Users\Domingos\Documents\BP-EWH project Google Code\trunk\PIC_code\BP USB code\Firmware\USB\usb_device.c
       ReceivedDataBuffer   0x000236       data     extern C:\Users\Domingos\Documents\BP-EWH project Google Code\trunk\PIC_code\BP USB code\Firmware\main.c
         ToSendDataBuffer   0x000276       data     extern C:\Users\Domingos\Documents\BP-EWH project Google Code\trunk\PIC_code\BP USB code\Firmware\main.c
                     UEP0   0x000f53       data     extern C:\MCC18\v3_39\src\traditional\proc\p18F14K50.asm
                 UEP0bits   0x000f53       data     extern C:\MCC18\v3_39\src\traditional\proc\p18F14K50.asm
                     UEP1   0x000f54       data     extern C:\MCC18\v3_39\src\traditional\proc\p18F14K50.asm
                 UEP1bits   0x000f54       data     extern C:\MCC18\v3_39\src\traditional\proc\p18F14K50.asm
                 UEP2bits   0x000f55       data     extern C:\MCC18\v3_39\src\traditional\proc\p18F14K50.asm
                     UEP2   0x000f55       data     extern C:\MCC18\v3_39\src\traditional\proc\p18F14K50.asm
                     UEP3   0x000f56       data     extern C:\MCC18\v3_39\src\traditional\proc\p18F14K50.asm
                 UEP3bits   0x000f56       data     extern C:\MCC18\v3_39\src\traditional\proc\p18F14K50.asm
                     UEP4   0x000f57       data     extern C:\MCC18\v3_39\src\traditional\proc\p18F14K50.asm
                 UEP4bits   0x000f57       data     extern C:\MCC18\v3_39\src\traditional\proc\p18F14K50.asm
                     UEP5   0x000f58       data     extern C:\MCC18\v3_39\src\traditional\proc\p18F14K50.asm
                 UEP5bits   0x000f58       data     extern C:\MCC18\v3_39\src\traditional\proc\p18F14K50.asm
                     UEP6   0x000f59       data     extern C:\MCC18\v3_39\src\traditional\proc\p18F14K50.asm
                 UEP6bits   0x000f59       data     extern C:\MCC18\v3_39\src\traditional\proc\p18F14K50.asm
                     UEP7   0x000f5a       data     extern C:\MCC18\v3_39\src\traditional\proc\p18F14K50.asm
                 UEP7bits   0x000f5a       data     extern C:\MCC18\v3_39\src\traditional\proc\p18F14K50.asm
                 UEIEbits   0x000f5b       data     extern C:\MCC18\v3_39\src\traditional\proc\p18F14K50.asm
                     UEIE   0x000f5b       data     extern C:\MCC18\v3_39\src\traditional\proc\p18F14K50.asm
                    UADDR   0x000f5c       data     extern C:\MCC18\v3_39\src\traditional\proc\p18F14K50.asm
                UADDRbits   0x000f5c       data     extern C:\MCC18\v3_39\src\traditional\proc\p18F14K50.asm
                    UFRML   0x000f5d       data     extern C:\MCC18\v3_39\src\traditional\proc\p18F14K50.asm
[...]
                 IOCAbits   0x000f79       data     extern C:\MCC18\v3_39\src\traditional\proc\p18F14K50.asm
                     IOCA   0x000f79       data     extern C:\MCC18\v3_39\src\traditional\proc\p18F14K50.asm
                     IOCB   0x000f7a       data     extern C:\MCC18\v3_39\src\traditional\proc\p18F14K50.asm
                 IOCBbits   0x000f7a       data     extern C:\MCC18\v3_39\src\traditional\proc\p18F14K50.asm
                ANSELbits   0x000f7e       data     extern C:\MCC18\v3_39\src\traditional\proc\p18F14K50.asm
                    ANSEL   0x000f7e       data     extern C:\MCC18\v3_39\src\traditional\proc\p18F14K50.asm
               ANSELHbits   0x000f7f       data     extern C:\MCC18\v3_39\src\traditional\proc\p18F14K50.asm
                   ANSELH   0x000f7f       data     extern C:\MCC18\v3_39\src\traditional\proc\p18F14K50.asm
                    PORTA   0x000f80       data     extern C:\MCC18\v3_39\src\traditional\proc\p18F14K50.asm
                PORTAbits   0x000f80       data     extern C:\MCC18\v3_39\src\traditional\proc\p18F14K50.asm
                    PORTB   0x000f81       data     extern C:\MCC18\v3_39\src\traditional\proc\p18F14K50.asm
                PORTBbits   0x000f81       data     extern C:\MCC18\v3_39\src\traditional\proc\p18F14K50.asm
                PORTCbits   0x000f82       data     extern C:\MCC18\v3_39\src\traditional\proc\p18F14K50.asm
                    PORTC   0x000f82       data     extern C:\MCC18\v3_39\src\traditional\proc\p18F14K50.asm
                     LATA   0x000f89       data     extern C:\MCC18\v3_39\src\traditional\proc\p18F14K50.asm
                 LATAbits   0x000f89       data     extern C:\MCC18\v3_39\src\traditional\proc\p18F14K50.asm
                     LATB   0x000f8a       data     extern C:\MCC18\v3_39\src\traditional\proc\p18F14K50.asm
                 LATBbits   0x000f8a       data     extern C:\MCC18\v3_39\src\traditional\proc\p18F14K50.asm
                 LATCbits   0x000f8b       data     extern C:\MCC18\v3_39\src\traditional\proc\p18F14K50.asm
                     LATC   0x000f8b       data     extern C:\MCC18\v3_39\src\traditional\proc\p18F14K50.asm
                    TRISA   0x000f92       data     extern C:\MCC18\v3_39\src\traditional\proc\p18F14K50.asm
                TRISAbits   0x000f92       data     extern C:\MCC18\v3_39\src\traditional\proc\p18F14K50.asm
                 DDRAbits   0x000f92       data     extern C:\MCC18\v3_39\src\traditional\proc\p18F14K50.asm
                     DDRA   0x000f92       data     extern C:\MCC18\v3_39\src\traditional\proc\p18F14K50.asm
                    TRISB   0x000f93       data     extern C:\MCC18\v3_39\src\traditional\proc\p18F14K50.asm
                 DDRBbits   0x000f93       data     extern C:\MCC18\v3_39\src\traditional\proc\p18F14K50.asm
                     DDRB   0x000f93       data     extern C:\MCC18\v3_39\src\traditional\proc\p18F14K50.asm
                TRISBbits   0x000f93       data     extern C:\MCC18\v3_39\src\traditional\proc\p18F14K50.asm
                 DDRCbits   0x000f94       data     extern C:\MCC18\v3_39\src\traditional\proc\p18F14K50.asm
                     DDRC   0x000f94       data     extern C:\MCC18\v3_39\src\traditional\proc\p18F14K50.asm
                    TRISC   0x000f94       data     extern C:\MCC18\v3_39\src\traditional\proc\p18F14K50.asm
                TRISCbits   0x000f94       data     extern C:\MCC18\v3_39\src\traditional\proc\p18F14K50.asm
                  OSCTUNE   0x000f9b       data     extern C:\MCC18\v3_39\src\traditional\proc\p18F14K50.asm
              OSCTUNEbits   0x000f9b       data     extern C:\MCC18\v3_39\src\traditional\proc\p18F14K50.asm
                     PIE1   0x000f9d       data     extern C:\MCC18\v3_39\src\traditional\proc\p18F14K50.asm
                 PIE1bits   0x000f9d       data     extern C:\MCC18\v3_39\src\traditional\proc\p18F14K50.asm
                     PIR1   0x000f9e       data     extern C:\MCC18\v3_39\src\traditional\proc\p18F14K50.asm
                 PIR1bits   0x000f9e       data     extern C:\MCC18\v3_39\src\traditional\proc\p18F14K50.asm
                 IPR1bits   0x000f9f       data     extern C:\MCC18\v3_39\src\traditional\proc\p18F14K50.asm
                     IPR1   0x000f9f       data     extern C:\MCC18\v3_39\src\traditional\proc\p18F14K50.asm
                 PIE2bits   0x000fa0       data     extern C:\MCC18\v3_39\src\traditional\proc\p18F14K50.asm
                     PIE2   0x000fa0       data     extern C:\MCC18\v3_39\src\traditional\proc\p18F14K50.asm
                     PIR2   0x000fa1       data     extern C:\MCC18\v3_39\src\traditional\proc\p18F14K50.asm
                 PIR2bits   0x000fa1       data     extern C:\MCC18\v3_39\src\traditional\proc\p18F14K50.asm
                     IPR2   0x000fa2       data     extern C:\MCC18\v3_39\src\traditional\proc\p18F14K50.asm
                 IPR2bits   0x000fa2       data     extern C:\MCC18\v3_39\src\traditional\proc\p18F14K50.asm
                   EECON1   0x000fa6       data     extern C:\MCC18\v3_39\src\traditional\proc\p18F14K50.asm
               EECON1bits   0x000fa6       data     extern C:\MCC18\v3_39\src\traditional\proc\p18F14K50.asm
                   EECON2   0x000fa7       data     extern C:\MCC18\v3_39\src\traditional\proc\p18F14K50.asm
                   EEDATA   0x000fa8       data     extern C:\MCC18\v3_39\src\traditional\proc\p18F14K50.asm
                    EEADR   0x000fa9       data     extern C:\MCC18\v3_39\src\traditional\proc\p18F14K50.asm
                EEADRbits   0x000fa9       data     extern C:\MCC18\v3_39\src\traditional\proc\p18F14K50.asm
                RCSTAbits   0x000fab       data     extern C:\MCC18\v3_39\src\traditional\proc\p18F14K50.asm
                    RCSTA   0x000fab       data     extern C:\MCC18\v3_39\src\traditional\proc\p18F14K50.asm
                TXSTAbits   0x000fac       data     extern C:\MCC18\v3_39\src\traditional\proc\p18F14K50.asm
                    TXSTA   0x000fac       data     extern C:\MCC18\v3_39\src\traditional\proc\p18F14K50.asm
                    TXREG   0x000fad       data     extern C:\MCC18\v3_39\src\traditional\proc\p18F14K50.asm
                    RCREG   0x000fae       data     extern C:\MCC18\v3_39\src\traditional\proc\p18F14K50.asm
                    SPBRG   0x000faf       data     extern C:\MCC18\v3_39\src\traditional\proc\p18F14K50.asm
                   SPBRGH   0x000fb0       data     extern C:\MCC18\v3_39\src\traditional\proc\p18F14K50.asm
                T3CONbits   0x000fb1       data     extern C:\MCC18\v3_39\src\traditional\proc\p18F14K50.asm
                    T3CON   0x000fb1       data     extern C:\MCC18\v3_39\src\traditional\proc\p18F14K50.asm
                    TMR3L   0x000fb2       data     extern C:\MCC18\v3_39\src\traditional\proc\p18F14K50.asm
                    TMR3H   0x000fb3       data     extern C:\MCC18\v3_39\src\traditional\proc\p18F14K50.asm
              ECCP1ASbits   0x000fb6       data     extern C:\MCC18\v3_39\src\traditional\proc\p18F14K50.asm
                  ECCP1AS   0x000fb6       data     extern C:\MCC18\v3_39\src\traditional\proc\p18F14K50.asm
              PWM1CONbits   0x000fb7       data     extern C:\MCC18\v3_39\src\traditional\proc\p18F14K50.asm
                  PWM1CON   0x000fb7       data     extern C:\MCC18\v3_39\src\traditional\proc\p18F14K50.asm
              BAUDCTLbits   0x000fb8       data     extern C:\MCC18\v3_39\src\traditional\proc\p18F14K50.asm
                  BAUDCTL   0x000fb8       data     extern C:\MCC18\v3_39\src\traditional\proc\p18F14K50.asm
              BAUDCONbits   0x000fb8       data     extern C:\MCC18\v3_39\src\traditional\proc\p18F14K50.asm
                  BAUDCON   0x000fb8       data     extern C:\MCC18\v3_39\src\traditional\proc\p18F14K50.asm
              PSTRCONbits   0x000fb9       data     extern C:\MCC18\v3_39\src\traditional\proc\p18F14K50.asm
                  PSTRCON   0x000fb9       data     extern C:\MCC18\v3_39\src\traditional\proc\p18F14K50.asm
                  REFCON0   0x000fba       data     extern C:\MCC18\v3_39\src\traditional\proc\p18F14K50.asm
              REFCON0bits   0x000fba       data     extern C:\MCC18\v3_39\src\traditional\proc\p18F14K50.asm
                 VREFCON0   0x000fba       data     extern C:\MCC18\v3_39\src\traditional\proc\p18F14K50.asm
             VREFCON0bits   0x000fba       data     extern C:\MCC18\v3_39\src\traditional\proc\p18F14K50.asm
                 VREFCON1   0x000fbb       data     extern C:\MCC18\v3_39\src\traditional\proc\p18F14K50.asm
             VREFCON1bits   0x000fbb       data     extern C:\MCC18\v3_39\src\traditional\proc\p18F14K50.asm
                  REFCON1   0x000fbb       data     extern C:\MCC18\v3_39\src\traditional\proc\p18F14K50.asm
              REFCON1bits   0x000fbb       data     extern C:\MCC18\v3_39\src\traditional\proc\p18F14K50.asm
                 VREFCON2   0x000fbc       data     extern C:\MCC18\v3_39\src\traditional\proc\p18F14K50.asm
             VREFCON2bits   0x000fbc       data     extern C:\MCC18\v3_39\src\traditional\proc\p18F14K50.asm
                  REFCON2   0x000fbc       data     extern C:\MCC18\v3_39\src\traditional\proc\p18F14K50.asm
              REFCON2bits   0x000fbc       data     extern C:\MCC18\v3_39\src\traditional\proc\p18F14K50.asm
              CCP1CONbits   0x000fbd       data     extern C:\MCC18\v3_39\src\traditional\proc\p18F14K50.asm
                  CCP1CON   0x000fbd       data     extern C:\MCC18\v3_39\src\traditional\proc\p18F14K50.asm
                    CCPR1   0x000fbe       data     extern C:\MCC18\v3_39\src\traditional\proc\p18F14K50.asm
                   CCPR1L   0x000fbe       data     extern C:\MCC18\v3_39\src\traditional\proc\p18F14K50.asm
                   CCPR1H   0x000fbf       data     extern C:\MCC18\v3_39\src\traditional\proc\p18F14K50.asm
               ADCON2bits   0x000fc0       data     extern C:\MCC18\v3_39\src\traditional\proc\p18F14K50.asm
                   ADCON2   0x000fc0       data     extern C:\MCC18\v3_39\src\traditional\proc\p18F14K50.asm
               ADCON1bits   0x000fc1       data     extern C:\MCC18\v3_39\src\traditional\proc\p18F14K50.asm
                   ADCON1   0x000fc1       data     extern C:\MCC18\v3_39\src\traditional\proc\p18F14K50.asm
                   ADCON0   0x000fc2       data     extern C:\MCC18\v3_39\src\traditional\proc\p18F14K50.asm
               ADCON0bits   0x000fc2       data     extern C:\MCC18\v3_39\src\traditional\proc\p18F14K50.asm
                    ADRES   0x000fc3       data     extern C:\MCC18\v3_39\src\traditional\proc\p18F14K50.asm
                   ADRESL   0x000fc3       data     extern C:\MCC18\v3_39\src\traditional\proc\p18F14K50.asm
                   ADRESH   0x000fc4       data     extern C:\MCC18\v3_39\src\traditional\proc\p18F14K50.asm
                  SSPCON2   0x000fc5       data     extern C:\MCC18\v3_39\src\traditional\proc\p18F14K50.asm
              SSPCON2bits   0x000fc5       data     extern C:\MCC18\v3_39\src\traditional\proc\p18F14K50.asm
                  SSPCON1   0x000fc6       data     extern C:\MCC18\v3_39\src\traditional\proc\p18F14K50.asm
              SSPCON1bits   0x000fc6       data     extern C:\MCC18\v3_39\src\traditional\proc\p18F14K50.asm
                  SSPSTAT   0x000fc7       data     extern C:\MCC18\v3_39\src\traditional\proc\p18F14K50.asm
              SSPSTATbits   0x000fc7       data     extern C:\MCC18\v3_39\src\traditional\proc\p18F14K50.asm
                   SSPADD   0x000fc8       data     extern C:\MCC18\v3_39\src\traditional\proc\p18F14K50.asm
                   SSPBUF   0x000fc9       data     extern C:\MCC18\v3_39\src\traditional\proc\p18F14K50.asm
                T2CONbits   0x000fca       data     extern C:\MCC18\v3_39\src\traditional\proc\p18F14K50.asm
                    T2CON   0x000fca       data     extern C:\MCC18\v3_39\src\traditional\proc\p18F14K50.asm
                      PR2   0x000fcb       data     extern C:\MCC18\v3_39\src\traditional\proc\p18F14K50.asm
                     TMR2   0x000fcc       data     extern C:\MCC18\v3_39\src\traditional\proc\p18F14K50.asm
                T1CONbits   0x000fcd       data     extern C:\MCC18\v3_39\src\traditional\proc\p18F14K50.asm
                    T1CON   0x000fcd       data     extern C:\MCC18\v3_39\src\traditional\proc\p18F14K50.asm
                    TMR1L   0x000fce       data     extern C:\MCC18\v3_39\src\traditional\proc\p18F14K50.asm
                    TMR1H   0x000fcf       data     extern C:\MCC18\v3_39\src\traditional\proc\p18F14K50.asm
                     RCON   0x000fd0       data     extern C:\MCC18\v3_39\src\traditional\proc\p18F14K50.asm
                 RCONbits   0x000fd0       data     extern C:\MCC18\v3_39\src\traditional\proc\p18F14K50.asm
                   WDTCON   0x000fd1       data     extern C:\MCC18\v3_39\src\traditional\proc\p18F14K50.asm
               WDTCONbits   0x000fd1       data     extern C:\MCC18\v3_39\src\traditional\proc\p18F14K50.asm
                  OSCCON2   0x000fd2       data     extern C:\MCC18\v3_39\src\traditional\proc\p18F14K50.asm
              OSCCON2bits   0x000fd2       data     extern C:\MCC18\v3_39\src\traditional\proc\p18F14K50.asm
                   OSCCON   0x000fd3       data     extern C:\MCC18\v3_39\src\traditional\proc\p18F14K50.asm
               OSCCONbits   0x000fd3       data     extern C:\MCC18\v3_39\src\traditional\proc\p18F14K50.asm
                    T0CON   0x000fd5       data     extern C:\MCC18\v3_39\src\traditional\proc\p18F14K50.asm
                T0CONbits   0x000fd5       data     extern C:\MCC18\v3_39\src\traditional\proc\p18F14K50.asm
                    TMR0L   0x000fd6       data     extern C:\MCC18\v3_39\src\traditional\proc\p18F14K50.asm
                    TMR0H   0x000fd7       data     extern C:\MCC18\v3_39\src\traditional\proc\p18F14K50.asm
                   STATUS   0x000fd8       data     extern C:\MCC18\v3_39\src\traditional\proc\p18F14K50.asm
               STATUSbits   0x000fd8       data     extern C:\MCC18\v3_39\src\traditional\proc\p18F14K50.asm
                    FSR2L   0x000fd9       data     extern C:\MCC18\v3_39\src\traditional\proc\p18F14K50.asm
                     FSR2   0x000fd9       data     extern C:\MCC18\v3_39\src\traditional\proc\p18F14K50.asm
                    FSR2H   0x000fda       data     extern C:\MCC18\v3_39\src\traditional\proc\p18F14K50.asm
                   PLUSW2   0x000fdb       data     extern C:\MCC18\v3_39\src\traditional\proc\p18F14K50.asm
                  PREINC2   0x000fdc       data     extern C:\MCC18\v3_39\src\traditional\proc\p18F14K50.asm
                 POSTDEC2   0x000fdd       data     extern C:\MCC18\v3_39\src\traditional\proc\p18F14K50.asm
                 POSTINC2   0x000fde       data     extern C:\MCC18\v3_39\src\traditional\proc\p18F14K50.asm
                    INDF2   0x000fdf       data     extern C:\MCC18\v3_39\src\traditional\proc\p18F14K50.asm
                      BSR   0x000fe0       data     extern C:\MCC18\v3_39\src\traditional\proc\p18F14K50.asm
                     FSR1   0x000fe1       data     extern C:\MCC18\v3_39\src\traditional\proc\p18F14K50.asm
                    FSR1L   0x000fe1       data     extern C:\MCC18\v3_39\src\traditional\proc\p18F14K50.asm
                    FSR1H   0x000fe2       data     extern C:\MCC18\v3_39\src\traditional\proc\p18F14K50.asm
                   PLUSW1   0x000fe3       data     extern C:\MCC18\v3_39\src\traditional\proc\p18F14K50.asm
                  PREINC1   0x000fe4       data     extern C:\MCC18\v3_39\src\traditional\proc\p18F14K50.asm
                 POSTDEC1   0x000fe5       data     extern C:\MCC18\v3_39\src\traditional\proc\p18F14K50.asm
                 POSTINC1   0x000fe6       data     extern C:\MCC18\v3_39\src\traditional\proc\p18F14K50.asm
                    INDF1   0x000fe7       data     extern C:\MCC18\v3_39\src\traditional\proc\p18F14K50.asm
                     WREG   0x000fe8       data     extern C:\MCC18\v3_39\src\traditional\proc\p18F14K50.asm
                        W   0x000fe8       data     extern C:\MCC18\v3_39\src\traditional\proc\p18F14K50.asm
                     FSR0   0x000fe9       data     extern C:\MCC18\v3_39\src\traditional\proc\p18F14K50.asm
                    FSR0L   0x000fe9       data     extern C:\MCC18\v3_39\src\traditional\proc\p18F14K50.asm
                    FSR0H   0x000fea       data     extern C:\MCC18\v3_39\src\traditional\proc\p18F14K50.asm
                   PLUSW0   0x000feb       data     extern C:\MCC18\v3_39\src\traditional\proc\p18F14K50.asm
                  PREINC0   0x000fec       data     extern C:\MCC18\v3_39\src\traditional\proc\p18F14K50.asm
                 POSTDEC0   0x000fed       data     extern C:\MCC18\v3_39\src\traditional\proc\p18F14K50.asm
                 POSTINC0   0x000fee       data     extern C:\MCC18\v3_39\src\traditional\proc\p18F14K50.asm
                    INDF0   0x000fef       data     extern C:\MCC18\v3_39\src\traditional\proc\p18F14K50.asm
              INTCON3bits   0x000ff0       data     extern C:\MCC18\v3_39\src\traditional\proc\p18F14K50.asm
                  INTCON3   0x000ff0       data     extern C:\MCC18\v3_39\src\traditional\proc\p18F14K50.asm
              INTCON2bits   0x000ff1       data     extern C:\MCC18\v3_39\src\traditional\proc\p18F14K50.asm
                  INTCON2   0x000ff1       data     extern C:\MCC18\v3_39\src\traditional\proc\p18F14K50.asm
                   INTCON   0x000ff2       data     extern C:\MCC18\v3_39\src\traditional\proc\p18F14K50.asm
               INTCONbits   0x000ff2       data     extern C:\MCC18\v3_39\src\traditional\proc\p18F14K50.asm
                     PROD   0x000ff3       data     extern C:\MCC18\v3_39\src\traditional\proc\p18F14K50.asm
                    PRODL   0x000ff3       data     extern C:\MCC18\v3_39\src\traditional\proc\p18F14K50.asm
                    PRODH   0x000ff4       data     extern C:\MCC18\v3_39\src\traditional\proc\p18F14K50.asm
                   TABLAT   0x000ff5       data     extern C:\MCC18\v3_39\src\traditional\proc\p18F14K50.asm
                  TBLPTRL   0x000ff6       data     extern C:\MCC18\v3_39\src\traditional\proc\p18F14K50.asm
                   TBLPTR   0x000ff6       data     extern C:\MCC18\v3_39\src\traditional\proc\p18F14K50.asm
                  TBLPTRH   0x000ff7       data     extern C:\MCC18\v3_39\src\traditional\proc\p18F14K50.asm
                  TBLPTRU   0x000ff8       data     extern C:\MCC18\v3_39\src\traditional\proc\p18F14K50.asm
                      PCL   0x000ff9       data     extern C:\MCC18\v3_39\src\traditional\proc\p18F14K50.asm
                       PC   0x000ff9       data     extern C:\MCC18\v3_39\src\traditional\proc\p18F14K50.asm
                   PCLATH   0x000ffa       data     extern C:\MCC18\v3_39\src\traditional\proc\p18F14K50.asm
                   PCLATU   0x000ffb       data     extern C:\MCC18\v3_39\src\traditional\proc\p18F14K50.asm
                   STKPTR   0x000ffc       data     extern C:\MCC18\v3_39\src\traditional\proc\p18F14K50.asm
               STKPTRbits   0x000ffc       data     extern C:\MCC18\v3_39\src\traditional\proc\p18F14K50.asm
                      TOS   0x000ffd       data     extern C:\MCC18\v3_39\src\traditional\proc\p18F14K50.asm
                     TOSL   0x000ffd       data     extern C:\MCC18\v3_39\src\traditional\proc\p18F14K50.asm
                     TOSH   0x000ffe       data     extern C:\MCC18\v3_39\src\traditional\proc\p18F14K50.asm
                     TOSU   0x000fff       data     extern C:\MCC18\v3_39\src\traditional\proc\p18F14K50.asm


